 PhysXCooking_64

 Timestamp is 5fbc1c3f (Mon Nov 23 15:31:59 2020)

 Preferred load address is 0000000180000000

 Start         Length     Name                   Class
 0001:00000000 000003c0H .text$di                CODE
 0001:000003c0 0002e510H .text$mn                CODE
 0001:0002e8d0 00000012H .text$mn$00             CODE
 0001:0002e8e2 00000092H .text$x                 CODE
 0002:00000000 000001c8H .idata$5                DATA
 0002:000001c8 00000010H .00cfg                  DATA
 0002:000001d8 00000008H .CRT$XCA                DATA
 0002:000001e0 000001e0H .CRT$XCU                DATA
 0002:000003c0 00000008H .CRT$XCZ                DATA
 0002:000003c8 00000008H .CRT$XIA                DATA
 0002:000003d0 00000008H .CRT$XIZ                DATA
 0002:000003d8 00000008H .CRT$XPA                DATA
 0002:000003e0 00000008H .CRT$XPZ                DATA
 0002:000003e8 00000008H .CRT$XTA                DATA
 0002:000003f0 00000010H .CRT$XTZ                DATA
 0002:000003f8 00000000H .gfids$y                DATA
 0002:00000400 00002198H .rdata                  DATA
 0002:00002598 00000074H .rdata$r                DATA
 0002:0000260c 0000038cH .rdata$zzzdbg           DATA
 0002:00002998 00000008H .rtc$IAA                DATA
 0002:000029a0 00000008H .rtc$IZZ                DATA
 0002:000029a8 00000008H .rtc$TAA                DATA
 0002:000029b0 00000008H .rtc$TZZ                DATA
 0002:000029b8 000039b0H .xdata                  DATA
 0002:00006368 00000040H .didat$2                DATA
 0002:000063a8 00000020H .didat$3                DATA
 0002:000063c8 000001c0H .didat$4                DATA
 0002:00006588 00000ac0H .didat$6                DATA
 0002:00007048 000001c8H .didat$7                DATA
 0002:00007210 00001d34H .edata                  DATA
 0002:00008f44 00000078H .idata$2                DATA
 0002:00008fbc 00000014H .idata$3                DATA
 0002:00008fd0 000001c8H .idata$4                DATA
 0002:00009198 00000476H .idata$6                DATA
 0003:00000000 00000068H .data                   DATA
 0003:00000068 00000328H .data$r                 DATA
 0003:00000390 000001c0H .didat$5                DATA
 0003:00000550 00000490H .bss                    DATA
 0004:00000000 000022b0H .pdata                  DATA
 0005:00000000 00002208H _RDATA                  DATA
 0006:00000000 000000a0H .rsrc$01                DATA
 0006:000000a0 000004b0H .rsrc$02                DATA

  Address         Publics by Value              Rva+Base               Lib:Object

 0000:00000000       __guard_iat_count          0000000000000000     <absolute>
 0000:00000000       __AbsoluteZero             0000000000000000     <absolute>
 0000:00000000       __guard_fids_count         0000000000000000     <absolute>
 0000:00000000       ___safe_se_handler_count   0000000000000000     <absolute>
 0000:00000000       __volatile_metadata        0000000000000000     <absolute>
 0000:00000000       __hybrid_code_map_count    0000000000000000     <absolute>
 0000:00000000       __guard_fids_table         0000000000000000     <absolute>
 0000:00000000       __dynamic_value_reloc_table 0000000000000000     <absolute>
 0000:00000000       __guard_iat_table          0000000000000000     <absolute>
 0000:00000000       __guard_longjmp_count      0000000000000000     <absolute>
 0000:00000000       __guard_longjmp_table      0000000000000000     <absolute>
 0000:00000000       __hybrid_auxiliary_iat     0000000000000000     <absolute>
 0000:00000000       ___safe_se_handler_table   0000000000000000     <absolute>
 0000:00000000       __enclave_config           0000000000000000     <absolute>
 0000:00000000       __hybrid_code_map          0000000000000000     <absolute>
 0000:00000100       __guard_flags              0000000000000100     <absolute>
 0000:00000000       __ImageBase                0000000180000000     <linker-defined>
 0001:000003c0       ?ComputeNbBoundaryEdges@AdjTriangle@physx@@QEBAIXZ 00000001800013c0 f   Adjacencies.obj
 0001:00000410       ?ComputeNbNeighbors@AdjTriangle@physx@@QEBAIXZ 0000000180001410 f   Adjacencies.obj
 0001:00000460       ?HasNeighbor@AdjTriangle@physx@@QEBA_NIPEAI@Z 0000000180001460 f   Adjacencies.obj
 0001:000004d0       ?Flip@AdjTriangle@physx@@QEAAXXZ 00000001800014d0 f   Adjacencies.obj
 0001:000004f0       ??0Adjacencies@physx@@QEAA@XZ 00000001800014f0 f   Adjacencies.obj
 0001:00000510       ??1Adjacencies@physx@@QEAA@XZ 0000000180001510 f   Adjacencies.obj
 0001:00000580       ?Load@Adjacencies@physx@@QEAA_NAEAVPxInputStream@2@@Z 0000000180001580 f   Adjacencies.obj
 0001:00000660       ?ComputeNbBoundaryEdges@Adjacencies@physx@@QEBAIXZ 0000000180001660 f   Adjacencies.obj
 0001:000006e0       ?GetBoundaryVertices@Adjacencies@physx@@QEBA_NIPEA_NPEBU?$TriangleT@I@Gu@2@@Z 00000001800016e0 f   Adjacencies.obj
 0001:00000850       ?MakeLastRef@Adjacencies@physx@@QEAA_NAEAVAdjTriangle@2@IPEAU?$TriangleT@I@Gu@2@@Z 0000000180001850 f   Adjacencies.obj
 0001:00000aa0       ?AssignNewEdgeCode@Adjacencies@physx@@AEAAXIE@Z 0000000180001aa0 f   Adjacencies.obj
 0001:00000af0       ??0AdjacenciesBuilder@physx@@QEAA@XZ 0000000180001af0 f   Adjacencies.obj
 0001:00000b10       ??1AdjacenciesBuilder@physx@@QEAA@XZ 0000000180001b10 f   Adjacencies.obj
 0001:00000b20       ?Init@AdjacenciesBuilder@physx@@QEAA_NAEBUADJACENCIESCREATE@2@@Z 0000000180001b20 f   Adjacencies.obj
 0001:00000ea0       ??$?_UV?$ReflectionAllocator@VAdjTriangle@physx@@@shdfnd@physx@@@UserAllocated@shdfnd@physx@@SAPEAX_KV?$ReflectionAllocator@VAdjTriangle@physx@@@12@PEBDH@Z 0000000180001ea0 f i Adjacencies.obj
 0001:00000f40       ??0AdjEdge@@QEAA@XZ        0000000180001f40 f i Adjacencies.obj
 0001:00000f50       ??0AdjTriangle@physx@@QEAA@XZ 0000000180001f50 f i Adjacencies.obj
 0001:00000f60       ??0Allocator@shdfnd@physx@@QEAA@PEBD@Z 0000000180001f60 f i Adjacencies.obj
 0001:00000f70       ??0PxFoundation@physx@@QEAA@AEBV01@@Z 0000000180001f70 f i Adjacencies.obj
 0001:00000f80       ??0PxFoundation@physx@@QEAA@XZ 0000000180001f80 f i Adjacencies.obj
 0001:00000f90       ??1AdjEdge@@QEAA@XZ        0000000180001f90 f i Adjacencies.obj
 0001:00000fa0       ??1AdjTriangle@physx@@QEAA@XZ 0000000180001fa0 f i Adjacencies.obj
 0001:00000fb0       ??1PxFoundation@physx@@MEAA@XZ 0000000180001fb0 f i Adjacencies.obj
 0001:00000fc0       ??4Allocator@shdfnd@physx@@QEAAAEAV012@$$QEAV012@@Z 0000000180001fc0 f i Adjacencies.obj
 0001:00000fd0       ??4Allocator@shdfnd@physx@@QEAAAEAV012@AEBV012@@Z 0000000180001fd0 f i Adjacencies.obj
 0001:00000fe0       ??4MutexImpl@shdfnd@physx@@QEAAAEAV012@AEBV012@@Z 0000000180001fe0 f i Adjacencies.obj
 0001:00000ff0       ??4PxFoundation@physx@@QEAAAEAV01@AEBV01@@Z 0000000180001ff0 f i Adjacencies.obj
 0001:00001000       ??_EAdjEdge@@QEAAPEAXI@Z   0000000180002000 f i Adjacencies.obj
 0001:00001080       ??_EAdjTriangle@physx@@QEAAPEAXI@Z 0000000180002080 f i Adjacencies.obj
 0001:00001100       ??_EPxFoundation@physx@@MEAAPEAXI@Z 0000000180002100 f i Adjacencies.obj
 0001:00001190       ??_FAllocator@shdfnd@physx@@QEAAXXZ 0000000180002190 f i Adjacencies.obj
 0001:000011a0       ??_FNamedAllocator@shdfnd@physx@@QEAAXXZ 00000001800021a0 f i Adjacencies.obj
 0001:000011b0       ??_GPxFoundation@physx@@MEAAPEAXI@Z 00000001800021b0 f i Adjacencies.obj
 0001:000011e0       ??_H@YAXPEAX_K1P6APEAX0@Z@Z 00000001800021e0 f i Adjacencies.obj
 0001:00001230       ??_I@YAXPEAX_K1P6AX0@Z@Z   0000000180002230 f i Adjacencies.obj
 0001:000014f0       ?GetNbHits@RadixSort@Cm@physx@@QEBAIXZ 00000001800024f0 f i Adjacencies.obj
 0001:00001500       ?GetNbTotalCalls@RadixSort@Cm@physx@@QEBAIXZ 0000000180002500 f i Adjacencies.obj
 0001:00001510       ?GetRanks@RadixSort@Cm@physx@@QEBAPEBIXZ 0000000180002510 f i Adjacencies.obj
 0001:00001520       ?GetRecyclable@RadixSort@Cm@physx@@QEBAPEAIXZ 0000000180002520 f i Adjacencies.obj
 0001:00001770       ?__empty_global_delete@@YAXPEAX@Z 0000000180002770 f i Adjacencies.obj
 0001:00001780       ?__empty_global_delete@@YAXPEAX_K@Z 0000000180002780 f i Adjacencies.obj
 0001:00001790       ?getAllocator@Foundation@shdfnd@physx@@QEAAAEAVPxAllocatorCallback@3@XZ 0000000180002790 f i Adjacencies.obj
 0001:000017a0       ?getAllocatorCallback@Foundation@shdfnd@physx@@UEAAAEAVPxAllocatorCallback@3@XZ 00000001800027a0 f i Adjacencies.obj
 0001:000017b0       ?getErrorCallback@Foundation@shdfnd@physx@@UEAAAEAVPxErrorCallback@3@XZ 00000001800027b0 f i Adjacencies.obj
 0001:000017c0       ?getErrorLevel@Foundation@shdfnd@physx@@UEBA?AW4Enum@PxErrorCode@3@XZ 00000001800027c0 f i Adjacencies.obj
 0001:000017d0       ?getInternalErrorCallback@Foundation@shdfnd@physx@@QEAAAEAVPxErrorCallback@3@XZ 00000001800027d0 f i Adjacencies.obj
 0001:000017e0       ?getNamedAllocMap@Foundation@shdfnd@physx@@QEAAAEAV?$HashMap@PEBVNamedAllocator@shdfnd@physx@@PEBDU?$Hash@PEBVNamedAllocator@shdfnd@physx@@@23@VNonTrackingAllocator@23@@23@XZ 00000001800027e0 f i Adjacencies.obj
 0001:000017f0       ?getNamedAllocMutex@Foundation@shdfnd@physx@@QEAAAEAV?$MutexT@VAllocator@shdfnd@physx@@@23@XZ 00000001800027f0 f i Adjacencies.obj
 0001:00001800       ?getReportAllocationNames@Foundation@shdfnd@physx@@UEBA_NXZ 0000000180002800 f i Adjacencies.obj
 0001:00001810       ?getTempAllocFreeTable@Foundation@shdfnd@physx@@QEAAAEAV?$Array@PEATTempAllocatorChunk@shdfnd@physx@@VAllocator@23@@23@XZ 0000000180002810 f i Adjacencies.obj
 0001:00001820       ?getTempAllocMutex@Foundation@shdfnd@physx@@QEAAAEAV?$MutexT@VAllocator@shdfnd@physx@@@23@XZ 0000000180002820 f i Adjacencies.obj
 0001:00001830       ?invalidateRanks@RadixSort@Cm@physx@@QEAAXXZ 0000000180002830 f i Adjacencies.obj
 0001:00001840       ?setErrorLevel@Foundation@shdfnd@physx@@UEAAXW4Enum@PxErrorCode@3@@Z 0000000180002840 f i Adjacencies.obj
 0001:00001850       ?setReportAllocationNames@Foundation@shdfnd@physx@@UEAAX_N@Z 0000000180002850 f i Adjacencies.obj
 0001:00001860       PxCreateCooking            0000000180002860 f   Cooking.obj
 0001:00001950       ?release@Cooking@physx@@UEAAXXZ 0000000180002950 f   Cooking.obj
 0001:00001980       ?setParams@Cooking@physx@@UEAAXAEBUPxCookingParams@2@@Z 0000000180002980 f   Cooking.obj
 0001:000019e0       ?getParams@Cooking@physx@@UEBAAEBUPxCookingParams@2@XZ 00000001800029e0 f   Cooking.obj
 0001:000019f0       ?platformMismatch@Cooking@physx@@UEBA_NXZ 00000001800029f0 f   Cooking.obj
 0001:00001a00       ?cookTriangleMesh@Cooking@physx@@UEBA_NAEBVPxTriangleMeshDesc@2@AEAVPxOutputStream@2@PEAW4Enum@PxTriangleMeshCookingResult@2@@Z 0000000180002a00 f   Cooking.obj
 0001:00001b40       ?createTriangleMesh@Cooking@physx@@UEBAPEAVPxTriangleMesh@2@AEBVPxTriangleMeshDesc@2@AEAVPxPhysicsInsertionCallback@2@PEAW4Enum@PxTriangleMeshCookingResult@2@@Z 0000000180002b40 f   Cooking.obj
 0001:00001ca0       ?validateTriangleMesh@Cooking@physx@@UEBA_NAEBVPxTriangleMeshDesc@2@@Z 0000000180002ca0 f   Cooking.obj
 0001:00001db0       ?cookConvexMesh@Cooking@physx@@UEBA_NAEBVPxConvexMeshDesc@2@AEAVPxOutputStream@2@PEAW4Enum@PxConvexMeshCookingResult@2@@Z 0000000180002db0 f   Cooking.obj
 0001:00001fa0       ?createConvexMesh@Cooking@physx@@UEBAPEAVPxConvexMesh@2@AEBVPxConvexMeshDesc@2@AEAVPxPhysicsInsertionCallback@2@PEAW4Enum@PxConvexMeshCookingResult@2@@Z 0000000180002fa0 f   Cooking.obj
 0001:000021a0       ?validateConvexMesh@Cooking@physx@@UEBA_NAEBVPxConvexMeshDesc@2@@Z 00000001800031a0 f   Cooking.obj
 0001:00002210       ?computeHullPolygons@Cooking@physx@@UEBA_NAEBVPxSimpleTriangleMesh@2@AEAVPxAllocatorCallback@2@AEAIAEAPEAVPxVec3@2@2AEAPEAI2AEAPEAUPxHullPolygon@2@@Z 0000000180003210 f   Cooking.obj
 0001:000023f0       ?cookHeightField@Cooking@physx@@UEBA_NAEBVPxHeightFieldDesc@2@AEAVPxOutputStream@2@@Z 00000001800033f0 f   Cooking.obj
 0001:000024f0       ?createHeightField@Cooking@physx@@UEBAPEAVPxHeightField@2@AEBVPxHeightFieldDesc@2@AEAVPxPhysicsInsertionCallback@2@@Z 00000001800034f0 f   Cooking.obj
 0001:00002690       ?cookBVHStructure@Cooking@physx@@UEBA_NAEBVPxBVHStructureDesc@2@AEAVPxOutputStream@2@@Z 0000000180003690 f   Cooking.obj
 0001:00002770       ?createBVHStructure@Cooking@physx@@UEBAPEAVPxBVHStructure@2@AEBVPxBVHStructureDesc@2@AEAVPxPhysicsInsertionCallback@2@@Z 0000000180003770 f   Cooking.obj
 0001:00002850       ?cookConvexMeshInternal@Cooking@physx@@AEBA_NAEBVPxConvexMeshDesc@2@AEAVConvexMeshBuilder@2@PEAVConvexHullLib@2@PEAW4Enum@PxConvexMeshCookingResult@2@@Z 0000000180003850 f   Cooking.obj
 0001:00002ac0       ?cookTriangleMesh@Cooking@physx@@AEBA_NAEAVTriangleMeshBuilder@2@AEBVPxTriangleMeshDesc@2@AEAVPxOutputStream@2@PEAW4Enum@PxTriangleMeshCookingResult@2@@Z 0000000180003ac0 f   Cooking.obj
 0001:00002b60       ?createTriangleMesh@Cooking@physx@@AEBAPEAVPxTriangleMesh@2@AEAVTriangleMeshBuilder@2@AEBVPxTriangleMeshDesc@2@AEAVPxPhysicsInsertionCallback@2@PEAW4Enum@PxTriangleMeshCookingResult@2@@Z 0000000180003b60 f   Cooking.obj
 0001:00002c10       ??0DebugText@Cm@physx@@QEAA@$$QEAU012@@Z 0000000180003c10 f i Cooking.obj
 0001:00002cf0       ??0DebugText@Cm@physx@@QEAA@AEBU012@@Z 0000000180003cf0 f i Cooking.obj
 0001:00002dd0       ??0HeightFieldData@Gu@physx@@QEAA@$$QEAU012@@Z 0000000180003dd0 f i Cooking.obj
 0001:00002e30       ??0HeightFieldData@Gu@physx@@QEAA@AEBU012@@Z 0000000180003e30 f i Cooking.obj
 0001:00002e90       ??0HeightFieldData@Gu@physx@@QEAA@W4PxEMPTY@2@@Z 0000000180003e90 f i Cooking.obj
 0001:00002ea0       ??0HeightFieldData@Gu@physx@@QEAA@XZ 0000000180003ea0 f i Cooking.obj
 0001:00002eb0       ??0RenderOutput@Cm@physx@@QEAA@AEAVRenderBuffer@12@@Z 0000000180003eb0 f i Cooking.obj
 0001:00002f00       ??0RenderOutput@Cm@physx@@QEAA@AEBV012@@Z 0000000180003f00 f i Cooking.obj
 0001:00002fa0       ??1HeightFieldData@Gu@physx@@QEAA@XZ 0000000180003fa0 f i Cooking.obj
 0001:00002fb0       ??1PxBase@physx@@MEAA@XZ   0000000180003fb0 f i Cooking.obj
 0001:00002fc0       ??1PxConvexMesh@physx@@MEAA@XZ 0000000180003fc0 f i Cooking.obj
 0001:00002fd0       ??1PxCooking@physx@@MEAA@XZ 0000000180003fd0 f i Cooking.obj
 0001:00002fe0       ??1PxHeightField@physx@@MEAA@XZ 0000000180003fe0 f i Cooking.obj
 0001:00002ff0       ??4DebugText@Cm@physx@@QEAAAEAU012@$$QEAU012@@Z 0000000180003ff0 f i Cooking.obj
 0001:00003060       ??4DebugText@Cm@physx@@QEAAAEAU012@AEBU012@@Z 0000000180004060 f i Cooking.obj
 0001:000030d0       ??4FPUGuard@shdfnd@physx@@QEAAAEAV012@AEBV012@@Z 00000001800040d0 f i Cooking.obj
 0001:000030f0       ??4HeightFieldData@Gu@physx@@QEAAAEAU012@$$QEAU012@@Z 00000001800040f0 f i Cooking.obj
 0001:00003150       ??4HeightFieldData@Gu@physx@@QEAAAEAU012@AEBU012@@Z 0000000180004150 f i Cooking.obj
 0001:000031b0       ??_ECooking@physx@@UEAAPEAXI@Z 00000001800041b0 f i Cooking.obj
 0001:000031b0       ??_GCooking@physx@@UEAAPEAXI@Z 00000001800041b0 f i Cooking.obj
 0001:00003200       ??_GPxBase@physx@@MEAAPEAXI@Z 0000000180004200 f i Cooking.obj
 0001:00003200       ??_EPxBase@physx@@MEAAPEAXI@Z 0000000180004200 f i Cooking.obj
 0001:00003230       ??_EPxCooking@physx@@MEAAPEAXI@Z 0000000180004230 f i Cooking.obj
 0001:00003230       ??_GPxCooking@physx@@MEAAPEAXI@Z 0000000180004230 f i Cooking.obj
 0001:00003260       ?copy@?$Array@UPxDebugLine@physx@@VNamedAllocator@shdfnd@2@@shdfnd@physx@@KAXPEAUPxDebugLine@3@0PEBU43@@Z 0000000180004260 f i Cooking.obj
 0001:00003410       ?getConcreteTypeName@PxConvexMesh@physx@@UEBAPEBDXZ 0000000180004410 f i Cooking.obj
 0001:00003420       ?getConcreteTypeName@PxHeightField@physx@@UEBAPEBDXZ 0000000180004420 f i Cooking.obj
 0001:00003430       ?getConvexEdgeThreshold@HeightField@Gu@physx@@UEBAMXZ 0000000180004430 f i Cooking.obj
 0001:00003440       ?getFlags@HeightField@Gu@physx@@UEBA?AV?$PxFlags@W4Enum@PxHeightFieldFlag@physx@@G@3@XZ 0000000180004440 f i Cooking.obj
 0001:00003450       ?getFormat@HeightField@Gu@physx@@UEBA?AW4Enum@PxHeightFieldFormat@3@XZ 0000000180004450 f i Cooking.obj
 0001:00003460       ?getHeight@HeightField@Gu@physx@@UEBAMMM@Z 0000000180004460 f i Cooking.obj
 0001:000034a0       ?getHeightInternal2@HeightField@Gu@physx@@QEBAMIMM@Z 00000001800044a0 f i Cooking.obj
 0001:00003610       ?getIndexBuffer@ConvexMesh@Gu@physx@@UEBAPEBEXZ 0000000180004610 f i Cooking.obj
 0001:00003650       ?getNbColumns@HeightField@Gu@physx@@UEBAIXZ 0000000180004650 f i Cooking.obj
 0001:00003660       ?getNbPolygons@ConvexMesh@Gu@physx@@UEBAIXZ 0000000180004660 f i Cooking.obj
 0001:00003670       ?getNbRows@HeightField@Gu@physx@@UEBAIXZ 0000000180004670 f i Cooking.obj
 0001:00003680       ?getNbVertices@ConvexMesh@Gu@physx@@UEBAIXZ 0000000180004680 f i Cooking.obj
 0001:00003690       ?getPaddedBounds@HeightFieldData@Gu@physx@@QEBAAEBVCenterExtentsPadded@23@XZ 0000000180004690 f i Cooking.obj
 0001:000036a0       ?getSample@HeightField@Gu@physx@@UEBAAEBUPxHeightFieldSample@3@II@Z 00000001800046a0 f i Cooking.obj
 0001:000036b0       ?getSampleStride@HeightField@Gu@physx@@UEBAIXZ 00000001800046b0 f i Cooking.obj
 0001:000036c0       ?getTimestamp@HeightField@Gu@physx@@UEBAIXZ 00000001800046c0 f i Cooking.obj
 0001:000036d0       ?getTriangleMaterialIndex@HeightField@Gu@physx@@UEBAGI@Z 00000001800046d0 f i Cooking.obj
 0001:00003700       ?getTriangleNormal@HeightField@Gu@physx@@UEBA?AVPxVec3@3@I@Z 0000000180004700 f i Cooking.obj
 0001:00003800       ?getVertices@ConvexMesh@Gu@physx@@UEBAPEBVPxVec3@3@XZ 0000000180004800 f i Cooking.obj
 0001:00003820       ?isKindOf@PxBase@physx@@MEBA_NPEBD@Z 0000000180004820 f i Cooking.obj
 0001:00003850       ?isKindOf@PxConvexMesh@physx@@MEBA_NPEBD@Z 0000000180004850 f i Cooking.obj
 0001:000038a0       ?isKindOf@PxHeightField@physx@@MEBA_NPEBD@Z 00000001800048a0 f i Cooking.obj
 0001:000038f0       ?isReleasable@PxBase@physx@@UEBA_NXZ 00000001800048f0 f i Cooking.obj
 0001:00003900       ?outputSegment@RenderOutput@Cm@physx@@QEAAXAEBVPxVec3@3@0@Z 0000000180004900 f i Cooking.obj
 0001:000039c0       ?preExportDataReset@ConvexMesh@Gu@physx@@QEAAXXZ 00000001800049c0 f i Cooking.obj
 0001:000039d0       ?preExportDataReset@HeightField@Gu@physx@@QEAAXXZ 00000001800049d0 f i Cooking.obj
 0001:000039e0       ?recreate@?$Array@UPxDebugLine@physx@@VNamedAllocator@shdfnd@2@@shdfnd@physx@@IEAAXI@Z 00000001800049e0 f i Cooking.obj
 0001:00003a80       ?reserveSegments@RenderOutput@Cm@physx@@QEAAPEAUPxDebugLine@3@I@Z 0000000180004a80 f i Cooking.obj
 0001:00003af0       ??0ReducedVertexCloud@physx@@QEAA@PEBVPxVec3@1@I@Z 0000000180004af0 f   CookingUtils.obj
 0001:00003b10       ??1ReducedVertexCloud@physx@@QEAA@XZ 0000000180004b10 f   CookingUtils.obj
 0001:00003b20       ?Clean@ReducedVertexCloud@physx@@QEAAAEAV12@XZ 0000000180004b20 f   CookingUtils.obj
 0001:00003b90       ?Reduce@ReducedVertexCloud@physx@@QEAA_NPEAUREDUCEDCLOUD@2@@Z 0000000180004b90 f   CookingUtils.obj
 0001:00003ea0       ??0EdgeList@Gu@physx@@QEAA@XZ 0000000180004ea0 f   EdgeList.obj
 0001:00003ec0       ??1EdgeList@Gu@physx@@QEAA@XZ 0000000180004ec0 f   EdgeList.obj
 0001:00003f70       ?load@EdgeList@Gu@physx@@QEAA_NAEAVPxInputStream@3@@Z 0000000180004f70 f   EdgeList.obj
 0001:00004180       ??0EdgeListBuilder@Gu@physx@@QEAA@XZ 0000000180005180 f   EdgeList.obj
 0001:000041a0       ??1EdgeListBuilder@Gu@physx@@QEAA@XZ 00000001800051a0 f   EdgeList.obj
 0001:000041b0       ?init@EdgeListBuilder@Gu@physx@@QEAA_NAEBUEDGELISTCREATE@23@@Z 00000001800051b0 f   EdgeList.obj
 0001:000042f0       ?createFacesToEdges@EdgeListBuilder@Gu@physx@@AEAA_NIPEBIPEBG@Z 00000001800052f0 f   EdgeList.obj
 0001:00004750       ?createEdgesToFaces@EdgeListBuilder@Gu@physx@@AEAA_NIPEBIPEBG@Z 0000000180005750 f   EdgeList.obj
 0001:000049a0       ?computeActiveEdges@EdgeListBuilder@Gu@physx@@AEAA_NIPEBIPEBGPEBVPxVec3@3@M@Z 00000001800059a0 f   EdgeList.obj
 0001:00005fb0       ??$?_UI@@YAPEAX_KV?$ReflectionAllocator@I@shdfnd@physx@@PEBDH@Z 0000000180006fb0 f i EdgeList.obj
 0001:00006050       ??0PxVec3@physx@@QEAA@XZ   0000000180007050 f i EdgeList.obj
 0001:00006060       ??0MeshCleaner@physx@@QEAA@IPEBVPxVec3@1@IPEBIM@Z 0000000180007060 f   MeshCleaner.obj
 0001:00006a20       ??1MeshCleaner@physx@@QEAA@XZ 0000000180007a20 f   MeshCleaner.obj
 0001:00006ab0       ?createQuantizer@physx@@YAPEAVQuantizer@1@XZ 0000000180007ab0 f   Quantizer.obj
 0001:00006bd0       ?kmeans_cluster3d@@YAIPEBVPxVec3@physx@@IIPEAV12@PEAIMM@Z 0000000180007bd0 f   Quantizer.obj
 0001:00006be0       ??$kmeans_cluster@VPxVec3@physx@@M@@YAIPEBVPxVec3@physx@@IIPEAV01@PEAIMM@Z 0000000180007be0 f i Quantizer.obj
 0001:000074d0       ??1Quantizer@physx@@MEAA@XZ 00000001800084d0 f i Quantizer.obj
 0001:000074e0       ??1QuantizerImpl@@EEAA@XZ  00000001800084e0 f i Quantizer.obj
 0001:00007560       ??_GQuantizer@physx@@MEAAPEAXI@Z 0000000180008560 f i Quantizer.obj
 0001:00007560       ??_EQuantizer@physx@@MEAAPEAXI@Z 0000000180008560 f i Quantizer.obj
 0001:00007590       ??_EQuantizerImpl@@EEAAPEAXI@Z 0000000180008590 f i Quantizer.obj
 0001:00007590       ??_GQuantizerImpl@@EEAAPEAXI@Z 0000000180008590 f i Quantizer.obj
 0001:00007660       ?getDenormalizeCenter@QuantizerImpl@@UEBAAEBVPxVec3@physx@@XZ 0000000180008660 f i Quantizer.obj
 0001:00007670       ?getDenormalizeScale@QuantizerImpl@@UEBAAEBVPxVec3@physx@@XZ 0000000180008670 f i Quantizer.obj
 0001:00007680       ?growAndPushBack@?$Array@VPxVec3@physx@@VNamedAllocator@shdfnd@2@@shdfnd@physx@@IEAAAEAVPxVec3@3@AEBV43@@Z 0000000180008680 f i Quantizer.obj
 0001:00007810       ?kmeansQuantize3D@QuantizerImpl@@UEAAPEBVPxVec3@physx@@IPEBV23@I_NIAEAI@Z 0000000180008810 f i Quantizer.obj
 0001:00007a80       ?normalizeInput@QuantizerImpl@@AEAAXIPEBVPxVec3@physx@@I@Z 0000000180008a80 f i Quantizer.obj
 0001:00007eb0       ?release@QuantizerImpl@@UEAAXXZ 0000000180008eb0 f i Quantizer.obj
 0001:00007ed0       ??0BVHStructureBuilder@physx@@QEAA@XZ 0000000180008ed0 f   BVHStructureBuilder.obj
 0001:00007ef0       ??1BVHStructureBuilder@physx@@QEAA@XZ 0000000180008ef0 f   BVHStructureBuilder.obj
 0001:00007f80       ?loadFromDesc@BVHStructureBuilder@physx@@QEAA_NAEBVPxBVHStructureDesc@2@@Z 0000000180008f80 f   BVHStructureBuilder.obj
 0001:000082e0       ?save@BVHStructureBuilder@physx@@QEBA_NAEAVPxOutputStream@2@_N@Z 00000001800092e0 f   BVHStructureBuilder.obj
 0001:00008470       ?moveData@BVHStructureBuilder@physx@@QEAAXAEAUBVHStructureData@Gu@2@@Z 0000000180009470 f   BVHStructureBuilder.obj
 0001:000084b0       ?flatten@@YAXAEBVNodeAllocator@Gu@physx@@PEAUBVHNode@23@@Z 00000001800094b0 f   BVHStructureBuilder.obj
 0001:00008660       ??$copy@VNamedAllocator@shdfnd@physx@@@?$Array@USlab@NodeAllocator@Gu@physx@@VNamedAllocator@shdfnd@4@@shdfnd@physx@@IEAAXAEBV012@@Z 0000000180009660 f i BVHStructureBuilder.obj
 0001:000086e0       ??0AABBTreeBuildNode@Gu@physx@@QEAA@AEBV012@@Z 00000001800096e0 f i BVHStructureBuilder.obj
 0001:00008720       ??0AABBTreeBuildNode@Gu@physx@@QEAA@XZ 0000000180009720 f i BVHStructureBuilder.obj
 0001:00008730       ??0AABBTreeBuildParams@Gu@physx@@QEAA@IIPEBVPxBounds3@2@@Z 0000000180009730 f i BVHStructureBuilder.obj
 0001:00008750       ??0BuildStats@Gu@physx@@QEAA@XZ 0000000180009750 f i BVHStructureBuilder.obj
 0001:00008760       ??0NodeAllocator@Gu@physx@@QEAA@AEBV012@@Z 0000000180009760 f i BVHStructureBuilder.obj
 0001:000087d0       ??1AABBTreeBuildNode@Gu@physx@@QEAA@XZ 00000001800097d0 f i BVHStructureBuilder.obj
 0001:000087e0       ??1AABBTreeBuildParams@Gu@physx@@QEAA@XZ 00000001800097e0 f i BVHStructureBuilder.obj
 0001:00008840       ??4AABBTreeBuildNode@Gu@physx@@QEAAAEAV012@AEBV012@@Z 0000000180009840 f i BVHStructureBuilder.obj
 0001:00008880       ??4AABBTreeBuildParams@Gu@physx@@QEAAAEAV012@AEBV012@@Z 0000000180009880 f i BVHStructureBuilder.obj
 0001:000088a0       ??4BuildStats@Gu@physx@@QEAAAEAU012@$$QEAU012@@Z 00000001800098a0 f i BVHStructureBuilder.obj
 0001:000088b0       ??4BuildStats@Gu@physx@@QEAAAEAU012@AEBU012@@Z 00000001800098b0 f i BVHStructureBuilder.obj
 0001:000088c0       ??4NodeAllocator@Gu@physx@@QEAAAEAV012@AEBV012@@Z 00000001800098c0 f i BVHStructureBuilder.obj
 0001:00008970       ??_FAABBTreeBuildParams@Gu@physx@@QEAAXXZ 0000000180009970 f i BVHStructureBuilder.obj
 0001:00008990       ?__global_array_delete@@YAXPEAX@Z 0000000180009990 f i BVHStructureBuilder.obj
 0001:000089a0       ?__global_array_delete@@YAXPEAX_K@Z 00000001800099a0 f i BVHStructureBuilder.obj
 0001:000089b0       ?__global_delete@@YAXPEAX@Z 00000001800099b0 f i BVHStructureBuilder.obj
 0001:000089c0       ?__global_delete@@YAXPEAX_K@Z 00000001800099c0 f i BVHStructureBuilder.obj
 0001:000089d0       ?allocate@?$Array@USlab@NodeAllocator@Gu@physx@@VNamedAllocator@shdfnd@4@@shdfnd@physx@@IEAAPEAUSlab@NodeAllocator@Gu@3@I@Z 00000001800099d0 f i BVHStructureBuilder.obj
 0001:00008a30       ?getAABB@AABBTreeBuildNode@Gu@physx@@QEBAAEBVPxBounds3@3@XZ 0000000180009a30 f i BVHStructureBuilder.obj
 0001:00008a40       ?getCount@BuildStats@Gu@physx@@QEBAIXZ 0000000180009a40 f i BVHStructureBuilder.obj
 0001:00008a50       ?getNbPrimitives@AABBTreeBuildNode@Gu@physx@@QEBAIXZ 0000000180009a50 f i BVHStructureBuilder.obj
 0001:00008a60       ?getNbRuntimePrimitives@AABBTreeBuildNode@Gu@physx@@QEBAIXZ 0000000180009a60 f i BVHStructureBuilder.obj
 0001:00008a70       ?getNeg@AABBTreeBuildNode@Gu@physx@@QEBAPEBV123@XZ 0000000180009a70 f i BVHStructureBuilder.obj
 0001:00008a90       ?getPos@AABBTreeBuildNode@Gu@physx@@QEBAPEBV123@XZ 0000000180009a90 f i BVHStructureBuilder.obj
 0001:00008aa0       ?getPrimitives@AABBTreeBuildNode@Gu@physx@@QEAAPEAIPEAI@Z 0000000180009aa0 f i BVHStructureBuilder.obj
 0001:00008ab0       ?getPrimitives@AABBTreeBuildNode@Gu@physx@@QEBAPEBIPEBI@Z 0000000180009ab0 f i BVHStructureBuilder.obj
 0001:00008ac0       ?increaseCount@BuildStats@Gu@physx@@QEAAXI@Z 0000000180009ac0 f i BVHStructureBuilder.obj
 0001:00008ad0       ?isLeaf@AABBTreeBuildNode@Gu@physx@@QEBA_NXZ 0000000180009ad0 f i BVHStructureBuilder.obj
 0001:00008ae0       ?recreate@?$Array@USlab@NodeAllocator@Gu@physx@@VNamedAllocator@shdfnd@4@@shdfnd@physx@@IEAAXI@Z 0000000180009ae0 f i BVHStructureBuilder.obj
 0001:00008b90       ?reset@AABBTreeBuildParams@Gu@physx@@QEAAXXZ 0000000180009b90 f i BVHStructureBuilder.obj
 0001:00008bf0       ?reset@BuildStats@Gu@physx@@QEAAXXZ 0000000180009bf0 f i BVHStructureBuilder.obj
 0001:00008c00       ?setCount@BuildStats@Gu@physx@@QEAAXI@Z 0000000180009c00 f i BVHStructureBuilder.obj
 0001:00008c10       ?setNbRunTimePrimitives@AABBTreeBuildNode@Gu@physx@@QEAAXI@Z 0000000180009c10 f i BVHStructureBuilder.obj
 0001:00008c20       ?saveHeightField@physx@@YA_NAEBVHeightField@Gu@1@AEAVPxOutputStream@1@_N@Z 0000000180009c20 f   HeightFieldCooking.obj
 0001:00008e60       ?buildFromTriangles@RTreeCooker@physx@@SAXAEAURTree@Gu@2@PEBVPxVec3@2@IPEBGPEBIIAEAV?$Array@IVNamedAllocator@shdfnd@physx@@@shdfnd@2@PEAURemapCallback@12@MW4Enum@PxMeshCookingHint@2@@Z 0000000180009e60 f   RTreeCooking.obj
 0001:000090f0       ??$partition@UBoundsLTE@physx@@@quickSelect@physx@@YAIPEIAIIIIAEBUBoundsLTE@1@@Z 000000018000a0f0 f i RTreeCooking.obj
 0001:00009270       ??$quickSelectFirstK@UBoundsLTE@physx@@@quickSelect@physx@@YAXPEIAIIIIAEBUBoundsLTE@1@@Z 000000018000a270 f i RTreeCooking.obj
 0001:00009450       ??$smallSort@I$$CBUSortBoundsPredicate@physx@@@internal@shdfnd@physx@@YAXPEAIHHAEBUSortBoundsPredicate@2@@Z 000000018000a450 f i RTreeCooking.obj
 0001:00009720       ??$sort@I@shdfnd@physx@@YAXPEAII@Z 000000018000a720 f i RTreeCooking.obj
 0001:00009770       ??$sort@IU?$Less@I@shdfnd@physx@@VNamedAllocator@23@@shdfnd@physx@@YAXPEAIIAEBU?$Less@I@01@AEBVNamedAllocator@01@I@Z 000000018000a770 f i RTreeCooking.obj
 0001:00009b30       ??$sort@IUSortBoundsPredicate@physx@@@shdfnd@physx@@YAXPEAIIAEBUSortBoundsPredicate@1@@Z 000000018000ab30 f i RTreeCooking.obj
 0001:00009b90       ??$sort@IUSortBoundsPredicate@physx@@VNamedAllocator@shdfnd@2@@shdfnd@physx@@YAXPEAIIAEBUSortBoundsPredicate@1@AEBVNamedAllocator@01@I@Z 000000018000ab90 f i RTreeCooking.obj
 0001:00009ff0       ??0?$InlineArray@UInterval@physx@@$0EAA@VNamedAllocator@shdfnd@2@@shdfnd@physx@@QEAA@AEBVNamedAllocator@12@@Z 000000018000aff0 f i RTreeCooking.obj
 0001:0000a0c0       ?allocate@?$Array@UInterval@physx@@V?$InlineAllocator@$0CAAA@VNamedAllocator@shdfnd@physx@@@shdfnd@2@@shdfnd@physx@@IEAAPEAUInterval@3@I@Z 000000018000b0c0 f i RTreeCooking.obj
 0001:0000aed0       ?copy@?$Array@URTreeNodeNQ@physx@@VNamedAllocator@shdfnd@2@@shdfnd@physx@@KAXPEAURTreeNodeNQ@3@0PEBU43@@Z 000000018000bed0 f i RTreeCooking.obj
 0001:0000b090       ?copy@?$Array@VPxVec3@physx@@VNamedAllocator@shdfnd@2@@shdfnd@physx@@KAXPEAVPxVec3@3@0PEBV43@@Z 000000018000c090 f i RTreeCooking.obj
 0001:0000b160       ?growAndPushBack@?$Array@IVNamedAllocator@shdfnd@physx@@@shdfnd@physx@@IEAAAEAIAEBI@Z 000000018000c160 f i RTreeCooking.obj
 0001:0000b230       ?growAndPushBack@?$Array@UInterval@physx@@V?$InlineAllocator@$0CAAA@VNamedAllocator@shdfnd@physx@@@shdfnd@2@@shdfnd@physx@@IEAAAEAUInterval@3@AEBU43@@Z 000000018000c230 f i RTreeCooking.obj
 0001:0000b310       ?growAndPushBack@?$Array@UPxBounds3V@physx@@VNamedAllocator@shdfnd@2@@shdfnd@physx@@IEAAAEAUPxBounds3V@3@AEBU43@@Z 000000018000c310 f i RTreeCooking.obj
 0001:0000b410       ?growAndPushBack@?$Array@URTreeNodeNQ@physx@@VNamedAllocator@shdfnd@2@@shdfnd@physx@@IEAAAEAURTreeNodeNQ@3@AEBU43@@Z 000000018000c410 f i RTreeCooking.obj
 0001:0000b510       ?growAndPushBack@?$Array@URTreeNodeQ@Gu@physx@@VNamedAllocator@shdfnd@3@@shdfnd@physx@@IEAAAEAURTreeNodeQ@Gu@3@AEBU453@@Z 000000018000c510 f i RTreeCooking.obj
 0001:0000b610       ?recreate@?$Array@IVNamedAllocator@shdfnd@physx@@@shdfnd@physx@@IEAAXI@Z 000000018000c610 f i RTreeCooking.obj
 0001:0000b6c0       ?recreate@?$Array@UPxBounds3V@physx@@VNamedAllocator@shdfnd@2@@shdfnd@physx@@IEAAXI@Z 000000018000c6c0 f i RTreeCooking.obj
 0001:0000b780       ?recreate@?$Array@URTreeNodeNQ@physx@@VNamedAllocator@shdfnd@2@@shdfnd@physx@@IEAAXI@Z 000000018000c780 f i RTreeCooking.obj
 0001:0000b820       ?recreate@?$Array@URTreeNodeQ@Gu@physx@@VNamedAllocator@shdfnd@3@@shdfnd@physx@@IEAAXI@Z 000000018000c820 f i RTreeCooking.obj
 0001:0000b8e0       ?recreate@?$Array@VPxVec3@physx@@VNamedAllocator@shdfnd@2@@shdfnd@physx@@IEAAXI@Z 000000018000c8e0 f i RTreeCooking.obj
 0001:0000b980       ?resize@?$Array@IVNamedAllocator@shdfnd@physx@@@shdfnd@physx@@QEAAXIAEBI@Z 000000018000c980 f i RTreeCooking.obj
 0001:0000ba40       ?resizeUninitialized@?$Array@URTreeNodeNQ@physx@@VNamedAllocator@shdfnd@2@@shdfnd@physx@@QEAAXI@Z 000000018000ca40 f i RTreeCooking.obj
 0001:0000ba80       ?sort4@SubSortQuick@physx@@QEAAXPEIAIIAEAV?$Array@URTreeNodeNQ@physx@@VNamedAllocator@shdfnd@2@@shdfnd@2@AEAIAEAUPxBounds3V@2@I@Z 000000018000ca80 f i RTreeCooking.obj
 0001:0000be10       ?sort4@SubSortSAH@physx@@QEAAXPEAIIAEAV?$Array@URTreeNodeNQ@physx@@VNamedAllocator@shdfnd@2@@shdfnd@2@AEAIIPEAURTreeNodeNQ@2@@Z 000000018000ce10 f i RTreeCooking.obj
 0001:0000c530       ?split@SubSortSAH@physx@@QEAAIPEAII@Z 000000018000d530 f i RTreeCooking.obj
 0001:0000cca0       ?computeLocalBounds@MeshBulider@physx@@IEAAXAEAVMeshDataBase@Gu@2@@Z 000000018000dca0 f   MeshBuilder.obj
 0001:0000cd30       ??0TriangleMeshBuilder@physx@@QEAA@AEAVTriangleMeshData@Gu@1@AEBUPxCookingParams@1@@Z 000000018000dd30 f   TriangleMeshBuilder.obj
 0001:0000cd60       ??1TriangleMeshBuilder@physx@@UEAA@XZ 000000018000dd60 f   TriangleMeshBuilder.obj
 0001:0000cdd0       ?cleanMesh@TriangleMeshBuilder@physx@@QEAA_N_NPEAW4Enum@PxTriangleMeshCookingResult@2@@Z 000000018000ddd0 f   TriangleMeshBuilder.obj
 0001:0000d290       ?remapTopology@TriangleMeshBuilder@physx@@QEAAXPEBI@Z 000000018000e290 f   TriangleMeshBuilder.obj
 0001:0000d590       ?createSharedEdgeData@TriangleMeshBuilder@physx@@QEAAX_N0@Z 000000018000e590 f   TriangleMeshBuilder.obj
 0001:0000da00       ?recordTriangleIndices@TriangleMeshBuilder@physx@@QEAAXXZ 000000018000ea00 f   TriangleMeshBuilder.obj
 0001:0000daa0       ?createGRBMidPhaseAndData@TriangleMeshBuilder@physx@@QEAAXI@Z 000000018000eaa0 f   TriangleMeshBuilder.obj
 0001:0000de30       ?createGRBData@TriangleMeshBuilder@physx@@QEAAXXZ 000000018000ee30 f   TriangleMeshBuilder.obj
 0001:0000df10       ?loadFromDesc@TriangleMeshBuilder@physx@@QEAA_NAEBVPxTriangleMeshDesc@2@PEAW4Enum@PxTriangleMeshCookingResult@2@_N@Z 000000018000ef10 f   TriangleMeshBuilder.obj
 0001:0000e2f0       ?save@TriangleMeshBuilder@physx@@QEBA_NAEAVPxOutputStream@2@_NAEBUPxCookingParams@2@@Z 000000018000f2f0 f   TriangleMeshBuilder.obj
 0001:0000e8d0       ?checkMeshIndicesSize@TriangleMeshBuilder@physx@@QEAAXXZ 000000018000f8d0 f   TriangleMeshBuilder.obj
 0001:0000e9e0       ?importMesh@TriangleMeshBuilder@physx@@IEAA_NAEBVPxTriangleMeshDesc@2@AEBUPxCookingParams@2@PEAW4Enum@PxTriangleMeshCookingResult@2@_N@Z 000000018000f9e0 f   TriangleMeshBuilder.obj
 0001:0000ed80       ?releaseEdgeList@TriangleMeshBuilder@physx@@IEAAXXZ 000000018000fd80 f   TriangleMeshBuilder.obj
 0001:0000ede0       ?createEdgeList@TriangleMeshBuilder@physx@@IEAAXXZ 000000018000fde0 f   TriangleMeshBuilder.obj
 0001:0000ef00       ??0RTreeTriangleMeshBuilder@physx@@QEAA@AEBUPxCookingParams@1@@Z 000000018000ff00 f   TriangleMeshBuilder.obj
 0001:0000efc0       ??1RTreeTriangleMeshBuilder@physx@@UEAA@XZ 000000018000ffc0 f   TriangleMeshBuilder.obj
 0001:0000eff0       ?createMidPhaseStructure@RTreeTriangleMeshBuilder@physx@@UEAAXXZ 000000018000fff0 f   TriangleMeshBuilder.obj
 0001:0000f120       ?saveMidPhaseStructure@RTreeTriangleMeshBuilder@physx@@UEBAXAEAVPxOutputStream@2@_N@Z 0000000180010120 f   TriangleMeshBuilder.obj
 0001:0000f360       ??0BV4TriangleMeshBuilder@physx@@QEAA@AEBUPxCookingParams@1@@Z 0000000180010360 f   TriangleMeshBuilder.obj
 0001:0000f430       ??1BV4TriangleMeshBuilder@physx@@UEAA@XZ 0000000180010430 f   TriangleMeshBuilder.obj
 0001:0000f490       ?createMidPhaseStructure@BV4TriangleMeshBuilder@physx@@UEAAXXZ 0000000180010490 f   TriangleMeshBuilder.obj
 0001:0000f760       ?saveMidPhaseStructure@BV4TriangleMeshBuilder@physx@@UEBAXAEAVPxOutputStream@2@_N@Z 0000000180010760 f   TriangleMeshBuilder.obj
 0001:0000f900       ?onMeshIndexFormatChange@BV4TriangleMeshBuilder@physx@@UEAAXXZ 0000000180010900 f   TriangleMeshBuilder.obj
 0001:0000f940       ?createMidPhaseStructure@BV32TriangleMeshBuilder@physx@@SAXAEBUPxCookingParams@2@AEAVTriangleMeshData@Gu@2@AEAVBV32Tree@52@@Z 0000000180010940 f   TriangleMeshBuilder.obj
 0001:0000fac0       ?saveMidPhaseStructure@BV32TriangleMeshBuilder@physx@@SAXPEAVBV32Tree@Gu@2@AEAVPxOutputStream@2@_N@Z 0000000180010ac0 f   TriangleMeshBuilder.obj
 0001:0000fc60       ?findSharpVertices@GrbTrimeshCookerHelper@physx@@YAXAEAV?$Array@USortedNeighbor@GrbTrimeshCookerHelper@physx@@VNamedAllocator@shdfnd@3@@shdfnd@2@AEAV?$Array@USharpEdgeRange@GrbTrimeshCookerHelper@physx@@VNamedAllocator@shdfnd@3@@42@PEBUuint3@2@PEBUuint4@2@II@Z 0000000180010c60 f   TriangleMeshBuilder.obj
 0001:00010020       ?buildVertexConnectionNew_p1@GrbTrimeshCookerHelper@physx@@YAIAEAV?$Array@USortedNeighbor@GrbTrimeshCookerHelper@physx@@VNamedAllocator@shdfnd@3@@shdfnd@2@AEAV?$Array@USharpEdgeRange@GrbTrimeshCookerHelper@physx@@VNamedAllocator@shdfnd@3@@42@PEBUuint3@2@PEBUuint4@2@II@Z 0000000180011020 f   TriangleMeshBuilder.obj
 0001:000101b0       ?buildVertexConnectionNew_p2@GrbTrimeshCookerHelper@physx@@YAXPEAI00AEAV?$Array@USortedNeighbor@GrbTrimeshCookerHelper@physx@@VNamedAllocator@shdfnd@3@@shdfnd@2@AEAV?$Array@USharpEdgeRange@GrbTrimeshCookerHelper@physx@@VNamedAllocator@shdfnd@3@@42@I@Z 00000001800111b0 f   TriangleMeshBuilder.obj
 0001:00010260       ??$?_UG@@YAPEAX_KV?$ReflectionAllocator@G@shdfnd@physx@@PEBDH@Z 0000000180011260 f i TriangleMeshBuilder.obj
 0001:00010300       ??$median3@USortedNeighbor@GrbTrimeshCookerHelper@physx@@$$CBU?$Less@USortedNeighbor@GrbTrimeshCookerHelper@physx@@@shdfnd@3@@internal@shdfnd@physx@@YAXPEAUSortedNeighbor@GrbTrimeshCookerHelper@2@HHAEBU?$Less@USortedNeighbor@GrbTrimeshCookerHelper@physx@@@12@@Z 0000000180011300 f i TriangleMeshBuilder.obj
 0001:00010430       ??$sort@UEdgeTriLookup@physx@@@shdfnd@physx@@YAXPEAUEdgeTriLookup@1@I@Z 0000000180011430 f i TriangleMeshBuilder.obj
 0001:00010480       ??$sort@UEdgeTriLookup@physx@@U?$Less@UEdgeTriLookup@physx@@@shdfnd@2@VNamedAllocator@42@@shdfnd@physx@@YAXPEAUEdgeTriLookup@1@IAEBU?$Less@UEdgeTriLookup@physx@@@01@AEBVNamedAllocator@01@I@Z 0000000180011480 f i TriangleMeshBuilder.obj
 0001:00010970       ??$sort@USortedNeighbor@GrbTrimeshCookerHelper@physx@@@shdfnd@physx@@YAXPEAUSortedNeighbor@GrbTrimeshCookerHelper@1@I@Z 0000000180011970 f i TriangleMeshBuilder.obj
 0001:000109c0       ??$sort@USortedNeighbor@GrbTrimeshCookerHelper@physx@@U?$Less@USortedNeighbor@GrbTrimeshCookerHelper@physx@@@shdfnd@3@VNamedAllocator@53@@shdfnd@physx@@YAXPEAUSortedNeighbor@GrbTrimeshCookerHelper@1@IAEBU?$Less@USortedNeighbor@GrbTrimeshCookerHelper@physx@@@01@AEBVNamedAllocator@01@I@Z 00000001800119c0 f i TriangleMeshBuilder.obj
 0001:00010e30       ??0PxVec4@physx@@QEAA@XZ   0000000180011e30 f i TriangleMeshBuilder.obj
 0001:00010e40       ??1BV4TriangleData@Gu@physx@@UEAA@XZ 0000000180011e40 f i TriangleMeshBuilder.obj
 0001:00010e80       ??1MeshDataBase@Gu@physx@@UEAA@XZ 0000000180011e80 f i TriangleMeshBuilder.obj
 0001:00010f60       ??1RTreeTriangleData@Gu@physx@@UEAA@XZ 0000000180011f60 f i TriangleMeshBuilder.obj
 0001:00010fd0       ??1RemapCallback@RTreeCooker@physx@@UEAA@XZ 0000000180011fd0 f i TriangleMeshBuilder.obj
 0001:00010fe0       ??1TriangleMeshData@Gu@physx@@UEAA@XZ 0000000180011fe0 f i TriangleMeshBuilder.obj
 0001:000110b0       ??_EBV4TriangleData@Gu@physx@@UEAAPEAXI@Z 00000001800120b0 f i TriangleMeshBuilder.obj
 0001:000110b0       ??_GBV4TriangleData@Gu@physx@@UEAAPEAXI@Z 00000001800120b0 f i TriangleMeshBuilder.obj
 0001:00011130       ??_GBV4TriangleMeshBuilder@physx@@UEAAPEAXI@Z 0000000180012130 f i TriangleMeshBuilder.obj
 0001:00011130       ??_EBV4TriangleMeshBuilder@physx@@UEAAPEAXI@Z 0000000180012130 f i TriangleMeshBuilder.obj
 0001:000111b0       ??_GMeshDataBase@Gu@physx@@UEAAPEAXI@Z 00000001800121b0 f i TriangleMeshBuilder.obj
 0001:000111b0       ??_EMeshDataBase@Gu@physx@@UEAAPEAXI@Z 00000001800121b0 f i TriangleMeshBuilder.obj
 0001:00011210       ??_ERTreeCookerRemap@physx@@UEAAPEAXI@Z 0000000180012210 f i TriangleMeshBuilder.obj
 0001:00011210       ??_GRTreeCookerRemap@physx@@UEAAPEAXI@Z 0000000180012210 f i TriangleMeshBuilder.obj
 0001:00011240       ??_GRTreeTriangleData@Gu@physx@@UEAAPEAXI@Z 0000000180012240 f i TriangleMeshBuilder.obj
 0001:00011240       ??_ERTreeTriangleData@Gu@physx@@UEAAPEAXI@Z 0000000180012240 f i TriangleMeshBuilder.obj
 0001:000112a0       ??_GRTreeTriangleMeshBuilder@physx@@UEAAPEAXI@Z 00000001800122a0 f i TriangleMeshBuilder.obj
 0001:000112a0       ??_ERTreeTriangleMeshBuilder@physx@@UEAAPEAXI@Z 00000001800122a0 f i TriangleMeshBuilder.obj
 0001:000112f0       ??_ERemapCallback@RTreeCooker@physx@@UEAAPEAXI@Z 00000001800122f0 f i TriangleMeshBuilder.obj
 0001:000112f0       ??_GRemapCallback@RTreeCooker@physx@@UEAAPEAXI@Z 00000001800122f0 f i TriangleMeshBuilder.obj
 0001:00011320       ??_GTriangleMeshBuilder@physx@@UEAAPEAXI@Z 0000000180012320 f i TriangleMeshBuilder.obj
 0001:00011320       ??_ETriangleMeshBuilder@physx@@UEAAPEAXI@Z 0000000180012320 f i TriangleMeshBuilder.obj
 0001:00011360       ??_GTriangleMeshData@Gu@physx@@UEAAPEAXI@Z 0000000180012360 f i TriangleMeshBuilder.obj
 0001:00011360       ??_ETriangleMeshData@Gu@physx@@UEAAPEAXI@Z 0000000180012360 f i TriangleMeshBuilder.obj
 0001:000113c0       ?allocateTriangles@TriangleMeshData@Gu@physx@@QEAAPEAXI_NI@Z 00000001800123c0 f i TriangleMeshBuilder.obj
 0001:00011490       ?allocateVertices@MeshDataBase@Gu@physx@@QEAAPEAVPxVec3@3@I@Z 0000000180012490 f i TriangleMeshBuilder.obj
 0001:00011b90       ?getMidphaseID@BV4TriangleMeshBuilder@physx@@UEBA?AW4Enum@PxMeshMidPhase@2@XZ 0000000180012b90 f i TriangleMeshBuilder.obj
 0001:00011ba0       ?getMidphaseID@RTreeTriangleMeshBuilder@physx@@UEBA?AW4Enum@PxMeshMidPhase@2@XZ 0000000180012ba0 f i TriangleMeshBuilder.obj
 0001:00011bb0       ?growAndPushBack@?$Array@USortedNeighbor@GrbTrimeshCookerHelper@physx@@VNamedAllocator@shdfnd@3@@shdfnd@physx@@IEAAAEAUSortedNeighbor@GrbTrimeshCookerHelper@3@AEBU453@@Z 0000000180012bb0 f i TriangleMeshBuilder.obj
 0001:00011cb0       ?onMeshIndexFormatChange@TriangleMeshBuilder@physx@@UEAAXXZ 0000000180012cb0 f i TriangleMeshBuilder.obj
 0001:00011cc0       ?recreate@?$Array@USharpEdgeRange@GrbTrimeshCookerHelper@physx@@VNamedAllocator@shdfnd@3@@shdfnd@physx@@IEAAXI@Z 0000000180012cc0 f i TriangleMeshBuilder.obj
 0001:00011d70       ?recreate@?$Array@USortedNeighbor@GrbTrimeshCookerHelper@physx@@VNamedAllocator@shdfnd@3@@shdfnd@physx@@IEAAXI@Z 0000000180012d70 f i TriangleMeshBuilder.obj
 0001:00011e40       ?remap@RTreeCookerRemap@physx@@UEAAXPEAIII@Z 0000000180012e40 f i TriangleMeshBuilder.obj
 0001:00011e60       ?resize@?$Array@USharpEdgeRange@GrbTrimeshCookerHelper@physx@@VNamedAllocator@shdfnd@3@@shdfnd@physx@@QEAAXIAEBUSharpEdgeRange@GrbTrimeshCookerHelper@3@@Z 0000000180012e60 f i TriangleMeshBuilder.obj
 0001:00011f20       ?resizeUninitialized@?$Array@USortedNeighbor@GrbTrimeshCookerHelper@physx@@VNamedAllocator@shdfnd@3@@shdfnd@physx@@QEAAXI@Z 0000000180012f20 f i TriangleMeshBuilder.obj
 0001:00011f60       ??0BigConvexDataBuilder@physx@@QEAA@PEBUConvexHullData@Gu@1@PEAVBigConvexData@1@PEBVPxVec3@1@@Z 0000000180012f60 f   BigConvexDataBuilder.obj
 0001:00011f80       ??1BigConvexDataBuilder@physx@@QEAA@XZ 0000000180012f80 f   BigConvexDataBuilder.obj
 0001:00011f90       ?precompute@BigConvexDataBuilder@physx@@QEAA_NI@Z 0000000180012f90 f   BigConvexDataBuilder.obj
 0001:00012be0       ?initialize@BigConvexDataBuilder@physx@@QEAA_NXZ 0000000180013be0 f   BigConvexDataBuilder.obj
 0001:00012c90       ?save@BigConvexDataBuilder@physx@@QEBA_NAEAVPxOutputStream@2@_N@Z 0000000180013c90 f   BigConvexDataBuilder.obj
 0001:00012ed0       ?computeValencies@BigConvexDataBuilder@physx@@QEAA_NAEBVConvexHullBuilder@2@@Z 0000000180013ed0 f   BigConvexDataBuilder.obj
 0001:000132c0       ?saveValencies@BigConvexDataBuilder@physx@@QEBA_NAEAVPxOutputStream@2@_N@Z 00000001800142c0 f   BigConvexDataBuilder.obj
 0001:00013470       ??0BigConvexData@physx@@QEAA@W4PxEMPTY@1@@Z 0000000180014470 f i BigConvexDataBuilder.obj
 0001:00013480       ??4BigConvexData@physx@@QEAAAEAV01@AEBV01@@Z 0000000180014480 f i BigConvexDataBuilder.obj
 0001:000134a0       ?GetAdjacentVerts@BigConvexData@physx@@QEBAPEBEXZ 00000001800144a0 f i BigConvexDataBuilder.obj
 0001:000134b0       ?GetNbNeighbors@BigConvexData@physx@@QEBAGI@Z 00000001800144b0 f i BigConvexDataBuilder.obj
 0001:000134c0       ?GetNbSamples@BigConvexData@physx@@QEBAIXZ 00000001800144c0 f i BigConvexDataBuilder.obj
 0001:000134d0       ?GetNbVerts@BigConvexData@physx@@QEBAIXZ 00000001800144d0 f i BigConvexDataBuilder.obj
 0001:000134e0       ?GetNeighbors@BigConvexData@physx@@QEBAPEBEI@Z 00000001800144e0 f i BigConvexDataBuilder.obj
 0001:000134f0       ?GetOffset@BigConvexData@physx@@QEBAGI@Z 00000001800144f0 f i BigConvexDataBuilder.obj
 0001:00013500       ?GetSubdiv@BigConvexData@physx@@QEBAIXZ 0000000180014500 f i BigConvexDataBuilder.obj
 0001:00013510       ?GetValencies@BigConvexData@physx@@QEBAPEBUValency@Gu@2@XZ 0000000180014510 f i BigConvexDataBuilder.obj
 0001:00013520       ?GetValency@BigConvexData@physx@@QEBAGI@Z 0000000180014520 f i BigConvexDataBuilder.obj
 0001:00013530       ??0ConvexHullBuilder@physx@@QEAA@PEAUConvexHullData@Gu@1@_N@Z 0000000180014530 f   ConvexHullBuilder.obj
 0001:00013560       ??1ConvexHullBuilder@physx@@QEAA@XZ 0000000180014560 f   ConvexHullBuilder.obj
 0001:00013670       ?init@ConvexHullBuilder@physx@@QEAA_NIPEBVPxVec3@2@PEBIIIPEBUPxHullPolygon@2@_NPEAVConvexHullLib@2@@Z 0000000180014670 f   ConvexHullBuilder.obj
 0001:00013fc0       ?save@ConvexHullBuilder@physx@@QEBA_NAEAVPxOutputStream@2@_N@Z 0000000180014fc0 f   ConvexHullBuilder.obj
 0001:000142e0       ?copy@ConvexHullBuilder@physx@@QEAA_NAEAUConvexHullData@Gu@2@AEAI@Z 00000001800152e0 f   ConvexHullBuilder.obj
 0001:00014550       ?createEdgeList@ConvexHullBuilder@physx@@QEAA_N_NI@Z 0000000180015550 f   ConvexHullBuilder.obj
 0001:00014dd0       ?checkHullPolygons@ConvexHullBuilder@physx@@QEBA_NXZ 0000000180015dd0 f   ConvexHullBuilder.obj
 0001:000153c0       ?calculateVertexMapTable@ConvexHullBuilder@physx@@QEAA_NI_N@Z 00000001800163c0 f   ConvexHullBuilder.obj
 0001:000155d0       ?computeGeomCenter@ConvexHullBuilder@physx@@IEBA_NAEAVPxVec3@2@IPEAUHullTriangleData@2@@Z 00000001800165d0 f   ConvexHullBuilder.obj
 0001:00015890       ??$?_UE@@YAPEAX_KV?$ReflectionAllocator@E@shdfnd@physx@@PEBDH@Z 0000000180016890 f i ConvexHullBuilder.obj
 0001:00015930       ??1ConvexHullLib@physx@@UEAA@XZ 0000000180016930 f   ConvexHullLib.obj
 0001:00015990       ?cleanupVertices@ConvexHullLib@physx@@IEAA_NIPEBVPxVec3@2@IAEAIPEAV32@AEAV32@3@Z 0000000180016990 f   ConvexHullLib.obj
 0001:00015e20       ?shiftAndcleanupVertices@ConvexHullLib@physx@@IEAA_NIPEBVPxVec3@2@IAEAIPEAV32@AEAV32@3@Z 0000000180016e20 f   ConvexHullLib.obj
 0001:00016310       ?swapLargestFace@ConvexHullLib@physx@@IEAAXAEAVPxConvexMeshDesc@2@@Z 0000000180017310 f   ConvexHullLib.obj
 0001:00016500       ?shiftConvexMeshDesc@ConvexHullLib@physx@@IEAAXAEAVPxConvexMeshDesc@2@@Z 0000000180017500 f   ConvexHullLib.obj
 0001:000165c0       ??_GConvexHullLib@physx@@UEAAPEAXI@Z 00000001800175c0 f i ConvexHullLib.obj
 0001:000165c0       ??_EConvexHullLib@physx@@UEAAPEAXI@Z 00000001800175c0 f i ConvexHullLib.obj
 0001:00016b30       ??0ConvexHull@physx@@QEAA@AEBVPxVec3@1@0AEBV?$Array@VPxPlane@physx@@VNamedAllocator@shdfnd@2@@shdfnd@1@@Z 0000000180017b30 f   ConvexHullUtils.obj
 0001:000175a0       ??0ConvexHull@physx@@QEAA@AEBVPxVec3@1@AEBVPxTransform@1@AEBV?$Array@VPxPlane@physx@@VNamedAllocator@shdfnd@2@@shdfnd@1@@Z 00000001800185a0 f   ConvexHullUtils.obj
 0001:000188d0       ?findCandidatePlane@ConvexHull@physx@@QEBAHMM@Z 00000001800198d0 f   ConvexHullUtils.obj
 0001:00018d30       ?assertIntact@ConvexHull@physx@@QEBA_NM@Z 0000000180019d30 f   ConvexHullUtils.obj
 0001:00019040       ?maxNumVertsPerFace@ConvexHull@physx@@QEBAIXZ 000000018001a040 f   ConvexHullUtils.obj
 0001:000190c0       ?convexHullCrop@physx@@YAPEAVConvexHull@1@AEBV21@AEBVPxPlane@1@M@Z 000000018001a0c0 f   ConvexHullUtils.obj
 0001:00019f50       ?computeOBBFromConvex@physx@@YA_NAEBVPxConvexMeshDesc@1@AEAVPxVec3@1@AEAVPxTransform@1@@Z 000000018001af50 f   ConvexHullUtils.obj
 0001:0001a7f0       ?computeOBBSIMD@local@@YAXIPEBT__m128@@AEAT2@AEBT2@1@Z 000000018001b7f0 f   ConvexHullUtils.obj
 0001:0001a9d0       ??0Box@Gu@physx@@QEAA@AEBV012@@Z 000000018001b9d0 f i ConvexHullUtils.obj
 0001:0001aa30       ??0Box@Gu@physx@@QEAA@AEBVPxVec3@2@0AEBVPxMat33@2@@Z 000000018001ba30 f i ConvexHullUtils.obj
 0001:0001aaa0       ??0Box@Gu@physx@@QEAA@XZ   000000018001baa0 f i ConvexHullUtils.obj
 0001:0001aab0       ??0HalfEdge@ConvexHull@physx@@QEAA@XZ 000000018001bab0 f i ConvexHullUtils.obj
 0001:0001aac0       ??0PxPlane@physx@@QEAA@XZ  000000018001bac0 f i ConvexHullUtils.obj
 0001:0001aad0       ??0PxQuat@physx@@QEAA@AEBVPxMat33@1@@Z 000000018001bad0 f i ConvexHullUtils.obj
 0001:0001acb0       ??1Box@Gu@physx@@QEAA@XZ   000000018001bcb0 f i ConvexHullUtils.obj
 0001:0001acc0       ??4Box@Gu@physx@@QEAAAEBV012@AEBV012@@Z 000000018001bcc0 f i ConvexHullUtils.obj
 0001:0001ad20       ?computeAABBExtent@Box@Gu@physx@@QEBA?AVPxVec3@3@XZ 000000018001bd20 f i ConvexHullUtils.obj
 0001:0001ade0       ?computeBoxPoints@Box@Gu@physx@@QEBAXPEIAVPxVec3@3@@Z 000000018001bde0 f i ConvexHullUtils.obj
 0001:0001ae20       ?copy@?$Array@VPxPlane@physx@@VNamedAllocator@shdfnd@2@@shdfnd@physx@@KAXPEAVPxPlane@3@0PEBV43@@Z 000000018001be20 f i ConvexHullUtils.obj
 0001:0001af20       ?getInverse@PxMat33@physx@@QEBA?BV12@XZ 000000018001bf20 f i ConvexHullUtils.obj
 0001:0001b170       ?getTransform@Box@Gu@physx@@QEBA?AVPxTransform@3@XZ 000000018001c170 f i ConvexHullUtils.obj
 0001:0001b1d0       ?growAndPushBack@?$Array@VHalfEdge@ConvexHull@physx@@VNamedAllocator@shdfnd@3@@shdfnd@physx@@IEAAAEAVHalfEdge@ConvexHull@3@AEBV453@@Z 000000018001c1d0 f i ConvexHullUtils.obj
 0001:0001b2a0       ?growAndPushBack@?$Array@VPxPlane@physx@@VNamedAllocator@shdfnd@2@@shdfnd@physx@@IEAAAEAVPxPlane@3@AEBV43@@Z 000000018001c2a0 f i ConvexHullUtils.obj
 0001:0001b380       ?isValid@Box@Gu@physx@@QEBA_NXZ 000000018001c380 f i ConvexHullUtils.obj
 0001:0001b3a0       ?recreate@?$Array@VHalfEdge@ConvexHull@physx@@VNamedAllocator@shdfnd@3@@shdfnd@physx@@IEAAXI@Z 000000018001c3a0 f i ConvexHullUtils.obj
 0001:0001b450       ?recreate@?$Array@VPxPlane@physx@@VNamedAllocator@shdfnd@2@@shdfnd@physx@@IEAAXI@Z 000000018001c450 f i ConvexHullUtils.obj
 0001:0001b4f0       ?resize@?$Array@VHalfEdge@ConvexHull@physx@@VNamedAllocator@shdfnd@3@@shdfnd@physx@@QEAAXIAEBVHalfEdge@ConvexHull@3@@Z 000000018001c4f0 f i ConvexHullUtils.obj
 0001:0001b5b0       ?resize@?$Array@VPxPlane@physx@@VNamedAllocator@shdfnd@2@@shdfnd@physx@@QEAAXIAEBVPxPlane@3@@Z 000000018001c5b0 f i ConvexHullUtils.obj
 0001:0001b6d0       ?resize@?$Array@VPxVec3@physx@@VNamedAllocator@shdfnd@2@@shdfnd@physx@@QEAAXIAEBVPxVec3@3@@Z 000000018001c6d0 f i ConvexHullUtils.obj
 0001:0001b7c0       ?rotate@Box@Gu@physx@@QEBA?AVPxVec3@3@AEBV43@@Z 000000018001c7c0 f i ConvexHullUtils.obj
 0001:0001b850       ?rotateInv@Box@Gu@physx@@QEBA?AVPxVec3@3@AEBV43@@Z 000000018001c850 f i ConvexHullUtils.obj
 0001:0001b8e0       ?setAxes@Box@Gu@physx@@QEAAXAEBVPxVec3@3@00@Z 000000018001c8e0 f i ConvexHullUtils.obj
 0001:0001b920       ?setEmpty@Box@Gu@physx@@QEAAXXZ 000000018001c920 f i ConvexHullUtils.obj
 0001:0001b960       ?transform@Box@Gu@physx@@QEBA?AVPxVec3@3@AEBV43@@Z 000000018001c960 f i ConvexHullUtils.obj
 0001:0001ba00       ??0ConvexMeshBuilder@physx@@QEAA@_N@Z 000000018001ca00 f   ConvexMeshBuilder.obj
 0001:0001ba70       ??1ConvexMeshBuilder@physx@@QEAA@XZ 000000018001ca70 f   ConvexMeshBuilder.obj
 0001:0001bad0       ?build@ConvexMeshBuilder@physx@@QEAA_NAEBVPxConvexMeshDesc@2@I_NPEAVConvexHullLib@2@@Z 000000018001cad0 f   ConvexMeshBuilder.obj
 0001:0001be10       ?save@ConvexMeshBuilder@physx@@QEBA_NAEAVPxOutputStream@2@_N@Z 000000018001ce10 f   ConvexMeshBuilder.obj
 0001:0001c030       ?copy@ConvexMeshBuilder@physx@@QEAA_NAEAUConvexHullInitData@Gu@2@@Z 000000018001d030 f   ConvexMeshBuilder.obj
 0001:0001c160       ?loadConvexHull@ConvexMeshBuilder@physx@@QEAA_NAEBVPxConvexMeshDesc@2@PEAVConvexHullLib@2@@Z 000000018001d160 f   ConvexMeshBuilder.obj
 0001:0001c3f0       ?computeHullPolygons@ConvexMeshBuilder@physx@@QEAA_NAEBIPEBVPxVec3@2@0PEBIAEAVPxAllocatorCallback@2@AEAIAEAPEAV32@4AEAPEAI4AEAPEAUPxHullPolygon@2@@Z 000000018001d3f0 f   ConvexMeshBuilder.obj
 0001:0001c610       ?computeGaussMaps@ConvexMeshBuilder@physx@@QEAA_NXZ 000000018001d610 f   ConvexMeshBuilder.obj
 0001:0001c710       ?computeMassInfo@ConvexMeshBuilder@physx@@QEAAX_N@Z 000000018001d710 f   ConvexMeshBuilder.obj
 0001:0001cae0       ?computeInternalObjects@ConvexMeshBuilder@physx@@QEAAXXZ 000000018001dae0 f   ConvexMeshBuilder.obj
 0001:0001cf60       ?isFinite@PxVec3@physx@@QEBA_NXZ 000000018001df60 f i ConvexMeshBuilder.obj
 0001:0001cfc0       ??0ConvexPolygonsBuilder@physx@@QEAA@PEAUConvexHullData@Gu@1@_N@Z 000000018001dfc0 f   ConvexPolygonsBuilder.obj
 0001:0001cff0       ??1ConvexPolygonsBuilder@physx@@QEAA@XZ 000000018001dff0 f   ConvexPolygonsBuilder.obj
 0001:0001d040       ?computeHullPolygons@ConvexPolygonsBuilder@physx@@QEAA_NAEBIPEBVPxVec3@2@0PEBI@Z 000000018001e040 f   ConvexPolygonsBuilder.obj
 0001:0001e100       ?createPolygonData@ConvexPolygonsBuilder@physx@@AEAA_NXZ 000000018001f100 f   ConvexPolygonsBuilder.obj
 0001:0001ed30       ?createTrianglesFromPolygons@ConvexPolygonsBuilder@physx@@AEAA_NXZ 000000018001fd30 f   ConvexPolygonsBuilder.obj
 0001:0001f650       ??$copy@VNamedAllocator@shdfnd@physx@@@?$Array@VPair@@VNamedAllocator@shdfnd@physx@@@shdfnd@physx@@IEAAXAEBV012@@Z 0000000180020650 f i ConvexPolygonsBuilder.obj
 0001:0001fef0       ?allocate@?$Array@VPair@@VNamedAllocator@shdfnd@physx@@@shdfnd@physx@@IEAAPEAVPair@@I@Z 0000000180020ef0 f i ConvexPolygonsBuilder.obj
 0001:00021470       ?growAndPushBack@?$Array@VPair@@VNamedAllocator@shdfnd@physx@@@shdfnd@physx@@IEAAAEAVPair@@AEBV4@@Z 0000000180022470 f i ConvexPolygonsBuilder.obj
 0001:00021550       ??0QuickHullConvexHullLib@physx@@QEAA@AEBVPxConvexMeshDesc@1@AEBUPxCookingParams@1@@Z 0000000180022550 f   QuickHullConvexHullLib.obj
 0001:00021640       ??1QuickHullConvexHullLib@physx@@UEAA@XZ 0000000180022640 f   QuickHullConvexHullLib.obj
 0001:00021700       ?createConvexHull@QuickHullConvexHullLib@physx@@UEAA?AW4Enum@PxConvexMeshCookingResult@2@XZ 0000000180022700 f   QuickHullConvexHullLib.obj
 0001:00021af0       ?fillConvexMeshDesc@QuickHullConvexHullLib@physx@@UEAAXAEAVPxConvexMeshDesc@2@@Z 0000000180022af0 f   QuickHullConvexHullLib.obj
 0001:00021b40       ?createEdgeList@QuickHullConvexHullLib@physx@@UEAA_NIPEBEPEAPEAEPEAPEAG2@Z 0000000180022b40 f   QuickHullConvexHullLib.obj
 0001:00021d80       ?expandHullOBB@QuickHullConvexHullLib@physx@@IEAA?AW4Enum@PxConvexMeshCookingResult@2@XZ 0000000180022d80 f   QuickHullConvexHullLib.obj
 0001:000221c0       ?expandHull@QuickHullConvexHullLib@physx@@IEAA?AW4Enum@PxConvexMeshCookingResult@2@XZ 00000001800231c0 f   QuickHullConvexHullLib.obj
 0001:00022a30       ?cleanupForSimplex@QuickHullConvexHullLib@physx@@IEAA_NPEAVPxVec3@2@IPEAUQuickHullVertex@local@@1AEAM2@Z 0000000180023a30 f   QuickHullConvexHullLib.obj
 0001:00023600       ?fillConvexMeshDescFromQuickHull@QuickHullConvexHullLib@physx@@IEAAXAEAVPxConvexMeshDesc@2@@Z 0000000180024600 f   QuickHullConvexHullLib.obj
 0001:00023980       ?fillConvexMeshDescFromCroppedHull@QuickHullConvexHullLib@physx@@IEAAXAEAVPxConvexMeshDesc@2@@Z 0000000180024980 f   QuickHullConvexHullLib.obj
 0001:00023b80       ?getOppositeFaceDistance@QuickHullHalfEdge@local@@QEBAMXZ 0000000180024b80 f   QuickHullConvexHullLib.obj
 0001:00023bc0       ?mergeAdjacentFace@QuickHullFace@local@@QEAA_NPEAUQuickHullHalfEdge@2@AEAV?$Array@PEAUQuickHullFace@local@@VNamedAllocator@shdfnd@physx@@@shdfnd@physx@@@Z 0000000180024bc0 f   QuickHullConvexHullLib.obj
 0001:00024010       ?checkFaceConsistency@QuickHullFace@local@@QEAA_NXZ 0000000180025010 f   QuickHullConvexHullLib.obj
 0001:00024020       ?connectHalfEdges@QuickHullFace@local@@AEAAPEAU12@PEAUQuickHullHalfEdge@2@0@Z 0000000180025020 f   QuickHullConvexHullLib.obj
 0001:00024390       ??0QuickHull@local@@QEAA@AEBUPxCookingParams@physx@@AEBVPxConvexMeshDesc@3@@Z 0000000180025390 f   QuickHullConvexHullLib.obj
 0001:00024590       ??1QuickHull@local@@QEAA@XZ 0000000180025590 f   QuickHullConvexHullLib.obj
 0001:000246e0       ?preallocate@QuickHull@local@@QEAAXI@Z 00000001800256e0 f   QuickHullConvexHullLib.obj
 0001:00024830       ?parseInputVertices@QuickHull@local@@QEAAXPEBVPxVec3@physx@@I@Z 0000000180025830 f   QuickHullConvexHullLib.obj
 0001:000249c0       ?releaseHull@QuickHull@local@@QEAAXXZ 00000001800259c0 f   QuickHullConvexHullLib.obj
 0001:00024a20       ?setPrecomputedMinMax@QuickHull@local@@QEAAXPEBUQuickHullVertex@2@0MM@Z 0000000180025a20 f   QuickHullConvexHullLib.obj
 0001:00024bb0       ?buildHull@QuickHull@local@@QEAA?AW4Enum@QuickHullResult@2@XZ 0000000180025bb0 f   QuickHullConvexHullLib.obj
 0001:00024dd0       ?maxNumVertsPerFace@QuickHull@local@@QEBAIXZ 0000000180025dd0 f   QuickHullConvexHullLib.obj
 0001:00024e10       ?computeMinMaxVerts@QuickHull@local@@IEAAXXZ 0000000180025e10 f   QuickHullConvexHullLib.obj
 0001:000251f0       ?findSimplex@QuickHull@local@@IEAA_NXZ 00000001800261f0 f   QuickHullConvexHullLib.obj
 0001:00025ea0       ?addSimplex@QuickHull@local@@IEAAXPEAUQuickHullVertex@2@_N@Z 0000000180026ea0 f   QuickHullConvexHullLib.obj
 0001:00026370       ?nextPointToAdd@QuickHull@local@@IEAAPEAUQuickHullVertex@2@AEAPEAUQuickHullFace@2@@Z 0000000180027370 f   QuickHullConvexHullLib.obj
 0001:000264f0       ?addPointToHull@QuickHull@local@@IEAA_NPEBUQuickHullVertex@2@AEAUQuickHullFace@2@AEA_N@Z 00000001800274f0 f   QuickHullConvexHullLib.obj
 0001:000267c0       ?createTriangle@QuickHull@local@@IEAAPEAUQuickHullFace@2@AEBUQuickHullVertex@2@00@Z 00000001800277c0 f   QuickHullConvexHullLib.obj
 0001:00026b60       ?addPointToFace@QuickHull@local@@IEAAXAEAUQuickHullFace@2@PEAUQuickHullVertex@2@M@Z 0000000180027b60 f   QuickHullConvexHullLib.obj
 0001:00026bb0       ?removeEyePointFromFace@QuickHull@local@@IEAAXAEAUQuickHullFace@2@PEBUQuickHullVertex@2@@Z 0000000180027bb0 f   QuickHullConvexHullLib.obj
 0001:00026bd0       ?calculateHorizon@QuickHull@local@@IEAAXAEBVPxVec3@physx@@PEAUQuickHullHalfEdge@2@AEAUQuickHullFace@2@AEAV?$Array@PEAUQuickHullHalfEdge@local@@VNamedAllocator@shdfnd@physx@@@shdfnd@4@AEAV?$Array@PEAUQuickHullFace@local@@VNamedAllocator@shdfnd@physx@@@84@@Z 0000000180027bd0 f   QuickHullConvexHullLib.obj
 0001:00026d80       ?addNewFacesFromHorizon@QuickHull@local@@IEAAXPEBUQuickHullVertex@2@AEBV?$Array@PEAUQuickHullHalfEdge@local@@VNamedAllocator@shdfnd@physx@@@shdfnd@physx@@AEAV?$Array@PEAUQuickHullFace@local@@VNamedAllocator@shdfnd@physx@@@56@@Z 0000000180027d80 f   QuickHullConvexHullLib.obj
 0001:00026ed0       ?doAdjacentMerge@QuickHull@local@@IEAA_NAEAUQuickHullFace@2@_NAEA_N@Z 0000000180027ed0 f   QuickHullConvexHullLib.obj
 0001:00027220       ?doPostAdjacentMerge@QuickHull@local@@IEAA_NAEAUQuickHullFace@2@M@Z 0000000180028220 f   QuickHullConvexHullLib.obj
 0001:00027450       ?deleteFacePoints@QuickHull@local@@IEAAXAEAUQuickHullFace@2@PEAU32@@Z 0000000180028450 f   QuickHullConvexHullLib.obj
 0001:00027560       ?resolveUnclaimedPoints@QuickHull@local@@IEAAXAEBV?$Array@PEAUQuickHullFace@local@@VNamedAllocator@shdfnd@physx@@@shdfnd@physx@@@Z 0000000180028560 f   QuickHullConvexHullLib.obj
 0001:000277e0       ?postMergeHull@QuickHull@local@@IEAAXXZ 00000001800287e0 f   QuickHullConvexHullLib.obj
 0001:00027a50       ?canMergeFaces@QuickHull@local@@IEAA_NAEBUQuickHullHalfEdge@2@@Z 0000000180028a50 f   QuickHullConvexHullLib.obj
 0001:00028280       ?getExpandPoint@local@@YAXAEBUQuickHullHalfEdge@1@AEAUExpandPoint@1@PEBV?$Array@IVNamedAllocator@shdfnd@physx@@@shdfnd@physx@@@Z 0000000180029280 f   QuickHullConvexHullLib.obj
 0001:00028330       ?addExpandPoint@local@@YAXAEBUExpandPoint@1@AEAV?$Array@UExpandPoint@local@@VNamedAllocator@shdfnd@physx@@@shdfnd@physx@@@Z 0000000180029330 f   QuickHullConvexHullLib.obj
 0001:00028410       ??0PxPlane@physx@@QEAA@AEBV01@@Z 0000000180029410 f i QuickHullConvexHullLib.obj
 0001:00028430       ??0QuickHullVertex@local@@QEAA@XZ 0000000180029430 f i QuickHullConvexHullLib.obj
 0001:00028440       ??1?$MemBlock@UQuickHullFace@local@@$00@local@@QEAA@XZ 0000000180029440 f i QuickHullConvexHullLib.obj
 0001:000284c0       ??1?$MemBlock@UQuickHullHalfEdge@local@@$0A@@local@@QEAA@XZ 00000001800294c0 f i QuickHullConvexHullLib.obj
 0001:00028540       ??_GConvexHull@physx@@QEAAPEAXI@Z 0000000180029540 f i QuickHullConvexHullLib.obj
 0001:00028610       ??_GQuickHull@local@@QEAAPEAXI@Z 0000000180029610 f i QuickHullConvexHullLib.obj
 0001:000287b0       ??_EQuickHullConvexHullLib@physx@@UEAAPEAXI@Z 00000001800297b0 f i QuickHullConvexHullLib.obj
 0001:000287b0       ??_GQuickHullConvexHullLib@physx@@UEAAPEAXI@Z 00000001800297b0 f i QuickHullConvexHullLib.obj
 0001:000288a0       ??__G@YAXPEAX0_K1P6APEAX00@Z@Z 00000001800298a0 f i QuickHullConvexHullLib.obj
 0001:00028900       ?copy@?$Array@UExpandPoint@local@@VNamedAllocator@shdfnd@physx@@@shdfnd@physx@@KAXPEAUExpandPoint@local@@0PEBU45@@Z 0000000180029900 f i QuickHullConvexHullLib.obj
 0001:000289b0       ?getFreeItem@?$MemBlock@UQuickHullFace@local@@$00@local@@QEAAPEAUQuickHullFace@2@XZ 00000001800299b0 f i QuickHullConvexHullLib.obj
 0001:00028ae0       ?getFreeItem@?$MemBlock@UQuickHullHalfEdge@local@@$0A@@local@@QEAAPEAUQuickHullHalfEdge@2@XZ 0000000180029ae0 f i QuickHullConvexHullLib.obj
 0001:00028bc0       ?growAndPushBack@?$Array@PEAUQuickHullFace@local@@VNamedAllocator@shdfnd@physx@@@shdfnd@physx@@IEAAAEAPEAUQuickHullFace@local@@AEBQEAU45@@Z 0000000180029bc0 f i QuickHullConvexHullLib.obj
 0001:00028c90       ?growAndPushBack@?$Array@PEAUQuickHullHalfEdge@local@@VNamedAllocator@shdfnd@physx@@@shdfnd@physx@@IEAAAEAPEAUQuickHullHalfEdge@local@@AEBQEAU45@@Z 0000000180029c90 f i QuickHullConvexHullLib.obj
 0001:00028d60       ?growAndPushBack@?$Array@PEAUQuickHullVertex@local@@VNamedAllocator@shdfnd@physx@@@shdfnd@physx@@IEAAAEAPEAUQuickHullVertex@local@@AEBQEAU45@@Z 0000000180029d60 f i QuickHullConvexHullLib.obj
 0001:00028e30       ?growAndPushBack@?$Array@UExpandPoint@local@@VNamedAllocator@shdfnd@physx@@@shdfnd@physx@@IEAAAEAUExpandPoint@local@@AEBU45@@Z 0000000180029e30 f i QuickHullConvexHullLib.obj
 0001:00028f60       ?init@?$MemBlock@UQuickHullFace@local@@$00@local@@QEAAXI@Z 0000000180029f60 f i QuickHullConvexHullLib.obj
 0001:00029040       ?init@?$MemBlock@UQuickHullHalfEdge@local@@$0A@@local@@QEAAXI@Z 000000018002a040 f i QuickHullConvexHullLib.obj
 0001:000290e0       ?recreate@?$Array@PEAUQuickHullFace@local@@VNamedAllocator@shdfnd@physx@@@shdfnd@physx@@IEAAXI@Z 000000018002a0e0 f i QuickHullConvexHullLib.obj
 0001:00029190       ?recreate@?$Array@PEAUQuickHullHalfEdge@local@@VNamedAllocator@shdfnd@physx@@@shdfnd@physx@@IEAAXI@Z 000000018002a190 f i QuickHullConvexHullLib.obj
 0001:00029240       ?recreate@?$Array@PEAUQuickHullVertex@local@@VNamedAllocator@shdfnd@physx@@@shdfnd@physx@@IEAAXI@Z 000000018002a240 f i QuickHullConvexHullLib.obj
 0001:000292f0       ?recreate@?$Array@UExpandPoint@local@@VNamedAllocator@shdfnd@physx@@@shdfnd@physx@@IEAAXI@Z 000000018002a2f0 f i QuickHullConvexHullLib.obj
 0001:00029390       ?computeVolumeIntegrals@physx@@YA_NAEBVPxSimpleTriangleMesh@1@MAEAUPxIntegrals@1@@Z 000000018002a390 f   VolumeIntegration.obj
 0001:00029400       ?computeVolumeIntegralsEberly@physx@@YA_NAEBVPxConvexMeshDesc@1@MAEAUPxIntegrals@1@AEBVPxVec3@1@@Z 000000018002a400 f   VolumeIntegration.obj
 0001:00029450       ?computeVolumeIntegralsEberlySIMD@physx@@YA_NAEBVPxConvexMeshDesc@1@MAEAUPxIntegrals@1@AEBVPxVec3@1@@Z 000000018002a450 f   VolumeIntegration.obj
 0001:0002b750       PxSetPhysXCookingDelayLoadHook 000000018002c750 f   WindowsCookingDelayLoadHook.obj
 0001:0002b760       ?cookingDelayHook@@YAP6A_JXZIPEAUDelayLoadInfo@@@Z 000000018002c760 f   WindowsCookingDelayLoadHook.obj
 0001:0002b838       __imp_load_??0RadixSortBuffered@Cm@physx@@QEAA@XZ 000000018002c838 f   PhysXCommon_64:PhysXCommon_64.dll
 0001:0002b844       ??0RadixSortBuffered@Cm@physx@@QEAA@XZ 000000018002c844 f   PhysXCommon_64:PhysXCommon_64.dll
 0001:0002b84a       __tailMerge_physxcommon_64_dll 000000018002c84a     PhysXCommon_64:PhysXCommon_64.dll
 0001:0002b8c3       __imp_load_??1RadixSortBuffered@Cm@physx@@UEAA@XZ 000000018002c8c3 f   PhysXCommon_64:PhysXCommon_64.dll
 0001:0002b8cf       ??1RadixSortBuffered@Cm@physx@@UEAA@XZ 000000018002c8cf f   PhysXCommon_64:PhysXCommon_64.dll
 0001:0002b8d5       __imp_load_?Sort@RadixSortBuffered@Cm@physx@@QEAAAEAV123@PEBIIW4RadixHint@23@@Z 000000018002c8d5 f   PhysXCommon_64:PhysXCommon_64.dll
 0001:0002b8e1       ?Sort@RadixSortBuffered@Cm@physx@@QEAAAEAV123@PEBIIW4RadixHint@23@@Z 000000018002c8e1 f   PhysXCommon_64:PhysXCommon_64.dll
 0001:0002b8e7       __imp_load_?readDword@physx@@YAI_NAEAVPxInputStream@1@@Z 000000018002c8e7 f   PhysXCommon_64:PhysXCommon_64.dll
 0001:0002b8f3       ?readDword@physx@@YAI_NAEAVPxInputStream@1@@Z 000000018002c8f3 f   PhysXCommon_64:PhysXCommon_64.dll
 0001:0002b8f9       __imp_load_?ReadHeader@Gu@physx@@YA_NEEEEAEAIAEA_NAEAVPxInputStream@2@@Z 000000018002c8f9 f   PhysXCommon_64:PhysXCommon_64.dll
 0001:0002b905       ?ReadHeader@Gu@physx@@YA_NEEEEAEAIAEA_NAEAVPxInputStream@2@@Z 000000018002c905 f   PhysXCommon_64:PhysXCommon_64.dll
 0001:0002b90b       __imp_load_??0HeightField@Gu@physx@@QEAA@PEAVGuMeshFactory@2@@Z 000000018002c90b f   PhysXCommon_64:PhysXCommon_64.dll
 0001:0002b917       ??0HeightField@Gu@physx@@QEAA@PEAVGuMeshFactory@2@@Z 000000018002c917 f   PhysXCommon_64:PhysXCommon_64.dll
 0001:0002b91d       __imp_load_?loadFromDesc@HeightField@Gu@physx@@QEAA_NAEBVPxHeightFieldDesc@3@@Z 000000018002c91d f   PhysXCommon_64:PhysXCommon_64.dll
 0001:0002b929       ?loadFromDesc@HeightField@Gu@physx@@QEAA_NAEBVPxHeightFieldDesc@3@@Z 000000018002c929 f   PhysXCommon_64:PhysXCommon_64.dll
 0001:0002b92f       __imp_load_?computeCellCoordinates@HeightField@Gu@physx@@QEBAIMMAEAM0@Z 000000018002c92f f   PhysXCommon_64:PhysXCommon_64.dll
 0001:0002b93b       ?computeCellCoordinates@HeightField@Gu@physx@@QEBAIMMAEAM0@Z 000000018002c93b f   PhysXCommon_64:PhysXCommon_64.dll
 0001:0002b941       __imp_load_?releaseMemory@HeightField@Gu@physx@@QEAAXXZ 000000018002c941 f   PhysXCommon_64:PhysXCommon_64.dll
 0001:0002b94d       ?releaseMemory@HeightField@Gu@physx@@QEAAXXZ 000000018002c94d f   PhysXCommon_64:PhysXCommon_64.dll
 0001:0002b953       __imp_load_??1HeightField@Gu@physx@@UEAA@XZ 000000018002c953 f   PhysXCommon_64:PhysXCommon_64.dll
 0001:0002b95f       ??1HeightField@Gu@physx@@UEAA@XZ 000000018002c95f f   PhysXCommon_64:PhysXCommon_64.dll
 0001:0002b965       __imp_load_??0NodeAllocator@Gu@physx@@QEAA@XZ 000000018002c965 f   PhysXCommon_64:PhysXCommon_64.dll
 0001:0002b971       ??0NodeAllocator@Gu@physx@@QEAA@XZ 000000018002c971 f   PhysXCommon_64:PhysXCommon_64.dll
 0001:0002b977       __imp_load_??1NodeAllocator@Gu@physx@@QEAA@XZ 000000018002c977 f   PhysXCommon_64:PhysXCommon_64.dll
 0001:0002b983       ??1NodeAllocator@Gu@physx@@QEAA@XZ 000000018002c983 f   PhysXCommon_64:PhysXCommon_64.dll
 0001:0002b989       __imp_load_?release@NodeAllocator@Gu@physx@@QEAAXXZ 000000018002c989 f   PhysXCommon_64:PhysXCommon_64.dll
 0001:0002b995       ?release@NodeAllocator@Gu@physx@@QEAAXXZ 000000018002c995 f   PhysXCommon_64:PhysXCommon_64.dll
 0001:0002b99b       __imp_load_?buildAABBTree@Gu@physx@@YA_NAEAVAABBTreeBuildParams@12@AEAVNodeAllocator@12@AEAUBuildStats@12@AEAPEAI@Z 000000018002c99b f   PhysXCommon_64:PhysXCommon_64.dll
 0001:0002b9a7       ?buildAABBTree@Gu@physx@@YA_NAEAVAABBTreeBuildParams@12@AEAVNodeAllocator@12@AEAUBuildStats@12@AEAPEAI@Z 000000018002c9a7 f   PhysXCommon_64:PhysXCommon_64.dll
 0001:0002b9ad       __imp_load_?writeDword@physx@@YAXI_NAEAVPxOutputStream@1@@Z 000000018002c9ad f   PhysXCommon_64:PhysXCommon_64.dll
 0001:0002b9b9       ?writeDword@physx@@YAXI_NAEAVPxOutputStream@1@@Z 000000018002c9b9 f   PhysXCommon_64:PhysXCommon_64.dll
 0001:0002b9bf       __imp_load_?writeFloatBuffer@physx@@YAXPEBMI_NAEAVPxOutputStream@1@@Z 000000018002c9bf f   PhysXCommon_64:PhysXCommon_64.dll
 0001:0002b9cb       ?writeFloatBuffer@physx@@YAXPEBMI_NAEAVPxOutputStream@1@@Z 000000018002c9cb f   PhysXCommon_64:PhysXCommon_64.dll
 0001:0002b9d1       __imp_load_?writeHeader@physx@@YA_NCCCCI_NAEAVPxOutputStream@1@@Z 000000018002c9d1 f   PhysXCommon_64:PhysXCommon_64.dll
 0001:0002b9dd       ?writeHeader@physx@@YA_NCCCCI_NAEAVPxOutputStream@1@@Z 000000018002c9dd f   PhysXCommon_64:PhysXCommon_64.dll
 0001:0002b9e3       __imp_load_?writeWord@physx@@YAXG_NAEAVPxOutputStream@1@@Z 000000018002c9e3 f   PhysXCommon_64:PhysXCommon_64.dll
 0001:0002b9ef       ?writeWord@physx@@YAXG_NAEAVPxOutputStream@1@@Z 000000018002c9ef f   PhysXCommon_64:PhysXCommon_64.dll
 0001:0002b9f5       __imp_load_?writeFloat@physx@@YAXM_NAEAVPxOutputStream@1@@Z 000000018002c9f5 f   PhysXCommon_64:PhysXCommon_64.dll
 0001:0002ba01       ?writeFloat@physx@@YAXM_NAEAVPxOutputStream@1@@Z 000000018002ca01 f   PhysXCommon_64:PhysXCommon_64.dll
 0001:0002ba07       __imp_load_?computeBoundsAroundVertices@Gu@physx@@YAXAEAVPxBounds3@2@IPEIBVPxVec3@2@@Z 000000018002ca07 f   PhysXCommon_64:PhysXCommon_64.dll
 0001:0002ba13       ?computeBoundsAroundVertices@Gu@physx@@YAXAEAVPxBounds3@2@IPEIBVPxVec3@2@@Z 000000018002ca13 f   PhysXCommon_64:PhysXCommon_64.dll
 0001:0002ba19       __imp_load_??0SourceMesh@Gu@physx@@QEAA@XZ 000000018002ca19 f   PhysXCommon_64:PhysXCommon_64.dll
 0001:0002ba25       ??0SourceMesh@Gu@physx@@QEAA@XZ 000000018002ca25 f   PhysXCommon_64:PhysXCommon_64.dll
 0001:0002ba2b       __imp_load_??1SourceMesh@Gu@physx@@QEAA@XZ 000000018002ca2b f   PhysXCommon_64:PhysXCommon_64.dll
 0001:0002ba37       ??1SourceMesh@Gu@physx@@QEAA@XZ 000000018002ca37 f   PhysXCommon_64:PhysXCommon_64.dll
 0001:0002ba3d       __imp_load_??0BV4Tree@Gu@physx@@QEAA@XZ 000000018002ca3d f   PhysXCommon_64:PhysXCommon_64.dll
 0001:0002ba49       ??0BV4Tree@Gu@physx@@QEAA@XZ 000000018002ca49 f   PhysXCommon_64:PhysXCommon_64.dll
 0001:0002ba4f       __imp_load_??1BV4Tree@Gu@physx@@QEAA@XZ 000000018002ca4f f   PhysXCommon_64:PhysXCommon_64.dll
 0001:0002ba5b       ??1BV4Tree@Gu@physx@@QEAA@XZ 000000018002ca5b f   PhysXCommon_64:PhysXCommon_64.dll
 0001:0002ba61       __imp_load_??0BV32Tree@Gu@physx@@QEAA@XZ 000000018002ca61 f   PhysXCommon_64:PhysXCommon_64.dll
 0001:0002ba6d       ??0BV32Tree@Gu@physx@@QEAA@XZ 000000018002ca6d f   PhysXCommon_64:PhysXCommon_64.dll
 0001:0002ba73       __imp_load_??1BV32Tree@Gu@physx@@QEAA@XZ 000000018002ca73 f   PhysXCommon_64:PhysXCommon_64.dll
 0001:0002ba7f       ??1BV32Tree@Gu@physx@@QEAA@XZ 000000018002ca7f f   PhysXCommon_64:PhysXCommon_64.dll
 0001:0002ba85       __imp_load_?writeWordBuffer@physx@@YAXPEBGI_NAEAVPxOutputStream@1@@Z 000000018002ca85 f   PhysXCommon_64:PhysXCommon_64.dll
 0001:0002ba91       ?writeWordBuffer@physx@@YAXPEBGI_NAEAVPxOutputStream@1@@Z 000000018002ca91 f   PhysXCommon_64:PhysXCommon_64.dll
 0001:0002ba97       __imp_load_?computeMaxIndex@physx@@YAIPEBII@Z 000000018002ca97 f   PhysXCommon_64:PhysXCommon_64.dll
 0001:0002baa3       ?computeMaxIndex@physx@@YAIPEBII@Z 000000018002caa3 f   PhysXCommon_64:PhysXCommon_64.dll
 0001:0002baa9       __imp_load_?storeIndices@physx@@YAXIIPEBIAEAVPxOutputStream@1@_N@Z 000000018002caa9 f   PhysXCommon_64:PhysXCommon_64.dll
 0001:0002bab5       ?storeIndices@physx@@YAXIIPEBIAEAVPxOutputStream@1@_N@Z 000000018002cab5 f   PhysXCommon_64:PhysXCommon_64.dll
 0001:0002babb       __imp_load_?BuildBV4Ex@Gu@physx@@YA_NAEAVBV4Tree@12@AEAVSourceMesh@12@MI@Z 000000018002cabb f   PhysXCommon_64:PhysXCommon_64.dll
 0001:0002bac7       ?BuildBV4Ex@Gu@physx@@YA_NAEAVBV4Tree@12@AEAVSourceMesh@12@MI@Z 000000018002cac7 f   PhysXCommon_64:PhysXCommon_64.dll
 0001:0002bacd       __imp_load_?BuildBV32Ex@Gu@physx@@YA_NAEAVBV32Tree@12@AEAVSourceMesh@12@MI@Z 000000018002cacd f   PhysXCommon_64:PhysXCommon_64.dll
 0001:0002bad9       ?BuildBV32Ex@Gu@physx@@YA_NAEAVBV32Tree@12@AEAVSourceMesh@12@MI@Z 000000018002cad9 f   PhysXCommon_64:PhysXCommon_64.dll
 0001:0002badf       __imp_load_?computeMaxIndex@physx@@YAGPEBGI@Z 000000018002cadf f   PhysXCommon_64:PhysXCommon_64.dll
 0001:0002baeb       ?computeMaxIndex@physx@@YAGPEBGI@Z 000000018002caeb f   PhysXCommon_64:PhysXCommon_64.dll
 0001:0002baf1       __imp_load_?WriteHeader@Gu@physx@@YA_NEEEEI_NAEAVPxOutputStream@2@@Z 000000018002caf1 f   PhysXCommon_64:PhysXCommon_64.dll
 0001:0002bafd       ?WriteHeader@Gu@physx@@YA_NEEEEI_NAEAVPxOutputStream@2@@Z 000000018002cafd f   PhysXCommon_64:PhysXCommon_64.dll
 0001:0002bb03       __imp_load_?StoreIndices@Gu@physx@@YAXGIPEBGAEAVPxOutputStream@2@_N@Z 000000018002cb03 f   PhysXCommon_64:PhysXCommon_64.dll
 0001:0002bb0f       ?StoreIndices@Gu@physx@@YAXGIPEBGAEAVPxOutputStream@2@_N@Z 000000018002cb0f f   PhysXCommon_64:PhysXCommon_64.dll
 0001:0002bb15       __imp_load_?CreateOffsets@BigConvexData@physx@@IEAAXXZ 000000018002cb15 f   PhysXCommon_64:PhysXCommon_64.dll
 0001:0002bb21       ?CreateOffsets@BigConvexData@physx@@IEAAXXZ 000000018002cb21 f   PhysXCommon_64:PhysXCommon_64.dll
 0001:0002bb27       __imp_load_?computeOBBPoints@Gu@physx@@YAXPEIAVPxVec3@2@AEBV32@1111@Z 000000018002cb27 f   PhysXCommon_64:PhysXCommon_64.dll
 0001:0002bb33       ?computeOBBPoints@Gu@physx@@YAXPEIAVPxVec3@2@AEBV32@1111@Z 000000018002cb33 f   PhysXCommon_64:PhysXCommon_64.dll
 0001:0002bb39       __imp_load_??0BigConvexData@physx@@QEAA@XZ 000000018002cb39 f   PhysXCommon_64:PhysXCommon_64.dll
 0001:0002bb45       ??0BigConvexData@physx@@QEAA@XZ 000000018002cb45 f   PhysXCommon_64:PhysXCommon_64.dll
 0001:0002bb4b       __imp_load_??1BigConvexData@physx@@QEAA@XZ 000000018002cb4b f   PhysXCommon_64:PhysXCommon_64.dll
 0001:0002bb57       ??1BigConvexData@physx@@QEAA@XZ 000000018002cb57 f   PhysXCommon_64:PhysXCommon_64.dll
 0001:0002bb5d       __imp_load_PxGetFoundation 000000018002cb5d f   PhysXFoundation_64:PhysXFoundation_64.dll
 0001:0002bb69       PxGetFoundation            000000018002cb69 f   PhysXFoundation_64:PhysXFoundation_64.dll
 0001:0002bb6f       __tailMerge_physxfoundation_64_dll 000000018002cb6f     PhysXFoundation_64:PhysXFoundation_64.dll
 0001:0002bbe8       __imp_load_?getAllocator@shdfnd@physx@@YAAEAVPxAllocatorCallback@2@XZ 000000018002cbe8 f   PhysXFoundation_64:PhysXFoundation_64.dll
 0001:0002bbf4       ?getAllocator@shdfnd@physx@@YAAEAVPxAllocatorCallback@2@XZ 000000018002cbf4 f   PhysXFoundation_64:PhysXFoundation_64.dll
 0001:0002bbfa       __imp_load_??0NamedAllocator@shdfnd@physx@@QEAA@PEBD@Z 000000018002cbfa f   PhysXFoundation_64:PhysXFoundation_64.dll
 0001:0002bc06       ??0NamedAllocator@shdfnd@physx@@QEAA@PEBD@Z 000000018002cc06 f   PhysXFoundation_64:PhysXFoundation_64.dll
 0001:0002bc0c       __imp_load_?getInstance@Foundation@shdfnd@physx@@SAAEAV123@XZ 000000018002cc0c f   PhysXFoundation_64:PhysXFoundation_64.dll
 0001:0002bc18       ?getInstance@Foundation@shdfnd@physx@@SAAEAV123@XZ 000000018002cc18 f   PhysXFoundation_64:PhysXFoundation_64.dll
 0001:0002bc1e       __imp_load_?error@Foundation@shdfnd@physx@@QEAAXW4Enum@PxErrorCode@3@PEBDH1ZZ 000000018002cc1e f   PhysXFoundation_64:PhysXFoundation_64.dll
 0001:0002bc2a       ?error@Foundation@shdfnd@physx@@QEAAXW4Enum@PxErrorCode@3@PEBDH1ZZ 000000018002cc2a f   PhysXFoundation_64:PhysXFoundation_64.dll
 0001:0002bc30       __imp_load_?allocate@NamedAllocator@shdfnd@physx@@QEAAPEAX_KPEBDH@Z 000000018002cc30 f   PhysXFoundation_64:PhysXFoundation_64.dll
 0001:0002bc3c       ?allocate@NamedAllocator@shdfnd@physx@@QEAAPEAX_KPEBDH@Z 000000018002cc3c f   PhysXFoundation_64:PhysXFoundation_64.dll
 0001:0002bc42       __imp_load_?deallocate@NamedAllocator@shdfnd@physx@@QEAAXPEAX@Z 000000018002cc42 f   PhysXFoundation_64:PhysXFoundation_64.dll
 0001:0002bc4e       ?deallocate@NamedAllocator@shdfnd@physx@@QEAAXPEAX@Z 000000018002cc4e f   PhysXFoundation_64:PhysXFoundation_64.dll
 0001:0002bc54       __imp_load_?incRefCount@Foundation@shdfnd@physx@@SAXXZ 000000018002cc54 f   PhysXFoundation_64:PhysXFoundation_64.dll
 0001:0002bc60       ?incRefCount@Foundation@shdfnd@physx@@SAXXZ 000000018002cc60 f   PhysXFoundation_64:PhysXFoundation_64.dll
 0001:0002bc66       __imp_load_?decRefCount@Foundation@shdfnd@physx@@SAXXZ 000000018002cc66 f   PhysXFoundation_64:PhysXFoundation_64.dll
 0001:0002bc72       ?decRefCount@Foundation@shdfnd@physx@@SAXXZ 000000018002cc72 f   PhysXFoundation_64:PhysXFoundation_64.dll
 0001:0002bc78       __imp_load_??0FPUGuard@shdfnd@physx@@QEAA@XZ 000000018002cc78 f   PhysXFoundation_64:PhysXFoundation_64.dll
 0001:0002bc84       ??0FPUGuard@shdfnd@physx@@QEAA@XZ 000000018002cc84 f   PhysXFoundation_64:PhysXFoundation_64.dll
 0001:0002bc8a       __imp_load_??1FPUGuard@shdfnd@physx@@QEAA@XZ 000000018002cc8a f   PhysXFoundation_64:PhysXFoundation_64.dll
 0001:0002bc96       ??1FPUGuard@shdfnd@physx@@QEAA@XZ 000000018002cc96 f   PhysXFoundation_64:PhysXFoundation_64.dll
 0001:0002bc9c       __imp_load_??1NamedAllocator@shdfnd@physx@@QEAA@XZ 000000018002cc9c f   PhysXFoundation_64:PhysXFoundation_64.dll
 0001:0002bca8       ??1NamedAllocator@shdfnd@physx@@QEAA@XZ 000000018002cca8 f   PhysXFoundation_64:PhysXFoundation_64.dll
 0001:0002bcae       __imp_load_??0NamedAllocator@shdfnd@physx@@QEAA@AEBV012@@Z 000000018002ccae f   PhysXFoundation_64:PhysXFoundation_64.dll
 0001:0002bcba       ??0NamedAllocator@shdfnd@physx@@QEAA@AEBV012@@Z 000000018002ccba f   PhysXFoundation_64:PhysXFoundation_64.dll
 0001:0002bcc0       __imp_load_?allocate@TempAllocator@shdfnd@physx@@QEAAPEAX_KPEBDH@Z 000000018002ccc0 f   PhysXFoundation_64:PhysXFoundation_64.dll
 0001:0002bccc       ?allocate@TempAllocator@shdfnd@physx@@QEAAPEAX_KPEBDH@Z 000000018002cccc f   PhysXFoundation_64:PhysXFoundation_64.dll
 0001:0002bcd2       __imp_load_?deallocate@TempAllocator@shdfnd@physx@@QEAAXPEAX@Z 000000018002ccd2 f   PhysXFoundation_64:PhysXFoundation_64.dll
 0001:0002bcde       ?deallocate@TempAllocator@shdfnd@physx@@QEAAXPEAX@Z 000000018002ccde f   PhysXFoundation_64:PhysXFoundation_64.dll
 0001:0002bce4       __imp_load_?PxDiagonalize@physx@@YA?AVPxVec3@1@AEBVPxMat33@1@AEAVPxQuat@1@@Z 000000018002cce4 f   PhysXFoundation_64:PhysXFoundation_64.dll
 0001:0002bcf0       ?PxDiagonalize@physx@@YA?AVPxVec3@1@AEBVPxMat33@1@AEAVPxQuat@1@@Z 000000018002ccf0 f   PhysXFoundation_64:PhysXFoundation_64.dll
 0001:0002bcf6       LoadLibraryA               000000018002ccf6 f   kernel32:KERNEL32.dll
 0001:0002bcfc       ??$PFromRva@PEAP6A_JXZ@@YAPEAP6A_JXZK@Z 000000018002ccfc f i Delayimp:delayhlp.obj
 0001:0002bd0c       ??$PFromRva@PEAPEAUHINSTANCE__@@@@YAPEAPEAUHINSTANCE__@@K@Z 000000018002cd0c f i Delayimp:delayhlp.obj
 0001:0002bd1c       ??$PFromRva@PEAU_IMAGE_IMPORT_BY_NAME@@@@YAPEAU_IMAGE_IMPORT_BY_NAME@@K@Z 000000018002cd1c f i Delayimp:delayhlp.obj
 0001:0002bd2c       ??$PFromRva@PEAU_IMAGE_THUNK_DATA64@@@@YAPEAU_IMAGE_THUNK_DATA64@@K@Z 000000018002cd2c f i Delayimp:delayhlp.obj
 0001:0002bd3c       ??$PFromRva@PEBD@@YAPEBDK@Z 000000018002cd3c f i Delayimp:delayhlp.obj
 0001:0002bd4c       ??$PFromRva@PEBUImgDelayDescr@@@@YAPEBUImgDelayDescr@@K@Z 000000018002cd4c f i Delayimp:delayhlp.obj
 0001:0002bd5c       ??$PFromRva@PEBU_IMAGE_THUNK_DATA64@@@@YAPEBU_IMAGE_THUNK_DATA64@@K@Z 000000018002cd5c f i Delayimp:delayhlp.obj
 0001:0002bd6c       ?CountOfImports@@YAIPEBU_IMAGE_THUNK_DATA64@@@Z 000000018002cd6c f i Delayimp:delayhlp.obj
 0001:0002bd80       ?DloadAcquireSectionWriteAccess@@YAXXZ 000000018002cd80 f i Delayimp:delayhlp.obj
 0001:0002be2c       ?DloadGetSRWLockFunctionPointers@@YAEXZ 000000018002ce2c f i Delayimp:delayhlp.obj
 0001:0002bec8       ?DloadLock@@YAXXZ          000000018002cec8 f i Delayimp:delayhlp.obj
 0001:0002bf10       ?DloadMakePermanentImageCommit@@YAXPEAX_K@Z 000000018002cf10 f i Delayimp:delayhlp.obj
 0001:0002bfa8       ?DloadObtainSection@@YAPEAXPEAK0@Z 000000018002cfa8 f i Delayimp:delayhlp.obj
 0001:0002c044       ?DloadProtectSection@@YAXKPEAK@Z 000000018002d044 f i Delayimp:delayhlp.obj
 0001:0002c0d4       ?DloadReleaseSectionWriteAccess@@YAXXZ 000000018002d0d4 f i Delayimp:delayhlp.obj
 0001:0002c168       ?DloadUnlock@@YAXXZ        000000018002d168 f i Delayimp:delayhlp.obj
 0001:0002c1a8       ?IndexFromPImgThunkData@@YAIPEBU_IMAGE_THUNK_DATA64@@0@Z 000000018002d1a8 f i Delayimp:delayhlp.obj
 0001:0002c2f0       HRESULT_FROM_WIN32         000000018002d2f0 f i Delayimp:delayhlp.obj
 0001:0002c300       ReadAcquire64              000000018002d300 f i Delayimp:delayhlp.obj
 0001:0002c304       ReadPointerAcquire         000000018002d304 f i Delayimp:delayhlp.obj
 0001:0002c308       WritePointerRelease        000000018002d308 f i Delayimp:delayhlp.obj
 0001:0002c30c       WriteRelease64             000000018002d30c f i Delayimp:delayhlp.obj
 0001:0002c310       __FUnloadDelayLoadedDLL2   000000018002d310 f   Delayimp:delayhlp.obj
 0001:0002c3cc       __HrLoadAllImportsForDll   000000018002d3cc f   Delayimp:delayhlp.obj
 0001:0002c440       __delayLoadHelper2         000000018002d440 f   Delayimp:delayhlp.obj
 0001:0002c718       ??3@YAXPEAX_K@Z            000000018002d718 f   MSVCRT:delete_scalar_size.obj
 0001:0002c720       ??_V@YAXPEAX_K@Z           000000018002d720 f   MSVCRT:delete_array_size.obj
[...]
 0004:00001c14       $pdata$1$?doPostAdjacentMerge@QuickHull@local@@IEAA_NAEAUQuickHullFace@2@M@Z 000000018003cc14     QuickHullConvexHullLib.obj
 0004:00001c20       $pdata$2$?doPostAdjacentMerge@QuickHull@local@@IEAA_NAEAUQuickHullFace@2@M@Z 000000018003cc20     QuickHullConvexHullLib.obj
 0004:00001c2c       $pdata$3$?doPostAdjacentMerge@QuickHull@local@@IEAA_NAEAUQuickHullFace@2@M@Z 000000018003cc2c     QuickHullConvexHullLib.obj
 0004:00001c38       $pdata$4$?doPostAdjacentMerge@QuickHull@local@@IEAA_NAEAUQuickHullFace@2@M@Z 000000018003cc38     QuickHullConvexHullLib.obj
 0004:00001c44       $pdata$?deleteFacePoints@QuickHull@local@@IEAAXAEAUQuickHullFace@2@PEAU32@@Z 000000018003cc44     QuickHullConvexHullLib.obj
 0004:00001c50       $pdata$0$?deleteFacePoints@QuickHull@local@@IEAAXAEAUQuickHullFace@2@PEAU32@@Z 000000018003cc50     QuickHullConvexHullLib.obj
 0004:00001c5c       $pdata$1$?deleteFacePoints@QuickHull@local@@IEAAXAEAUQuickHullFace@2@PEAU32@@Z 000000018003cc5c     QuickHullConvexHullLib.obj
 0004:00001c68       $pdata$?resolveUnclaimedPoints@QuickHull@local@@IEAAXAEBV?$Array@PEAUQuickHullFace@local@@VNamedAllocator@shdfnd@physx@@@shdfnd@physx@@@Z 000000018003cc68     QuickHullConvexHullLib.obj
 0004:00001c74       $pdata$1$?resolveUnclaimedPoints@QuickHull@local@@IEAAXAEBV?$Array@PEAUQuickHullFace@local@@VNamedAllocator@shdfnd@physx@@@shdfnd@physx@@@Z 000000018003cc74     QuickHullConvexHullLib.obj
 0004:00001c80       $pdata$2$?resolveUnclaimedPoints@QuickHull@local@@IEAAXAEBV?$Array@PEAUQuickHullFace@local@@VNamedAllocator@shdfnd@physx@@@shdfnd@physx@@@Z 000000018003cc80     QuickHullConvexHullLib.obj
 0004:00001c8c       $pdata$?postMergeHull@QuickHull@local@@IEAAXXZ 000000018003cc8c     QuickHullConvexHullLib.obj
 0004:00001c98       $pdata$4$?postMergeHull@QuickHull@local@@IEAAXXZ 000000018003cc98     QuickHullConvexHullLib.obj
 0004:00001ca4       $pdata$5$?postMergeHull@QuickHull@local@@IEAAXXZ 000000018003cca4     QuickHullConvexHullLib.obj
 0004:00001cb0       $pdata$6$?postMergeHull@QuickHull@local@@IEAAXXZ 000000018003ccb0     QuickHullConvexHullLib.obj
 0004:00001cbc       $pdata$?canMergeFaces@QuickHull@local@@IEAA_NAEBUQuickHullHalfEdge@2@@Z 000000018003ccbc     QuickHullConvexHullLib.obj
 0004:00001cc8       $pdata$?getExpandPoint@local@@YAXAEBUQuickHullHalfEdge@1@AEAUExpandPoint@1@PEBV?$Array@IVNamedAllocator@shdfnd@physx@@@shdfnd@physx@@@Z 000000018003ccc8     QuickHullConvexHullLib.obj
 0004:00001cd4       $pdata$??_GQuickHullConvexHullLib@physx@@UEAAPEAXI@Z 000000018003ccd4     QuickHullConvexHullLib.obj
 0004:00001ce0       $pdata$??_GConvexHull@physx@@QEAAPEAXI@Z 000000018003cce0     QuickHullConvexHullLib.obj
 0004:00001cec       $pdata$?init@?$MemBlock@UQuickHullHalfEdge@local@@$0A@@local@@QEAAXI@Z 000000018003ccec     QuickHullConvexHullLib.obj
 0004:00001cf8       $pdata$??1?$MemBlock@UQuickHullHalfEdge@local@@$0A@@local@@QEAA@XZ 000000018003ccf8     QuickHullConvexHullLib.obj
 0004:00001d04       $pdata$0$??1?$MemBlock@UQuickHullHalfEdge@local@@$0A@@local@@QEAA@XZ 000000018003cd04     QuickHullConvexHullLib.obj
 0004:00001d10       $pdata$1$??1?$MemBlock@UQuickHullHalfEdge@local@@$0A@@local@@QEAA@XZ 000000018003cd10     QuickHullConvexHullLib.obj
 0004:00001d1c       $pdata$2$??1?$MemBlock@UQuickHullHalfEdge@local@@$0A@@local@@QEAA@XZ 000000018003cd1c     QuickHullConvexHullLib.obj
 0004:00001d28       $pdata$3$??1?$MemBlock@UQuickHullHalfEdge@local@@$0A@@local@@QEAA@XZ 000000018003cd28     QuickHullConvexHullLib.obj
 0004:00001d34       $pdata$?getFreeItem@?$MemBlock@UQuickHullHalfEdge@local@@$0A@@local@@QEAAPEAUQuickHullHalfEdge@2@XZ 000000018003cd34     QuickHullConvexHullLib.obj
 0004:00001d40       $pdata$?growAndPushBack@?$Array@PEAUQuickHullHalfEdge@local@@VNamedAllocator@shdfnd@physx@@@shdfnd@physx@@IEAAAEAPEAUQuickHullHalfEdge@local@@AEBQEAU45@@Z 000000018003cd40     QuickHullConvexHullLib.obj
 0004:00001d4c       $pdata$0$?growAndPushBack@?$Array@PEAUQuickHullHalfEdge@local@@VNamedAllocator@shdfnd@physx@@@shdfnd@physx@@IEAAAEAPEAUQuickHullHalfEdge@local@@AEBQEAU45@@Z 000000018003cd4c     QuickHullConvexHullLib.obj
 0004:00001d58       $pdata$1$?growAndPushBack@?$Array@PEAUQuickHullHalfEdge@local@@VNamedAllocator@shdfnd@physx@@@shdfnd@physx@@IEAAAEAPEAUQuickHullHalfEdge@local@@AEBQEAU45@@Z 000000018003cd58     QuickHullConvexHullLib.obj
 0004:00001d64       $pdata$2$?growAndPushBack@?$Array@PEAUQuickHullHalfEdge@local@@VNamedAllocator@shdfnd@physx@@@shdfnd@physx@@IEAAAEAPEAUQuickHullHalfEdge@local@@AEBQEAU45@@Z 000000018003cd64     QuickHullConvexHullLib.obj
 0004:00001d70       $pdata$3$?growAndPushBack@?$Array@PEAUQuickHullHalfEdge@local@@VNamedAllocator@shdfnd@physx@@@shdfnd@physx@@IEAAAEAPEAUQuickHullHalfEdge@local@@AEBQEAU45@@Z 000000018003cd70     QuickHullConvexHullLib.obj
 0004:00001d7c       $pdata$?recreate@?$Array@PEAUQuickHullHalfEdge@local@@VNamedAllocator@shdfnd@physx@@@shdfnd@physx@@IEAAXI@Z 000000018003cd7c     QuickHullConvexHullLib.obj
 0004:00001d88       $pdata$0$?recreate@?$Array@PEAUQuickHullHalfEdge@local@@VNamedAllocator@shdfnd@physx@@@shdfnd@physx@@IEAAXI@Z 000000018003cd88     QuickHullConvexHullLib.obj
 0004:00001d94       $pdata$1$?recreate@?$Array@PEAUQuickHullHalfEdge@local@@VNamedAllocator@shdfnd@physx@@@shdfnd@physx@@IEAAXI@Z 000000018003cd94     QuickHullConvexHullLib.obj
 0004:00001da0       $pdata$?init@?$MemBlock@UQuickHullFace@local@@$00@local@@QEAAXI@Z 000000018003cda0     QuickHullConvexHullLib.obj
 0004:00001dac       $pdata$??1?$MemBlock@UQuickHullFace@local@@$00@local@@QEAA@XZ 000000018003cdac     QuickHullConvexHullLib.obj
 0004:00001db8       $pdata$0$??1?$MemBlock@UQuickHullFace@local@@$00@local@@QEAA@XZ 000000018003cdb8     QuickHullConvexHullLib.obj
 0004:00001dc4       $pdata$1$??1?$MemBlock@UQuickHullFace@local@@$00@local@@QEAA@XZ 000000018003cdc4     QuickHullConvexHullLib.obj
 0004:00001dd0       $pdata$2$??1?$MemBlock@UQuickHullFace@local@@$00@local@@QEAA@XZ 000000018003cdd0     QuickHullConvexHullLib.obj
 0004:00001ddc       $pdata$3$??1?$MemBlock@UQuickHullFace@local@@$00@local@@QEAA@XZ 000000018003cddc     QuickHullConvexHullLib.obj
 0004:00001de8       $pdata$?getFreeItem@?$MemBlock@UQuickHullFace@local@@$00@local@@QEAAPEAUQuickHullFace@2@XZ 000000018003cde8     QuickHullConvexHullLib.obj
 0004:00001df4       $pdata$?growAndPushBack@?$Array@PEAUQuickHullFace@local@@VNamedAllocator@shdfnd@physx@@@shdfnd@physx@@IEAAAEAPEAUQuickHullFace@local@@AEBQEAU45@@Z 000000018003cdf4     QuickHullConvexHullLib.obj
 0004:00001e00       $pdata$0$?growAndPushBack@?$Array@PEAUQuickHullFace@local@@VNamedAllocator@shdfnd@physx@@@shdfnd@physx@@IEAAAEAPEAUQuickHullFace@local@@AEBQEAU45@@Z 000000018003ce00     QuickHullConvexHullLib.obj
 0004:00001e0c       $pdata$1$?growAndPushBack@?$Array@PEAUQuickHullFace@local@@VNamedAllocator@shdfnd@physx@@@shdfnd@physx@@IEAAAEAPEAUQuickHullFace@local@@AEBQEAU45@@Z 000000018003ce0c     QuickHullConvexHullLib.obj
 0004:00001e18       $pdata$2$?growAndPushBack@?$Array@PEAUQuickHullFace@local@@VNamedAllocator@shdfnd@physx@@@shdfnd@physx@@IEAAAEAPEAUQuickHullFace@local@@AEBQEAU45@@Z 000000018003ce18     QuickHullConvexHullLib.obj
 0004:00001e24       $pdata$3$?growAndPushBack@?$Array@PEAUQuickHullFace@local@@VNamedAllocator@shdfnd@physx@@@shdfnd@physx@@IEAAAEAPEAUQuickHullFace@local@@AEBQEAU45@@Z 000000018003ce24     QuickHullConvexHullLib.obj
 0004:00001e30       $pdata$?recreate@?$Array@PEAUQuickHullFace@local@@VNamedAllocator@shdfnd@physx@@@shdfnd@physx@@IEAAXI@Z 000000018003ce30     QuickHullConvexHullLib.obj
 0004:00001e3c       $pdata$0$?recreate@?$Array@PEAUQuickHullFace@local@@VNamedAllocator@shdfnd@physx@@@shdfnd@physx@@IEAAXI@Z 000000018003ce3c     QuickHullConvexHullLib.obj
 0004:00001e48       $pdata$1$?recreate@?$Array@PEAUQuickHullFace@local@@VNamedAllocator@shdfnd@physx@@@shdfnd@physx@@IEAAXI@Z 000000018003ce48     QuickHullConvexHullLib.obj
 0004:00001e54       $pdata$?growAndPushBack@?$Array@PEAUQuickHullVertex@local@@VNamedAllocator@shdfnd@physx@@@shdfnd@physx@@IEAAAEAPEAUQuickHullVertex@local@@AEBQEAU45@@Z 000000018003ce54     QuickHullConvexHullLib.obj
 0004:00001e60       $pdata$0$?growAndPushBack@?$Array@PEAUQuickHullVertex@local@@VNamedAllocator@shdfnd@physx@@@shdfnd@physx@@IEAAAEAPEAUQuickHullVertex@local@@AEBQEAU45@@Z 000000018003ce60     QuickHullConvexHullLib.obj
 0004:00001e6c       $pdata$1$?growAndPushBack@?$Array@PEAUQuickHullVertex@local@@VNamedAllocator@shdfnd@physx@@@shdfnd@physx@@IEAAAEAPEAUQuickHullVertex@local@@AEBQEAU45@@Z 000000018003ce6c     QuickHullConvexHullLib.obj
 0004:00001e78       $pdata$2$?growAndPushBack@?$Array@PEAUQuickHullVertex@local@@VNamedAllocator@shdfnd@physx@@@shdfnd@physx@@IEAAAEAPEAUQuickHullVertex@local@@AEBQEAU45@@Z 000000018003ce78     QuickHullConvexHullLib.obj
 0004:00001e84       $pdata$3$?growAndPushBack@?$Array@PEAUQuickHullVertex@local@@VNamedAllocator@shdfnd@physx@@@shdfnd@physx@@IEAAAEAPEAUQuickHullVertex@local@@AEBQEAU45@@Z 000000018003ce84     QuickHullConvexHullLib.obj
 0004:00001e90       $pdata$?recreate@?$Array@PEAUQuickHullVertex@local@@VNamedAllocator@shdfnd@physx@@@shdfnd@physx@@IEAAXI@Z 000000018003ce90     QuickHullConvexHullLib.obj
 0004:00001e9c       $pdata$0$?recreate@?$Array@PEAUQuickHullVertex@local@@VNamedAllocator@shdfnd@physx@@@shdfnd@physx@@IEAAXI@Z 000000018003ce9c     QuickHullConvexHullLib.obj
 0004:00001ea8       $pdata$1$?recreate@?$Array@PEAUQuickHullVertex@local@@VNamedAllocator@shdfnd@physx@@@shdfnd@physx@@IEAAXI@Z 000000018003cea8     QuickHullConvexHullLib.obj
 0004:00001eb4       $pdata$??_GQuickHull@local@@QEAAPEAXI@Z 000000018003ceb4     QuickHullConvexHullLib.obj
 0004:00001ec0       $pdata$?growAndPushBack@?$Array@UExpandPoint@local@@VNamedAllocator@shdfnd@physx@@@shdfnd@physx@@IEAAAEAUExpandPoint@local@@AEBU45@@Z 000000018003cec0     QuickHullConvexHullLib.obj
 0004:00001ecc       $pdata$0$?growAndPushBack@?$Array@UExpandPoint@local@@VNamedAllocator@shdfnd@physx@@@shdfnd@physx@@IEAAAEAUExpandPoint@local@@AEBU45@@Z 000000018003cecc     QuickHullConvexHullLib.obj
 0004:00001ed8       $pdata$1$?growAndPushBack@?$Array@UExpandPoint@local@@VNamedAllocator@shdfnd@physx@@@shdfnd@physx@@IEAAAEAUExpandPoint@local@@AEBU45@@Z 000000018003ced8     QuickHullConvexHullLib.obj
 0004:00001ee4       $pdata$2$?growAndPushBack@?$Array@UExpandPoint@local@@VNamedAllocator@shdfnd@physx@@@shdfnd@physx@@IEAAAEAUExpandPoint@local@@AEBU45@@Z 000000018003cee4     QuickHullConvexHullLib.obj
 0004:00001ef0       $pdata$3$?growAndPushBack@?$Array@UExpandPoint@local@@VNamedAllocator@shdfnd@physx@@@shdfnd@physx@@IEAAAEAUExpandPoint@local@@AEBU45@@Z 000000018003cef0     QuickHullConvexHullLib.obj
 0004:00001efc       $pdata$?recreate@?$Array@UExpandPoint@local@@VNamedAllocator@shdfnd@physx@@@shdfnd@physx@@IEAAXI@Z 000000018003cefc     QuickHullConvexHullLib.obj
 0004:00001f08       $pdata$0$?recreate@?$Array@UExpandPoint@local@@VNamedAllocator@shdfnd@physx@@@shdfnd@physx@@IEAAXI@Z 000000018003cf08     QuickHullConvexHullLib.obj
 0004:00001f14       $pdata$1$?recreate@?$Array@UExpandPoint@local@@VNamedAllocator@shdfnd@physx@@@shdfnd@physx@@IEAAXI@Z 000000018003cf14     QuickHullConvexHullLib.obj
 0004:00001f20       $pdata$?computeVolumeIntegrals@physx@@YA_NAEBVPxSimpleTriangleMesh@1@MAEAUPxIntegrals@1@@Z 000000018003cf20     VolumeIntegration.obj
 0004:00001f2c       $pdata$?computeVolumeIntegralsEberly@physx@@YA_NAEBVPxConvexMeshDesc@1@MAEAUPxIntegrals@1@AEBVPxVec3@1@@Z 000000018003cf2c     VolumeIntegration.obj
 0004:00001f38       $pdata$?computeVolumeIntegralsEberlySIMD@physx@@YA_NAEBVPxConvexMeshDesc@1@MAEAUPxIntegrals@1@AEBVPxVec3@1@@Z 000000018003cf38     VolumeIntegration.obj
 0004:00001f44       $pdata$?computeVolumeIntegrals@VolumeIntegrator@?A0xef1e8b72@physx@@QEAA_NAEAUPxIntegrals@3@@Z 000000018003cf44     VolumeIntegration.obj
 0004:00001f50       $pdata$?computeProjectionIntegrals@VolumeIntegrator@?A0xef1e8b72@physx@@AEAAXAEBUFace@123@@Z 000000018003cf50     VolumeIntegration.obj
 0004:00001f5c       $pdata$?computeFaceIntegrals@VolumeIntegrator@?A0xef1e8b72@physx@@AEAAXAEBUFace@123@@Z 000000018003cf5c     VolumeIntegration.obj
 0004:00001f68       $pdata$?computeVolumeIntegralsSIMD@VolumeIntegratorEberly@?A0xef1e8b72@physx@@QEAA_NAEAUPxIntegrals@3@AEBVPxVec3@3@@Z 000000018003cf68     VolumeIntegration.obj
 0004:00001f74       $pdata$1$?computeVolumeIntegralsSIMD@VolumeIntegratorEberly@?A0xef1e8b72@physx@@QEAA_NAEAUPxIntegrals@3@AEBVPxVec3@3@@Z 000000018003cf74     VolumeIntegration.obj
 0004:00001f80       $pdata$2$?computeVolumeIntegralsSIMD@VolumeIntegratorEberly@?A0xef1e8b72@physx@@QEAA_NAEAUPxIntegrals@3@AEBVPxVec3@3@@Z 000000018003cf80     VolumeIntegration.obj
 0004:00001f8c       $pdata$?computeVolumeIntegrals@VolumeIntegratorEberly@?A0xef1e8b72@physx@@QEAA_NAEAUPxIntegrals@3@AEBVPxVec3@3@@Z 000000018003cf8c     VolumeIntegration.obj
 0004:00001f98       $pdata$0$?computeVolumeIntegrals@VolumeIntegratorEberly@?A0xef1e8b72@physx@@QEAA_NAEAUPxIntegrals@3@AEBVPxVec3@3@@Z 000000018003cf98     VolumeIntegration.obj
 0004:00001fa4       $pdata$3$?computeVolumeIntegrals@VolumeIntegratorEberly@?A0xef1e8b72@physx@@QEAA_NAEAUPxIntegrals@3@AEBVPxVec3@3@@Z 000000018003cfa4     VolumeIntegration.obj
 0004:00001fb0       $pdata$4$?computeVolumeIntegrals@VolumeIntegratorEberly@?A0xef1e8b72@physx@@QEAA_NAEAUPxIntegrals@3@AEBVPxVec3@3@@Z 000000018003cfb0     VolumeIntegration.obj
 0004:00001fbc       $pdata$5$?computeVolumeIntegrals@VolumeIntegratorEberly@?A0xef1e8b72@physx@@QEAA_NAEAUPxIntegrals@3@AEBVPxVec3@3@@Z 000000018003cfbc     VolumeIntegration.obj
 0004:00001fc8       $pdata$?cookingDelayHook@@YAP6A_JXZIPEAUDelayLoadInfo@@@Z 000000018003cfc8     WindowsCookingDelayLoadHook.obj
 0004:00001fd4       $pdata$1$?cookingDelayHook@@YAP6A_JXZIPEAUDelayLoadInfo@@@Z 000000018003cfd4     WindowsCookingDelayLoadHook.obj
 0004:00001fe0       $pdata$3$?cookingDelayHook@@YAP6A_JXZIPEAUDelayLoadInfo@@@Z 000000018003cfe0     WindowsCookingDelayLoadHook.obj
 0004:00001fec       $pdata$5$?cookingDelayHook@@YAP6A_JXZIPEAUDelayLoadInfo@@@Z 000000018003cfec     WindowsCookingDelayLoadHook.obj
 0004:00001ff8       $pdata$6$?cookingDelayHook@@YAP6A_JXZIPEAUDelayLoadInfo@@@Z 000000018003cff8     WindowsCookingDelayLoadHook.obj
 0004:0000201c       $pdata$__FUnloadDelayLoadedDLL2 000000018003d01c     Delayimp:delayhlp.obj
 0004:00002028       $pdata$__HrLoadAllImportsForDll 000000018003d028     Delayimp:delayhlp.obj
 0004:00002034       $pdata$?DloadGetSRWLockFunctionPointers@@YAEXZ 000000018003d034     Delayimp:delayhlp.obj
 0004:00002040       $pdata$?DloadLock@@YAXXZ   000000018003d040     Delayimp:delayhlp.obj
 0004:0000204c       $pdata$?DloadUnlock@@YAXXZ 000000018003d04c     Delayimp:delayhlp.obj
 0004:00002058       $pdata$?DloadObtainSection@@YAPEAXPEAK0@Z 000000018003d058     Delayimp:delayhlp.obj
 0004:00002064       $pdata$?DloadMakePermanentImageCommit@@YAXPEAX_K@Z 000000018003d064     Delayimp:delayhlp.obj
 0004:00002070       $pdata$?DloadProtectSection@@YAXKPEAK@Z 000000018003d070     Delayimp:delayhlp.obj
 0004:0000207c       $pdata$?DloadAcquireSectionWriteAccess@@YAXXZ 000000018003d07c     Delayimp:delayhlp.obj
 0004:00002088       $pdata$?DloadReleaseSectionWriteAccess@@YAXXZ 000000018003d088     Delayimp:delayhlp.obj
 0004:00002094       $pdata$?PiddFromDllName@@YAPEBUImgDelayDescr@@PEBD@Z 000000018003d094     Delayimp:delayhlp.obj
 0004:000020a0       $pdata$__delayLoadHelper2  000000018003d0a0     Delayimp:delayhlp.obj
 0004:000020ac       $pdata$??_Gtype_info@@UEAAPEAXI@Z 000000018003d0ac     MSVCRT:std_type_info_static.obj
 0004:000020c4       $pdata$?dllmain_crt_process_attach@@YAHQEAUHINSTANCE__@@QEAX@Z 000000018003d0c4     MSVCRT:dll_dllmain.obj
 0004:000020d0       $pdata$?fin$0@?0??dllmain_crt_process_attach@@YAHQEAUHINSTANCE__@@QEAX@Z@4HA 000000018003d0d0     MSVCRT:dll_dllmain.obj
 0004:000020dc       $pdata$?dllmain_crt_process_detach@@YAH_N@Z 000000018003d0dc     MSVCRT:dll_dllmain.obj
 0004:000020e8       $pdata$?fin$0@?0??dllmain_crt_process_detach@@YAH_N@Z@4HA 000000018003d0e8     MSVCRT:dll_dllmain.obj
 0004:000020f4       $pdata$?fin$1@?0??dllmain_crt_process_detach@@YAH_N@Z@4HA 000000018003d0f4     MSVCRT:dll_dllmain.obj
 0004:00002100       $pdata$?dllmain_crt_dispatch@@YAHQEAUHINSTANCE__@@KQEAX@Z 000000018003d100     MSVCRT:dll_dllmain.obj
 0004:0000210c       $pdata$?dllmain_dispatch@@YAHQEAUHINSTANCE__@@KQEAX@Z 000000018003d10c     MSVCRT:dll_dllmain.obj
 0004:00002118       $pdata$?filt$0@?0??dllmain_dispatch@@YAHQEAUHINSTANCE__@@KQEAX@Z@4HA 000000018003d118     MSVCRT:dll_dllmain.obj
 0004:00002124       $pdata$_DllMainCRTStartup  000000018003d124     MSVCRT:dll_dllmain.obj
 0004:00002130       $pdata$__isa_available_init 000000018003d130     MSVCRT:cpu_disp.obj
 0004:00002154       $pdata$__security_init_cookie 000000018003d154     MSVCRT:gs_support.obj
 0004:00002160       $pdata$__get_entropy       000000018003d160     MSVCRT:gs_support.obj
 0004:0000216c       $pdata$DllMain             000000018003d16c     MSVCRT:dll_dllmain_stub.obj
 0004:00002178       $pdata$__scrt_initialize_default_local_stdio_options 000000018003d178     MSVCRT:default_local_stdio_options.obj
 0004:00002184       $pdata$atexit              000000018003d184     MSVCRT:utility.obj
 0004:00002190       $pdata$_onexit             000000018003d190     MSVCRT:utility.obj
 0004:0000219c       $pdata$__scrt_is_nonwritable_in_current_image 000000018003d19c     MSVCRT:utility.obj
 0004:000021a8       $pdata$__scrt_is_nonwritable_in_current_image$filt$0 000000018003d1a8     MSVCRT:utility.obj
 0004:000021b4       $pdata$__scrt_acquire_startup_lock 000000018003d1b4     MSVCRT:utility.obj
 0004:000021c0       $pdata$__scrt_release_startup_lock 000000018003d1c0     MSVCRT:utility.obj
 0004:000021cc       $pdata$__scrt_initialize_crt 000000018003d1cc     MSVCRT:utility.obj
 0004:000021d8       $pdata$__scrt_uninitialize_crt 000000018003d1d8     MSVCRT:utility.obj
 0004:000021e4       $pdata$__scrt_initialize_onexit_tables 000000018003d1e4     MSVCRT:utility.obj
 0004:000021f0       $pdata$__scrt_dllmain_exception_filter 000000018003d1f0     MSVCRT:utility.obj
 0004:000021fc       $pdata$__scrt_dllmain_before_initialize_c 000000018003d1fc     MSVCRT:utility.obj
 0004:00002208       $pdata$__scrt_dllmain_after_initialize_c 000000018003d208     MSVCRT:utility.obj
 0004:00002214       $pdata$__scrt_dllmain_uninitialize_c 000000018003d214     MSVCRT:utility.obj
 0004:00002220       $pdata$__scrt_dllmain_uninitialize_critical 000000018003d220     MSVCRT:utility.obj
 0004:0000222c       $pdata$__scrt_dllmain_crt_thread_attach 000000018003d22c     MSVCRT:utility.obj
 0004:00002238       $pdata$__scrt_dllmain_crt_thread_detach 000000018003d238     MSVCRT:utility.obj
 0004:00002244       $pdata$?configure_argv@__scrt_narrow_argv_policy@@SAHXZ 000000018003d244     MSVCRT:utility.obj
 0004:00002250       $pdata$__scrt_get_show_window_mode 000000018003d250     MSVCRT:utility_desktop.obj
 0004:0000225c       $pdata$__scrt_is_managed_app 000000018003d25c     MSVCRT:utility_desktop.obj
 0004:00002268       $pdata$__scrt_fastfail     000000018003d268     MSVCRT:utility_desktop.obj
 0004:00002274       $pdata$__scrt_unhandled_exception_filter 000000018003d274     MSVCRT:utility_desktop.obj
 0004:00002280       $pdata$_RTC_Initialize     000000018003d280     MSVCRT:initsect.obj
 0004:0000228c       $pdata$_RTC_Terminate      000000018003d28c     MSVCRT:initsect.obj
 0005:00000000       _2il0floatpacket$19        000000018003e000     MSVCRT:svml_ssinf4_sse2.obj
 0005:00002200       _vmlsSinHATab              0000000180040200     MSVCRT:svml_s_sin_cout.obj
 0006:000000a0       $R000000                   00000001800410a0     PhysXCooking.res
 0006:000003d0       $R000330                   00000001800413d0     PhysXCooking.res
