 PhysXCooking_64

 Timestamp is 5fbc1c6f (Mon Nov 23 15:32:47 2020)

 Preferred load address is 0000000180000000

 Start         Length     Name                   Class
 0001:00000000 000003c0H .text$di                CODE
 0001:000003c0 0002e800H .text$mn                CODE
 0001:0002ebc0 00000012H .text$mn$00             CODE
 0001:0002ebd2 00000092H .text$x                 CODE
 0002:00000000 000001c8H .idata$5                DATA
 0002:000001c8 00000010H .00cfg                  DATA
 0002:000001d8 00000008H .CRT$XCA                DATA
 0002:000001e0 000001e0H .CRT$XCU                DATA
 0002:000003c0 00000008H .CRT$XCZ                DATA
 0002:000003c8 00000008H .CRT$XIA                DATA
 0002:000003d0 00000008H .CRT$XIZ                DATA
 0002:000003d8 00000008H .CRT$XPA                DATA
 0002:000003e0 00000008H .CRT$XPZ                DATA
 0002:000003e8 00000008H .CRT$XTA                DATA
 0002:000003f0 00000010H .CRT$XTZ                DATA
 0002:000003f8 00000000H .gfids$y                DATA
 0002:00000400 00001f08H .rdata                  DATA
 0002:00002308 00000074H .rdata$r                DATA
 0002:0000237c 0000038cH .rdata$zzzdbg           DATA
 0002:00002708 00000008H .rtc$IAA                DATA
 0002:00002710 00000008H .rtc$IZZ                DATA
 0002:00002718 00000008H .rtc$TAA                DATA
 0002:00002720 00000008H .rtc$TZZ                DATA
 0002:00002728 00003b58H .xdata                  DATA
 0002:00006280 00000040H .didat$2                DATA
 0002:000062c0 00000020H .didat$3                DATA
 0002:000062e0 00000198H .didat$4                DATA
 0002:00006478 000009c0H .didat$6                DATA
 0002:00006e38 00000198H .didat$7                DATA
 0002:00006fd0 00001d00H .edata                  DATA
 0002:00008cd0 00000078H .idata$2                DATA
 0002:00008d48 00000018H .idata$3                DATA
 0002:00008d60 000001c8H .idata$4                DATA
 0002:00008f28 00000476H .idata$6                DATA
 0003:00000000 00000070H .data                   DATA
 0003:00000070 00000650H .data$r                 DATA
 0003:000006c0 000001a0H .didat$5                DATA
 0003:00000860 00000490H .bss                    DATA
 0004:00000000 000023acH .pdata                  DATA
 0005:00000000 00002208H _RDATA                  DATA
 0006:00000000 000000a0H .rsrc$01                DATA
 0006:000000a0 000004b0H .rsrc$02                DATA

  Address         Publics by Value              Rva+Base               Lib:Object

 0000:00000000       __enclave_config           0000000000000000     <absolute>
 0000:00000000       ___safe_se_handler_table   0000000000000000     <absolute>
 0000:00000000       __hybrid_code_map          0000000000000000     <absolute>
 0000:00000000       __guard_iat_table          0000000000000000     <absolute>
 0000:00000000       __guard_iat_count          0000000000000000     <absolute>
 0000:00000000       __AbsoluteZero             0000000000000000     <absolute>
 0000:00000000       __hybrid_auxiliary_iat     0000000000000000     <absolute>
 0000:00000000       __dynamic_value_reloc_table 0000000000000000     <absolute>
 0000:00000000       __volatile_metadata        0000000000000000     <absolute>
 0000:00000000       __guard_longjmp_count      0000000000000000     <absolute>
 0000:00000000       __guard_fids_table         0000000000000000     <absolute>
 0000:00000000       ___safe_se_handler_count   0000000000000000     <absolute>
 0000:00000000       __guard_longjmp_table      0000000000000000     <absolute>
 0000:00000000       __hybrid_code_map_count    0000000000000000     <absolute>
 0000:00000000       __guard_fids_count         0000000000000000     <absolute>
 0000:00000100       __guard_flags              0000000000000100     <absolute>
 0000:00000000       __ImageBase                0000000180000000     <linker-defined>
 0001:000003c0       ?ComputeNbBoundaryEdges@AdjTriangle@physx@@QEBAIXZ 00000001800013c0 f   Adjacencies.obj
 0001:00000410       ?ComputeNbNeighbors@AdjTriangle@physx@@QEBAIXZ 0000000180001410 f   Adjacencies.obj
 0001:00000460       ?HasNeighbor@AdjTriangle@physx@@QEBA_NIPEAI@Z 0000000180001460 f   Adjacencies.obj
 0001:000004d0       ?Flip@AdjTriangle@physx@@QEAAXXZ 00000001800014d0 f   Adjacencies.obj
 0001:000004f0       ??0Adjacencies@physx@@QEAA@XZ 00000001800014f0 f   Adjacencies.obj
 0001:00000510       ??1Adjacencies@physx@@QEAA@XZ 0000000180001510 f   Adjacencies.obj
 0001:00000580       ?Load@Adjacencies@physx@@QEAA_NAEAVPxInputStream@2@@Z 0000000180001580 f   Adjacencies.obj
 0001:00000660       ?ComputeNbBoundaryEdges@Adjacencies@physx@@QEBAIXZ 0000000180001660 f   Adjacencies.obj
 0001:000006e0       ?GetBoundaryVertices@Adjacencies@physx@@QEBA_NIPEA_NPEBU?$TriangleT@I@Gu@2@@Z 00000001800016e0 f   Adjacencies.obj
 0001:00000850       ?MakeLastRef@Adjacencies@physx@@QEAA_NAEAVAdjTriangle@2@IPEAU?$TriangleT@I@Gu@2@@Z 0000000180001850 f   Adjacencies.obj
 0001:00000aa0       ?AssignNewEdgeCode@Adjacencies@physx@@AEAAXIE@Z 0000000180001aa0 f   Adjacencies.obj
 0001:00000af0       ??0AdjacenciesBuilder@physx@@QEAA@XZ 0000000180001af0 f   Adjacencies.obj
 0001:00000b10       ??1AdjacenciesBuilder@physx@@QEAA@XZ 0000000180001b10 f   Adjacencies.obj
 0001:00000b20       ?Init@AdjacenciesBuilder@physx@@QEAA_NAEBUADJACENCIESCREATE@2@@Z 0000000180001b20 f   Adjacencies.obj
 0001:00000ea0       ??$?_UV?$ReflectionAllocator@VAdjTriangle@physx@@@shdfnd@physx@@@UserAllocated@shdfnd@physx@@SAPEAX_KV?$ReflectionAllocator@VAdjTriangle@physx@@@12@PEBDH@Z 0000000180001ea0 f i Adjacencies.obj
 0001:00000f40       ??0AdjEdge@@QEAA@XZ        0000000180001f40 f i Adjacencies.obj
 0001:00000f50       ??0AdjTriangle@physx@@QEAA@XZ 0000000180001f50 f i Adjacencies.obj
 0001:00000f60       ??0Allocator@shdfnd@physx@@QEAA@PEBD@Z 0000000180001f60 f i Adjacencies.obj
 0001:00000f70       ??0PxFoundation@physx@@QEAA@AEBV01@@Z 0000000180001f70 f i Adjacencies.obj
 0001:00000f80       ??0PxFoundation@physx@@QEAA@XZ 0000000180001f80 f i Adjacencies.obj
 0001:00000f90       ??1AdjEdge@@QEAA@XZ        0000000180001f90 f i Adjacencies.obj
 0001:00000fa0       ??1AdjTriangle@physx@@QEAA@XZ 0000000180001fa0 f i Adjacencies.obj
 0001:00000fb0       ??1PxFoundation@physx@@MEAA@XZ 0000000180001fb0 f i Adjacencies.obj
 0001:00000fc0       ??4Allocator@shdfnd@physx@@QEAAAEAV012@$$QEAV012@@Z 0000000180001fc0 f i Adjacencies.obj
 0001:00000fd0       ??4Allocator@shdfnd@physx@@QEAAAEAV012@AEBV012@@Z 0000000180001fd0 f i Adjacencies.obj
 0001:00000fe0       ??4MutexImpl@shdfnd@physx@@QEAAAEAV012@AEBV012@@Z 0000000180001fe0 f i Adjacencies.obj
 0001:00000ff0       ??4PxFoundation@physx@@QEAAAEAV01@AEBV01@@Z 0000000180001ff0 f i Adjacencies.obj
 0001:00001000       ??_EAdjEdge@@QEAAPEAXI@Z   0000000180002000 f i Adjacencies.obj
 0001:00001080       ??_EAdjTriangle@physx@@QEAAPEAXI@Z 0000000180002080 f i Adjacencies.obj
 0001:00001100       ??_EPxFoundation@physx@@MEAAPEAXI@Z 0000000180002100 f i Adjacencies.obj
 0001:00001190       ??_FAllocator@shdfnd@physx@@QEAAXXZ 0000000180002190 f i Adjacencies.obj
 0001:000011a0       ??_GPxFoundation@physx@@MEAAPEAXI@Z 00000001800021a0 f i Adjacencies.obj
 0001:000011d0       ??_H@YAXPEAX_K1P6APEAX0@Z@Z 00000001800021d0 f i Adjacencies.obj
 0001:00001220       ??_I@YAXPEAX_K1P6AX0@Z@Z   0000000180002220 f i Adjacencies.obj
 0001:000014e0       ?GetNbHits@RadixSort@Cm@physx@@QEBAIXZ 00000001800024e0 f i Adjacencies.obj
 0001:000014f0       ?GetNbTotalCalls@RadixSort@Cm@physx@@QEBAIXZ 00000001800024f0 f i Adjacencies.obj
 0001:00001500       ?GetRanks@RadixSort@Cm@physx@@QEBAPEBIXZ 0000000180002500 f i Adjacencies.obj
 0001:00001510       ?GetRecyclable@RadixSort@Cm@physx@@QEBAPEAIXZ 0000000180002510 f i Adjacencies.obj
 0001:00001760       ?__empty_global_delete@@YAXPEAX@Z 0000000180002760 f i Adjacencies.obj
 0001:00001770       ?__empty_global_delete@@YAXPEAX_K@Z 0000000180002770 f i Adjacencies.obj
 0001:00001780       ?getAllocator@Foundation@shdfnd@physx@@QEAAAEAVPxAllocatorCallback@3@XZ 0000000180002780 f i Adjacencies.obj
 0001:00001790       ?getAllocatorCallback@Foundation@shdfnd@physx@@UEAAAEAVPxAllocatorCallback@3@XZ 0000000180002790 f i Adjacencies.obj
 0001:000017a0       ?getErrorCallback@Foundation@shdfnd@physx@@UEAAAEAVPxErrorCallback@3@XZ 00000001800027a0 f i Adjacencies.obj
 0001:000017b0       ?getErrorLevel@Foundation@shdfnd@physx@@UEBA?AW4Enum@PxErrorCode@3@XZ 00000001800027b0 f i Adjacencies.obj
 0001:000017c0       ?getInternalErrorCallback@Foundation@shdfnd@physx@@QEAAAEAVPxErrorCallback@3@XZ 00000001800027c0 f i Adjacencies.obj
 0001:000017d0       ?getNamedAllocMap@Foundation@shdfnd@physx@@QEAAAEAV?$HashMap@PEBVNamedAllocator@shdfnd@physx@@PEBDU?$Hash@PEBVNamedAllocator@shdfnd@physx@@@23@VNonTrackingAllocator@23@@23@XZ 00000001800027d0 f i Adjacencies.obj
 0001:000017e0       ?getNamedAllocMutex@Foundation@shdfnd@physx@@QEAAAEAV?$MutexT@VAllocator@shdfnd@physx@@@23@XZ 00000001800027e0 f i Adjacencies.obj
 0001:000017f0       ?getReportAllocationNames@Foundation@shdfnd@physx@@UEBA_NXZ 00000001800027f0 f i Adjacencies.obj
 0001:00001800       ?getTempAllocFreeTable@Foundation@shdfnd@physx@@QEAAAEAV?$Array@PEATTempAllocatorChunk@shdfnd@physx@@VAllocator@23@@23@XZ 0000000180002800 f i Adjacencies.obj
 0001:00001810       ?getTempAllocMutex@Foundation@shdfnd@physx@@QEAAAEAV?$MutexT@VAllocator@shdfnd@physx@@@23@XZ 0000000180002810 f i Adjacencies.obj
 0001:00001820       ?invalidateRanks@RadixSort@Cm@physx@@QEAAXXZ 0000000180002820 f i Adjacencies.obj
 0001:00001830       ?setErrorLevel@Foundation@shdfnd@physx@@UEAAXW4Enum@PxErrorCode@3@@Z 0000000180002830 f i Adjacencies.obj
 0001:00001840       ?setReportAllocationNames@Foundation@shdfnd@physx@@UEAAX_N@Z 0000000180002840 f i Adjacencies.obj
 0001:00001850       PxCreateCooking            0000000180002850 f   Cooking.obj
 0001:00001940       ?release@Cooking@physx@@UEAAXXZ 0000000180002940 f   Cooking.obj
 0001:00001970       ?setParams@Cooking@physx@@UEAAXAEBUPxCookingParams@2@@Z 0000000180002970 f   Cooking.obj
 0001:000019d0       ?getParams@Cooking@physx@@UEBAAEBUPxCookingParams@2@XZ 00000001800029d0 f   Cooking.obj
 0001:000019e0       ?platformMismatch@Cooking@physx@@UEBA_NXZ 00000001800029e0 f   Cooking.obj
 0001:000019f0       ?cookTriangleMesh@Cooking@physx@@UEBA_NAEBVPxTriangleMeshDesc@2@AEAVPxOutputStream@2@PEAW4Enum@PxTriangleMeshCookingResult@2@@Z 00000001800029f0 f   Cooking.obj
 0001:00001b30       ?createTriangleMesh@Cooking@physx@@UEBAPEAVPxTriangleMesh@2@AEBVPxTriangleMeshDesc@2@AEAVPxPhysicsInsertionCallback@2@PEAW4Enum@PxTriangleMeshCookingResult@2@@Z 0000000180002b30 f   Cooking.obj
 0001:00001c90       ?validateTriangleMesh@Cooking@physx@@UEBA_NAEBVPxTriangleMeshDesc@2@@Z 0000000180002c90 f   Cooking.obj
 0001:00001da0       ?cookConvexMesh@Cooking@physx@@UEBA_NAEBVPxConvexMeshDesc@2@AEAVPxOutputStream@2@PEAW4Enum@PxConvexMeshCookingResult@2@@Z 0000000180002da0 f   Cooking.obj
 0001:00001f90       ?createConvexMesh@Cooking@physx@@UEBAPEAVPxConvexMesh@2@AEBVPxConvexMeshDesc@2@AEAVPxPhysicsInsertionCallback@2@PEAW4Enum@PxConvexMeshCookingResult@2@@Z 0000000180002f90 f   Cooking.obj
 0001:00002190       ?validateConvexMesh@Cooking@physx@@UEBA_NAEBVPxConvexMeshDesc@2@@Z 0000000180003190 f   Cooking.obj
 0001:00002200       ?computeHullPolygons@Cooking@physx@@UEBA_NAEBVPxSimpleTriangleMesh@2@AEAVPxAllocatorCallback@2@AEAIAEAPEAVPxVec3@2@2AEAPEAI2AEAPEAUPxHullPolygon@2@@Z 0000000180003200 f   Cooking.obj
 0001:000023e0       ?cookHeightField@Cooking@physx@@UEBA_NAEBVPxHeightFieldDesc@2@AEAVPxOutputStream@2@@Z 00000001800033e0 f   Cooking.obj
 0001:000024c0       ?createHeightField@Cooking@physx@@UEBAPEAVPxHeightField@2@AEBVPxHeightFieldDesc@2@AEAVPxPhysicsInsertionCallback@2@@Z 00000001800034c0 f   Cooking.obj
 0001:00002620       ?cookBVHStructure@Cooking@physx@@UEBA_NAEBVPxBVHStructureDesc@2@AEAVPxOutputStream@2@@Z 0000000180003620 f   Cooking.obj
 0001:000026d0       ?createBVHStructure@Cooking@physx@@UEBAPEAVPxBVHStructure@2@AEBVPxBVHStructureDesc@2@AEAVPxPhysicsInsertionCallback@2@@Z 00000001800036d0 f   Cooking.obj
 0001:00002780       ?cookConvexMeshInternal@Cooking@physx@@AEBA_NAEBVPxConvexMeshDesc@2@AEAVConvexMeshBuilder@2@PEAVConvexHullLib@2@PEAW4Enum@PxConvexMeshCookingResult@2@@Z 0000000180003780 f   Cooking.obj
 0001:000029f0       ?cookTriangleMesh@Cooking@physx@@AEBA_NAEAVTriangleMeshBuilder@2@AEBVPxTriangleMeshDesc@2@AEAVPxOutputStream@2@PEAW4Enum@PxTriangleMeshCookingResult@2@@Z 00000001800039f0 f   Cooking.obj
 0001:00002a90       ?createTriangleMesh@Cooking@physx@@AEBAPEAVPxTriangleMesh@2@AEAVTriangleMeshBuilder@2@AEBVPxTriangleMeshDesc@2@AEAVPxPhysicsInsertionCallback@2@PEAW4Enum@PxTriangleMeshCookingResult@2@@Z 0000000180003a90 f   Cooking.obj
 0001:00002b40       ??0DebugText@Cm@physx@@QEAA@$$QEAU012@@Z 0000000180003b40 f i Cooking.obj
 0001:00002c20       ??0DebugText@Cm@physx@@QEAA@AEBU012@@Z 0000000180003c20 f i Cooking.obj
 0001:00002d00       ??0HeightFieldData@Gu@physx@@QEAA@$$QEAU012@@Z 0000000180003d00 f i Cooking.obj
 0001:00002d60       ??0HeightFieldData@Gu@physx@@QEAA@AEBU012@@Z 0000000180003d60 f i Cooking.obj
 0001:00002dc0       ??0HeightFieldData@Gu@physx@@QEAA@W4PxEMPTY@2@@Z 0000000180003dc0 f i Cooking.obj
 0001:00002dd0       ??0HeightFieldData@Gu@physx@@QEAA@XZ 0000000180003dd0 f i Cooking.obj
 0001:00002de0       ??0RenderOutput@Cm@physx@@QEAA@AEAVRenderBuffer@12@@Z 0000000180003de0 f i Cooking.obj
 0001:00002e30       ??0RenderOutput@Cm@physx@@QEAA@AEBV012@@Z 0000000180003e30 f i Cooking.obj
 0001:00002ed0       ??1HeightFieldData@Gu@physx@@QEAA@XZ 0000000180003ed0 f i Cooking.obj
 0001:00002ee0       ??1PxBase@physx@@MEAA@XZ   0000000180003ee0 f i Cooking.obj
 0001:00002ef0       ??1PxConvexMesh@physx@@MEAA@XZ 0000000180003ef0 f i Cooking.obj
 0001:00002f00       ??1PxCooking@physx@@MEAA@XZ 0000000180003f00 f i Cooking.obj
 0001:00002f10       ??1PxHeightField@physx@@MEAA@XZ 0000000180003f10 f i Cooking.obj
 0001:00002f20       ??4DebugText@Cm@physx@@QEAAAEAU012@$$QEAU012@@Z 0000000180003f20 f i Cooking.obj
 0001:00002f90       ??4DebugText@Cm@physx@@QEAAAEAU012@AEBU012@@Z 0000000180003f90 f i Cooking.obj
 0001:00003000       ??4FPUGuard@shdfnd@physx@@QEAAAEAV012@AEBV012@@Z 0000000180004000 f i Cooking.obj
 0001:00003020       ??4HeightFieldData@Gu@physx@@QEAAAEAU012@$$QEAU012@@Z 0000000180004020 f i Cooking.obj
 0001:00003080       ??4HeightFieldData@Gu@physx@@QEAAAEAU012@AEBU012@@Z 0000000180004080 f i Cooking.obj
 0001:000030e0       ??_ECooking@physx@@UEAAPEAXI@Z 00000001800040e0 f i Cooking.obj
 0001:000030e0       ??_GCooking@physx@@UEAAPEAXI@Z 00000001800040e0 f i Cooking.obj
 0001:00003130       ??_EPxBase@physx@@MEAAPEAXI@Z 0000000180004130 f i Cooking.obj
 0001:00003130       ??_GPxBase@physx@@MEAAPEAXI@Z 0000000180004130 f i Cooking.obj
 0001:00003160       ??_EPxCooking@physx@@MEAAPEAXI@Z 0000000180004160 f i Cooking.obj
 0001:00003160       ??_GPxCooking@physx@@MEAAPEAXI@Z 0000000180004160 f i Cooking.obj
 0001:00003190       ?allocate@?$Array@UPxDebugLine@physx@@V?$ReflectionAllocator@UPxDebugLine@physx@@@shdfnd@2@@shdfnd@physx@@IEAAPEAUPxDebugLine@3@I@Z 0000000180004190 f i Cooking.obj
 0001:00003230       ?copy@?$Array@UPxDebugLine@physx@@V?$ReflectionAllocator@UPxDebugLine@physx@@@shdfnd@2@@shdfnd@physx@@KAXPEAUPxDebugLine@3@0PEBU43@@Z 0000000180004230 f i Cooking.obj
 0001:000033e0       ?getConcreteTypeName@PxConvexMesh@physx@@UEBAPEBDXZ 00000001800043e0 f i Cooking.obj
 0001:000033f0       ?getConcreteTypeName@PxHeightField@physx@@UEBAPEBDXZ 00000001800043f0 f i Cooking.obj
 0001:00003400       ?getConvexEdgeThreshold@HeightField@Gu@physx@@UEBAMXZ 0000000180004400 f i Cooking.obj
 0001:00003410       ?getFlags@HeightField@Gu@physx@@UEBA?AV?$PxFlags@W4Enum@PxHeightFieldFlag@physx@@G@3@XZ 0000000180004410 f i Cooking.obj
 0001:00003420       ?getFormat@HeightField@Gu@physx@@UEBA?AW4Enum@PxHeightFieldFormat@3@XZ 0000000180004420 f i Cooking.obj
 0001:00003430       ?getHeight@HeightField@Gu@physx@@UEBAMMM@Z 0000000180004430 f i Cooking.obj
 0001:00003470       ?getHeightInternal2@HeightField@Gu@physx@@QEBAMIMM@Z 0000000180004470 f i Cooking.obj
 0001:000035e0       ?getIndexBuffer@ConvexMesh@Gu@physx@@UEBAPEBEXZ 00000001800045e0 f i Cooking.obj
 0001:00003620       ?getNbColumns@HeightField@Gu@physx@@UEBAIXZ 0000000180004620 f i Cooking.obj
 0001:00003630       ?getNbPolygons@ConvexMesh@Gu@physx@@UEBAIXZ 0000000180004630 f i Cooking.obj
 0001:00003640       ?getNbRows@HeightField@Gu@physx@@UEBAIXZ 0000000180004640 f i Cooking.obj
 0001:00003650       ?getNbVertices@ConvexMesh@Gu@physx@@UEBAIXZ 0000000180004650 f i Cooking.obj
 0001:00003660       ?getPaddedBounds@HeightFieldData@Gu@physx@@QEBAAEBVCenterExtentsPadded@23@XZ 0000000180004660 f i Cooking.obj
 0001:00003670       ?getSample@HeightField@Gu@physx@@UEBAAEBUPxHeightFieldSample@3@II@Z 0000000180004670 f i Cooking.obj
 0001:00003680       ?getSampleStride@HeightField@Gu@physx@@UEBAIXZ 0000000180004680 f i Cooking.obj
 0001:00003690       ?getTimestamp@HeightField@Gu@physx@@UEBAIXZ 0000000180004690 f i Cooking.obj
 0001:000036a0       ?getTriangleMaterialIndex@HeightField@Gu@physx@@UEBAGI@Z 00000001800046a0 f i Cooking.obj
 0001:000036d0       ?getTriangleNormal@HeightField@Gu@physx@@UEBA?AVPxVec3@3@I@Z 00000001800046d0 f i Cooking.obj
 0001:000037d0       ?getVertices@ConvexMesh@Gu@physx@@UEBAPEBVPxVec3@3@XZ 00000001800047d0 f i Cooking.obj
 0001:000037f0       ?isKindOf@PxBase@physx@@MEBA_NPEBD@Z 00000001800047f0 f i Cooking.obj
 0001:00003820       ?isKindOf@PxConvexMesh@physx@@MEBA_NPEBD@Z 0000000180004820 f i Cooking.obj
 0001:00003870       ?isKindOf@PxHeightField@physx@@MEBA_NPEBD@Z 0000000180004870 f i Cooking.obj
 0001:000038c0       ?isReleasable@PxBase@physx@@UEBA_NXZ 00000001800048c0 f i Cooking.obj
 0001:000038d0       ?outputSegment@RenderOutput@Cm@physx@@QEAAXAEBVPxVec3@3@0@Z 00000001800048d0 f i Cooking.obj
 0001:00003990       ?preExportDataReset@ConvexMesh@Gu@physx@@QEAAXXZ 0000000180004990 f i Cooking.obj
 0001:000039a0       ?preExportDataReset@HeightField@Gu@physx@@QEAAXXZ 00000001800049a0 f i Cooking.obj
 0001:000039b0       ?recreate@?$Array@UPxDebugLine@physx@@V?$ReflectionAllocator@UPxDebugLine@physx@@@shdfnd@2@@shdfnd@physx@@IEAAXI@Z 00000001800049b0 f i Cooking.obj
 0001:00003a40       ?reserveSegments@RenderOutput@Cm@physx@@QEAAPEAUPxDebugLine@3@I@Z 0000000180004a40 f i Cooking.obj
 0001:00003ab0       ??0ReducedVertexCloud@physx@@QEAA@PEBVPxVec3@1@I@Z 0000000180004ab0 f   CookingUtils.obj
 0001:00003ad0       ??1ReducedVertexCloud@physx@@QEAA@XZ 0000000180004ad0 f   CookingUtils.obj
 0001:00003ae0       ?Clean@ReducedVertexCloud@physx@@QEAAAEAV12@XZ 0000000180004ae0 f   CookingUtils.obj
 0001:00003b50       ?Reduce@ReducedVertexCloud@physx@@QEAA_NPEAUREDUCEDCLOUD@2@@Z 0000000180004b50 f   CookingUtils.obj
 0001:00003e70       ??0EdgeList@Gu@physx@@QEAA@XZ 0000000180004e70 f   EdgeList.obj
 0001:00003e90       ??1EdgeList@Gu@physx@@QEAA@XZ 0000000180004e90 f   EdgeList.obj
 0001:00003f40       ?load@EdgeList@Gu@physx@@QEAA_NAEAVPxInputStream@3@@Z 0000000180004f40 f   EdgeList.obj
 0001:00004130       ??0EdgeListBuilder@Gu@physx@@QEAA@XZ 0000000180005130 f   EdgeList.obj
 0001:00004150       ??1EdgeListBuilder@Gu@physx@@QEAA@XZ 0000000180005150 f   EdgeList.obj
 0001:00004160       ?init@EdgeListBuilder@Gu@physx@@QEAA_NAEBUEDGELISTCREATE@23@@Z 0000000180005160 f   EdgeList.obj
 0001:000042a0       ?createFacesToEdges@EdgeListBuilder@Gu@physx@@AEAA_NIPEBIPEBG@Z 00000001800052a0 f   EdgeList.obj
 0001:00004700       ?createEdgesToFaces@EdgeListBuilder@Gu@physx@@AEAA_NIPEBIPEBG@Z 0000000180005700 f   EdgeList.obj
 0001:00004960       ?computeActiveEdges@EdgeListBuilder@Gu@physx@@AEAA_NIPEBIPEBGPEBVPxVec3@3@M@Z 0000000180005960 f   EdgeList.obj
 0001:00005f20       ??$?_UI@@YAPEAX_KV?$ReflectionAllocator@I@shdfnd@physx@@PEBDH@Z 0000000180006f20 f i EdgeList.obj
 0001:00005fc0       ??0PxVec3@physx@@QEAA@XZ   0000000180006fc0 f i EdgeList.obj
 0001:00005fd0       ??0MeshCleaner@physx@@QEAA@IPEBVPxVec3@1@IPEBIM@Z 0000000180006fd0 f   MeshCleaner.obj
 0001:00006970       ??1MeshCleaner@physx@@QEAA@XZ 0000000180007970 f   MeshCleaner.obj
 0001:00006a00       ?createQuantizer@physx@@YAPEAVQuantizer@1@XZ 0000000180007a00 f   Quantizer.obj
 0001:00006ab0       ?kmeans_cluster3d@@YAIPEBVPxVec3@physx@@IIPEAV12@PEAIMM@Z 0000000180007ab0 f   Quantizer.obj
 0001:00006ac0       ??$kmeans_cluster@VPxVec3@physx@@M@@YAIPEBVPxVec3@physx@@IIPEAV01@PEAIMM@Z 0000000180007ac0 f i Quantizer.obj
 0001:000073e0       ??1Quantizer@physx@@MEAA@XZ 00000001800083e0 f i Quantizer.obj
 0001:000073f0       ??1QuantizerImpl@@EEAA@XZ  00000001800083f0 f i Quantizer.obj
 0001:00007470       ??_GQuantizer@physx@@MEAAPEAXI@Z 0000000180008470 f i Quantizer.obj
 0001:00007470       ??_EQuantizer@physx@@MEAAPEAXI@Z 0000000180008470 f i Quantizer.obj
 0001:000074a0       ??_GQuantizerImpl@@EEAAPEAXI@Z 00000001800084a0 f i Quantizer.obj
 0001:000074a0       ??_EQuantizerImpl@@EEAAPEAXI@Z 00000001800084a0 f i Quantizer.obj
 0001:00007570       ?getDenormalizeCenter@QuantizerImpl@@UEBAAEBVPxVec3@physx@@XZ 0000000180008570 f i Quantizer.obj
 0001:00007580       ?getDenormalizeScale@QuantizerImpl@@UEBAAEBVPxVec3@physx@@XZ 0000000180008580 f i Quantizer.obj
 0001:00007590       ?growAndPushBack@?$Array@VPxVec3@physx@@V?$ReflectionAllocator@VPxVec3@physx@@@shdfnd@2@@shdfnd@physx@@IEAAAEAVPxVec3@3@AEBV43@@Z 0000000180008590 f i Quantizer.obj
 0001:00007760       ?kmeansQuantize3D@QuantizerImpl@@UEAAPEBVPxVec3@physx@@IPEBV23@I_NIAEAI@Z 0000000180008760 f i Quantizer.obj
 0001:000079c0       ?normalizeInput@QuantizerImpl@@AEAAXIPEBVPxVec3@physx@@I@Z 00000001800089c0 f i Quantizer.obj
 0001:00007df0       ?release@QuantizerImpl@@UEAAXXZ 0000000180008df0 f i Quantizer.obj
 0001:00007e10       ??0BVHStructureBuilder@physx@@QEAA@XZ 0000000180008e10 f   BVHStructureBuilder.obj
 0001:00007e30       ??1BVHStructureBuilder@physx@@QEAA@XZ 0000000180008e30 f   BVHStructureBuilder.obj
 0001:00007ec0       ?loadFromDesc@BVHStructureBuilder@physx@@QEAA_NAEBVPxBVHStructureDesc@2@@Z 0000000180008ec0 f   BVHStructureBuilder.obj
 0001:00008250       ?save@BVHStructureBuilder@physx@@QEBA_NAEAVPxOutputStream@2@_N@Z 0000000180009250 f   BVHStructureBuilder.obj
 0001:000083e0       ?moveData@BVHStructureBuilder@physx@@QEAAXAEAUBVHStructureData@Gu@2@@Z 00000001800093e0 f   BVHStructureBuilder.obj
 0001:00008420       ?flatten@@YAXAEBVNodeAllocator@Gu@physx@@PEAUBVHNode@23@@Z 0000000180009420 f   BVHStructureBuilder.obj
 0001:000085d0       ??$copy@V?$ReflectionAllocator@USlab@NodeAllocator@Gu@physx@@@shdfnd@physx@@@?$Array@USlab@NodeAllocator@Gu@physx@@V?$ReflectionAllocator@USlab@NodeAllocator@Gu@physx@@@shdfnd@4@@shdfnd@physx@@IEAAXAEBV012@@Z 00000001800095d0 f i BVHStructureBuilder.obj
 0001:00008650       ??0AABBTreeBuildNode@Gu@physx@@QEAA@AEBV012@@Z 0000000180009650 f i BVHStructureBuilder.obj
 0001:00008690       ??0AABBTreeBuildNode@Gu@physx@@QEAA@XZ 0000000180009690 f i BVHStructureBuilder.obj
 0001:000086a0       ??0AABBTreeBuildParams@Gu@physx@@QEAA@IIPEBVPxBounds3@2@@Z 00000001800096a0 f i BVHStructureBuilder.obj
 0001:000086c0       ??0BuildStats@Gu@physx@@QEAA@XZ 00000001800096c0 f i BVHStructureBuilder.obj
 0001:000086d0       ??0NodeAllocator@Gu@physx@@QEAA@AEBV012@@Z 00000001800096d0 f i BVHStructureBuilder.obj
 0001:00008710       ??1AABBTreeBuildNode@Gu@physx@@QEAA@XZ 0000000180009710 f i BVHStructureBuilder.obj
 0001:00008720       ??1AABBTreeBuildParams@Gu@physx@@QEAA@XZ 0000000180009720 f i BVHStructureBuilder.obj
 0001:00008780       ??4AABBTreeBuildNode@Gu@physx@@QEAAAEAV012@AEBV012@@Z 0000000180009780 f i BVHStructureBuilder.obj
 0001:000087c0       ??4AABBTreeBuildParams@Gu@physx@@QEAAAEAV012@AEBV012@@Z 00000001800097c0 f i BVHStructureBuilder.obj
 0001:000087e0       ??4BuildStats@Gu@physx@@QEAAAEAU012@$$QEAU012@@Z 00000001800097e0 f i BVHStructureBuilder.obj
 0001:000087f0       ??4BuildStats@Gu@physx@@QEAAAEAU012@AEBU012@@Z 00000001800097f0 f i BVHStructureBuilder.obj
 0001:00008800       ??4NodeAllocator@Gu@physx@@QEAAAEAV012@AEBV012@@Z 0000000180009800 f i BVHStructureBuilder.obj
 0001:000088b0       ??_FAABBTreeBuildParams@Gu@physx@@QEAAXXZ 00000001800098b0 f i BVHStructureBuilder.obj
 0001:000088d0       ?__global_array_delete@@YAXPEAX@Z 00000001800098d0 f i BVHStructureBuilder.obj
 0001:000088e0       ?__global_array_delete@@YAXPEAX_K@Z 00000001800098e0 f i BVHStructureBuilder.obj
 0001:000088f0       ?__global_delete@@YAXPEAX@Z 00000001800098f0 f i BVHStructureBuilder.obj
 0001:00008900       ?__global_delete@@YAXPEAX_K@Z 0000000180009900 f i BVHStructureBuilder.obj
 0001:00008910       ?allocate@?$Array@USlab@NodeAllocator@Gu@physx@@V?$ReflectionAllocator@USlab@NodeAllocator@Gu@physx@@@shdfnd@4@@shdfnd@physx@@IEAAPEAUSlab@NodeAllocator@Gu@3@I@Z 0000000180009910 f i BVHStructureBuilder.obj
 0001:000089b0       ?getAABB@AABBTreeBuildNode@Gu@physx@@QEBAAEBVPxBounds3@3@XZ 00000001800099b0 f i BVHStructureBuilder.obj
 0001:000089c0       ?getCount@BuildStats@Gu@physx@@QEBAIXZ 00000001800099c0 f i BVHStructureBuilder.obj
 0001:000089d0       ?getNbPrimitives@AABBTreeBuildNode@Gu@physx@@QEBAIXZ 00000001800099d0 f i BVHStructureBuilder.obj
 0001:000089e0       ?getNbRuntimePrimitives@AABBTreeBuildNode@Gu@physx@@QEBAIXZ 00000001800099e0 f i BVHStructureBuilder.obj
 0001:000089f0       ?getNeg@AABBTreeBuildNode@Gu@physx@@QEBAPEBV123@XZ 00000001800099f0 f i BVHStructureBuilder.obj
 0001:00008a10       ?getPos@AABBTreeBuildNode@Gu@physx@@QEBAPEBV123@XZ 0000000180009a10 f i BVHStructureBuilder.obj
 0001:00008a20       ?getPrimitives@AABBTreeBuildNode@Gu@physx@@QEAAPEAIPEAI@Z 0000000180009a20 f i BVHStructureBuilder.obj
 0001:00008a30       ?getPrimitives@AABBTreeBuildNode@Gu@physx@@QEBAPEBIPEBI@Z 0000000180009a30 f i BVHStructureBuilder.obj
 0001:00008a40       ?increaseCount@BuildStats@Gu@physx@@QEAAXI@Z 0000000180009a40 f i BVHStructureBuilder.obj
 0001:00008a50       ?isLeaf@AABBTreeBuildNode@Gu@physx@@QEBA_NXZ 0000000180009a50 f i BVHStructureBuilder.obj
 0001:00008a60       ?recreate@?$Array@USlab@NodeAllocator@Gu@physx@@V?$ReflectionAllocator@USlab@NodeAllocator@Gu@physx@@@shdfnd@4@@shdfnd@physx@@IEAAXI@Z 0000000180009a60 f i BVHStructureBuilder.obj
 0001:00008b10       ?reset@AABBTreeBuildParams@Gu@physx@@QEAAXXZ 0000000180009b10 f i BVHStructureBuilder.obj
 0001:00008b70       ?reset@BuildStats@Gu@physx@@QEAAXXZ 0000000180009b70 f i BVHStructureBuilder.obj
 0001:00008b80       ?setCount@BuildStats@Gu@physx@@QEAAXI@Z 0000000180009b80 f i BVHStructureBuilder.obj
 0001:00008b90       ?setNbRunTimePrimitives@AABBTreeBuildNode@Gu@physx@@QEAAXI@Z 0000000180009b90 f i BVHStructureBuilder.obj
 0001:00008ba0       ?saveHeightField@physx@@YA_NAEBVHeightField@Gu@1@AEAVPxOutputStream@1@_N@Z 0000000180009ba0 f   HeightFieldCooking.obj
 0001:00008de0       ?buildFromTriangles@RTreeCooker@physx@@SAXAEAURTree@Gu@2@PEBVPxVec3@2@IPEBGPEBIIAEAV?$Array@IV?$ReflectionAllocator@I@shdfnd@physx@@@shdfnd@2@PEAURemapCallback@12@MW4Enum@PxMeshCookingHint@2@@Z 0000000180009de0 f   RTreeCooking.obj
 0001:00009080       ??$partition@UBoundsLTE@physx@@@quickSelect@physx@@YAIPEIAIIIIAEBUBoundsLTE@1@@Z 000000018000a080 f i RTreeCooking.obj
 0001:00009200       ??$quickSelectFirstK@UBoundsLTE@physx@@@quickSelect@physx@@YAXPEIAIIIIAEBUBoundsLTE@1@@Z 000000018000a200 f i RTreeCooking.obj
 0001:000093e0       ??$smallSort@I$$CBUSortBoundsPredicate@physx@@@internal@shdfnd@physx@@YAXPEAIHHAEBUSortBoundsPredicate@2@@Z 000000018000a3e0 f i RTreeCooking.obj
 0001:000096b0       ??$sort@I@shdfnd@physx@@YAXPEAII@Z 000000018000a6b0 f i RTreeCooking.obj
 0001:000096d0       ??$sort@IU?$Less@I@shdfnd@physx@@V?$ReflectionAllocator@I@23@@shdfnd@physx@@YAXPEAIIAEBU?$Less@I@01@AEBV?$ReflectionAllocator@I@01@I@Z 000000018000a6d0 f i RTreeCooking.obj
 0001:00009b20       ??$sort@IUSortBoundsPredicate@physx@@@shdfnd@physx@@YAXPEAIIAEBUSortBoundsPredicate@1@@Z 000000018000ab20 f i RTreeCooking.obj
 0001:00009b40       ??$sort@IUSortBoundsPredicate@physx@@V?$ReflectionAllocator@I@shdfnd@2@@shdfnd@physx@@YAXPEAIIAEBUSortBoundsPredicate@1@AEBV?$ReflectionAllocator@I@01@I@Z 000000018000ab40 f i RTreeCooking.obj
 0001:0000a020       ?allocate@?$Array@UInterval@physx@@V?$InlineAllocator@$0CAAA@V?$ReflectionAllocator@UInterval@physx@@@shdfnd@physx@@@shdfnd@2@@shdfnd@physx@@IEAAPEAUInterval@3@I@Z 000000018000b020 f i RTreeCooking.obj
 0001:0000a0e0       ?allocate@?$Array@UPxBounds3V@physx@@V?$ReflectionAllocator@UPxBounds3V@physx@@@shdfnd@2@@shdfnd@physx@@IEAAPEAUPxBounds3V@3@I@Z 000000018000b0e0 f i RTreeCooking.obj
 0001:0000a180       ?allocate@?$Array@URTreeNodeNQ@physx@@V?$ReflectionAllocator@URTreeNodeNQ@physx@@@shdfnd@2@@shdfnd@physx@@IEAAPEAURTreeNodeNQ@3@I@Z 000000018000b180 f i RTreeCooking.obj
 0001:0000a220       ?allocate@?$Array@URTreeNodeQ@Gu@physx@@V?$ReflectionAllocator@URTreeNodeQ@Gu@physx@@@shdfnd@3@@shdfnd@physx@@IEAAPEAURTreeNodeQ@Gu@3@I@Z 000000018000b220 f i RTreeCooking.obj
 0001:0000a2c0       ?allocate@?$Array@VPxVec3@physx@@V?$ReflectionAllocator@VPxVec3@physx@@@shdfnd@2@@shdfnd@physx@@IEAAPEAVPxVec3@3@I@Z 000000018000b2c0 f i RTreeCooking.obj
 0001:0000a360       ?allocate@?$ReflectionAllocator@I@shdfnd@physx@@QEAAPEAX_KPEBDH@Z 000000018000b360 f i RTreeCooking.obj
 0001:0000afe0       ?copy@?$Array@URTreeNodeNQ@physx@@V?$ReflectionAllocator@URTreeNodeNQ@physx@@@shdfnd@2@@shdfnd@physx@@KAXPEAURTreeNodeNQ@3@0PEBU43@@Z 000000018000bfe0 f i RTreeCooking.obj
 0001:0000b1a0       ?copy@?$Array@VPxVec3@physx@@V?$ReflectionAllocator@VPxVec3@physx@@@shdfnd@2@@shdfnd@physx@@KAXPEAVPxVec3@3@0PEBV43@@Z 000000018000c1a0 f i RTreeCooking.obj
 0001:0000b270       ?growAndPushBack@?$Array@IV?$ReflectionAllocator@I@shdfnd@physx@@@shdfnd@physx@@IEAAAEAIAEBI@Z 000000018000c270 f i RTreeCooking.obj
 0001:0000b340       ?growAndPushBack@?$Array@UInterval@physx@@V?$InlineAllocator@$0CAAA@V?$ReflectionAllocator@UInterval@physx@@@shdfnd@physx@@@shdfnd@2@@shdfnd@physx@@IEAAAEAUInterval@3@AEBU43@@Z 000000018000c340 f i RTreeCooking.obj
 0001:0000b420       ?growAndPushBack@?$Array@UPxBounds3V@physx@@V?$ReflectionAllocator@UPxBounds3V@physx@@@shdfnd@2@@shdfnd@physx@@IEAAAEAUPxBounds3V@3@AEBU43@@Z 000000018000c420 f i RTreeCooking.obj
 0001:0000b4f0       ?growAndPushBack@?$Array@URTreeNodeNQ@physx@@V?$ReflectionAllocator@URTreeNodeNQ@physx@@@shdfnd@2@@shdfnd@physx@@IEAAAEAURTreeNodeNQ@3@AEBU43@@Z 000000018000c4f0 f i RTreeCooking.obj
 0001:0000b5c0       ?growAndPushBack@?$Array@URTreeNodeQ@Gu@physx@@V?$ReflectionAllocator@URTreeNodeQ@Gu@physx@@@shdfnd@3@@shdfnd@physx@@IEAAAEAURTreeNodeQ@Gu@3@AEBU453@@Z 000000018000c5c0 f i RTreeCooking.obj
 0001:0000b6a0       ?recreate@?$Array@IV?$ReflectionAllocator@I@shdfnd@physx@@@shdfnd@physx@@IEAAXI@Z 000000018000c6a0 f i RTreeCooking.obj
 0001:0000b760       ?recreate@?$Array@UPxBounds3V@physx@@V?$ReflectionAllocator@UPxBounds3V@physx@@@shdfnd@2@@shdfnd@physx@@IEAAXI@Z 000000018000c760 f i RTreeCooking.obj
 0001:0000b810       ?recreate@?$Array@URTreeNodeNQ@physx@@V?$ReflectionAllocator@URTreeNodeNQ@physx@@@shdfnd@2@@shdfnd@physx@@IEAAXI@Z 000000018000c810 f i RTreeCooking.obj
 0001:0000b8a0       ?recreate@?$Array@URTreeNodeQ@Gu@physx@@V?$ReflectionAllocator@URTreeNodeQ@Gu@physx@@@shdfnd@3@@shdfnd@physx@@IEAAXI@Z 000000018000c8a0 f i RTreeCooking.obj
 0001:0000b960       ?recreate@?$Array@VPxVec3@physx@@V?$ReflectionAllocator@VPxVec3@physx@@@shdfnd@2@@shdfnd@physx@@IEAAXI@Z 000000018000c960 f i RTreeCooking.obj
 0001:0000b9f0       ?resize@?$Array@IV?$ReflectionAllocator@I@shdfnd@physx@@@shdfnd@physx@@QEAAXIAEBI@Z 000000018000c9f0 f i RTreeCooking.obj
 0001:0000bab0       ?resizeUninitialized@?$Array@URTreeNodeNQ@physx@@V?$ReflectionAllocator@URTreeNodeNQ@physx@@@shdfnd@2@@shdfnd@physx@@QEAAXI@Z 000000018000cab0 f i RTreeCooking.obj
 0001:0000baf0       ?sort4@SubSortQuick@physx@@QEAAXPEIAIIAEAV?$Array@URTreeNodeNQ@physx@@V?$ReflectionAllocator@URTreeNodeNQ@physx@@@shdfnd@2@@shdfnd@2@AEAIAEAUPxBounds3V@2@I@Z 000000018000caf0 f i RTreeCooking.obj
 0001:0000be80       ?sort4@SubSortSAH@physx@@QEAAXPEAIIAEAV?$Array@URTreeNodeNQ@physx@@V?$ReflectionAllocator@URTreeNodeNQ@physx@@@shdfnd@2@@shdfnd@2@AEAIIPEAURTreeNodeNQ@2@@Z 000000018000ce80 f i RTreeCooking.obj
 0001:0000c550       ?split@SubSortSAH@physx@@QEAAIPEAII@Z 000000018000d550 f i RTreeCooking.obj
 0001:0000cc80       ?computeLocalBounds@MeshBulider@physx@@IEAAXAEAVMeshDataBase@Gu@2@@Z 000000018000dc80 f   MeshBuilder.obj
 0001:0000cd10       ??0TriangleMeshBuilder@physx@@QEAA@AEAVTriangleMeshData@Gu@1@AEBUPxCookingParams@1@@Z 000000018000dd10 f   TriangleMeshBuilder.obj
 0001:0000cd40       ??1TriangleMeshBuilder@physx@@UEAA@XZ 000000018000dd40 f   TriangleMeshBuilder.obj
 0001:0000cdb0       ?cleanMesh@TriangleMeshBuilder@physx@@QEAA_N_NPEAW4Enum@PxTriangleMeshCookingResult@2@@Z 000000018000ddb0 f   TriangleMeshBuilder.obj
 0001:0000d2b0       ?remapTopology@TriangleMeshBuilder@physx@@QEAAXPEBI@Z 000000018000e2b0 f   TriangleMeshBuilder.obj
 0001:0000d5b0       ?createSharedEdgeData@TriangleMeshBuilder@physx@@QEAAX_N0@Z 000000018000e5b0 f   TriangleMeshBuilder.obj
 0001:0000da70       ?recordTriangleIndices@TriangleMeshBuilder@physx@@QEAAXXZ 000000018000ea70 f   TriangleMeshBuilder.obj
 0001:0000db70       ?createGRBMidPhaseAndData@TriangleMeshBuilder@physx@@QEAAXI@Z 000000018000eb70 f   TriangleMeshBuilder.obj
 0001:0000de00       ?createGRBData@TriangleMeshBuilder@physx@@QEAAXXZ 000000018000ee00 f   TriangleMeshBuilder.obj
 0001:0000df00       ?loadFromDesc@TriangleMeshBuilder@physx@@QEAA_NAEBVPxTriangleMeshDesc@2@PEAW4Enum@PxTriangleMeshCookingResult@2@_N@Z 000000018000ef00 f   TriangleMeshBuilder.obj
 0001:0000e380       ?save@TriangleMeshBuilder@physx@@QEBA_NAEAVPxOutputStream@2@_NAEBUPxCookingParams@2@@Z 000000018000f380 f   TriangleMeshBuilder.obj
 0001:0000e960       ?checkMeshIndicesSize@TriangleMeshBuilder@physx@@QEAAXXZ 000000018000f960 f   TriangleMeshBuilder.obj
 0001:0000ea70       ?importMesh@TriangleMeshBuilder@physx@@IEAA_NAEBVPxTriangleMeshDesc@2@AEBUPxCookingParams@2@PEAW4Enum@PxTriangleMeshCookingResult@2@_N@Z 000000018000fa70 f   TriangleMeshBuilder.obj
 0001:0000edf0       ?releaseEdgeList@TriangleMeshBuilder@physx@@IEAAXXZ 000000018000fdf0 f   TriangleMeshBuilder.obj
 0001:0000ee50       ?createEdgeList@TriangleMeshBuilder@physx@@IEAAXXZ 000000018000fe50 f   TriangleMeshBuilder.obj
 0001:0000ef70       ??0RTreeTriangleMeshBuilder@physx@@QEAA@AEBUPxCookingParams@1@@Z 000000018000ff70 f   TriangleMeshBuilder.obj
 0001:0000f030       ??1RTreeTriangleMeshBuilder@physx@@UEAA@XZ 0000000180010030 f   TriangleMeshBuilder.obj
 0001:0000f060       ?createMidPhaseStructure@RTreeTriangleMeshBuilder@physx@@UEAAXXZ 0000000180010060 f   TriangleMeshBuilder.obj
 0001:0000f140       ?saveMidPhaseStructure@RTreeTriangleMeshBuilder@physx@@UEBAXAEAVPxOutputStream@2@_N@Z 0000000180010140 f   TriangleMeshBuilder.obj
 0001:0000f380       ??0BV4TriangleMeshBuilder@physx@@QEAA@AEBUPxCookingParams@1@@Z 0000000180010380 f   TriangleMeshBuilder.obj
 0001:0000f450       ??1BV4TriangleMeshBuilder@physx@@UEAA@XZ 0000000180010450 f   TriangleMeshBuilder.obj
 0001:0000f4b0       ?createMidPhaseStructure@BV4TriangleMeshBuilder@physx@@UEAAXXZ 00000001800104b0 f   TriangleMeshBuilder.obj
 0001:0000f780       ?saveMidPhaseStructure@BV4TriangleMeshBuilder@physx@@UEBAXAEAVPxOutputStream@2@_N@Z 0000000180010780 f   TriangleMeshBuilder.obj
 0001:0000f920       ?onMeshIndexFormatChange@BV4TriangleMeshBuilder@physx@@UEAAXXZ 0000000180010920 f   TriangleMeshBuilder.obj
 0001:0000f960       ?createMidPhaseStructure@BV32TriangleMeshBuilder@physx@@SAXAEBUPxCookingParams@2@AEAVTriangleMeshData@Gu@2@AEAVBV32Tree@52@@Z 0000000180010960 f   TriangleMeshBuilder.obj
 0001:0000fb40       ?saveMidPhaseStructure@BV32TriangleMeshBuilder@physx@@SAXPEAVBV32Tree@Gu@2@AEAVPxOutputStream@2@_N@Z 0000000180010b40 f   TriangleMeshBuilder.obj
 0001:0000fce0       ?findSharpVertices@GrbTrimeshCookerHelper@physx@@YAXAEAV?$Array@USortedNeighbor@GrbTrimeshCookerHelper@physx@@V?$ReflectionAllocator@USortedNeighbor@GrbTrimeshCookerHelper@physx@@@shdfnd@3@@shdfnd@2@AEAV?$Array@USharpEdgeRange@GrbTrimeshCookerHelper@physx@@V?$ReflectionAllocator@USharpEdgeRange@GrbTrimeshCookerHelper@physx@@@shdfnd@3@@42@PEBUuint3@2@PEBUuint4@2@II@Z 0000000180010ce0 f   TriangleMeshBuilder.obj
 0001:00010080       ?buildVertexConnectionNew_p1@GrbTrimeshCookerHelper@physx@@YAIAEAV?$Array@USortedNeighbor@GrbTrimeshCookerHelper@physx@@V?$ReflectionAllocator@USortedNeighbor@GrbTrimeshCookerHelper@physx@@@shdfnd@3@@shdfnd@2@AEAV?$Array@USharpEdgeRange@GrbTrimeshCookerHelper@physx@@V?$ReflectionAllocator@USharpEdgeRange@GrbTrimeshCookerHelper@physx@@@shdfnd@3@@42@PEBUuint3@2@PEBUuint4@2@II@Z 0000000180011080 f   TriangleMeshBuilder.obj
 0001:00010210       ?buildVertexConnectionNew_p2@GrbTrimeshCookerHelper@physx@@YAXPEAI00AEAV?$Array@USortedNeighbor@GrbTrimeshCookerHelper@physx@@V?$ReflectionAllocator@USortedNeighbor@GrbTrimeshCookerHelper@physx@@@shdfnd@3@@shdfnd@2@AEAV?$Array@USharpEdgeRange@GrbTrimeshCookerHelper@physx@@V?$ReflectionAllocator@USharpEdgeRange@GrbTrimeshCookerHelper@physx@@@shdfnd@3@@42@I@Z 0000000180011210 f   TriangleMeshBuilder.obj
 0001:000102c0       ??$?_UG@@YAPEAX_KV?$ReflectionAllocator@G@shdfnd@physx@@PEBDH@Z 00000001800112c0 f i TriangleMeshBuilder.obj
 0001:00010360       ??$median3@USortedNeighbor@GrbTrimeshCookerHelper@physx@@$$CBU?$Less@USortedNeighbor@GrbTrimeshCookerHelper@physx@@@shdfnd@3@@internal@shdfnd@physx@@YAXPEAUSortedNeighbor@GrbTrimeshCookerHelper@2@HHAEBU?$Less@USortedNeighbor@GrbTrimeshCookerHelper@physx@@@12@@Z 0000000180011360 f i TriangleMeshBuilder.obj
 0001:00010490       ??$sort@UEdgeTriLookup@physx@@@shdfnd@physx@@YAXPEAUEdgeTriLookup@1@I@Z 0000000180011490 f i TriangleMeshBuilder.obj
 0001:000104b0       ??$sort@UEdgeTriLookup@physx@@U?$Less@UEdgeTriLookup@physx@@@shdfnd@2@V?$ReflectionAllocator@UEdgeTriLookup@physx@@@42@@shdfnd@physx@@YAXPEAUEdgeTriLookup@1@IAEBU?$Less@UEdgeTriLookup@physx@@@01@AEBV?$ReflectionAllocator@UEdgeTriLookup@physx@@@01@I@Z 00000001800114b0 f i TriangleMeshBuilder.obj
 0001:00010a30       ??$sort@USortedNeighbor@GrbTrimeshCookerHelper@physx@@@shdfnd@physx@@YAXPEAUSortedNeighbor@GrbTrimeshCookerHelper@1@I@Z 0000000180011a30 f i TriangleMeshBuilder.obj
 0001:00010a50       ??$sort@USortedNeighbor@GrbTrimeshCookerHelper@physx@@U?$Less@USortedNeighbor@GrbTrimeshCookerHelper@physx@@@shdfnd@3@V?$ReflectionAllocator@USortedNeighbor@GrbTrimeshCookerHelper@physx@@@53@@shdfnd@physx@@YAXPEAUSortedNeighbor@GrbTrimeshCookerHelper@1@IAEBU?$Less@USortedNeighbor@GrbTrimeshCookerHelper@physx@@@01@AEBV?$ReflectionAllocator@USortedNeighbor@GrbTrimeshCookerHelper@physx@@@01@I@Z 0000000180011a50 f i TriangleMeshBuilder.obj
 0001:00010f50       ??0PxVec4@physx@@QEAA@XZ   0000000180011f50 f i TriangleMeshBuilder.obj
 0001:00010f60       ??1BV4TriangleData@Gu@physx@@UEAA@XZ 0000000180011f60 f i TriangleMeshBuilder.obj
 0001:00010fa0       ??1MeshDataBase@Gu@physx@@UEAA@XZ 0000000180011fa0 f i TriangleMeshBuilder.obj
 0001:00011080       ??1RTreeTriangleData@Gu@physx@@UEAA@XZ 0000000180012080 f i TriangleMeshBuilder.obj
 0001:000110f0       ??1RemapCallback@RTreeCooker@physx@@UEAA@XZ 00000001800120f0 f i TriangleMeshBuilder.obj
 0001:00011100       ??1TriangleMeshData@Gu@physx@@UEAA@XZ 0000000180012100 f i TriangleMeshBuilder.obj
 0001:000111d0       ??_GBV4TriangleData@Gu@physx@@UEAAPEAXI@Z 00000001800121d0 f i TriangleMeshBuilder.obj
 0001:000111d0       ??_EBV4TriangleData@Gu@physx@@UEAAPEAXI@Z 00000001800121d0 f i TriangleMeshBuilder.obj
 0001:00011250       ??_EBV4TriangleMeshBuilder@physx@@UEAAPEAXI@Z 0000000180012250 f i TriangleMeshBuilder.obj
 0001:00011250       ??_GBV4TriangleMeshBuilder@physx@@UEAAPEAXI@Z 0000000180012250 f i TriangleMeshBuilder.obj
 0001:000112d0       ??_EMeshDataBase@Gu@physx@@UEAAPEAXI@Z 00000001800122d0 f i TriangleMeshBuilder.obj
 0001:000112d0       ??_GMeshDataBase@Gu@physx@@UEAAPEAXI@Z 00000001800122d0 f i TriangleMeshBuilder.obj
 0001:00011330       ??_GRTreeCookerRemap@physx@@UEAAPEAXI@Z 0000000180012330 f i TriangleMeshBuilder.obj
 0001:00011330       ??_ERTreeCookerRemap@physx@@UEAAPEAXI@Z 0000000180012330 f i TriangleMeshBuilder.obj
 0001:00011360       ??_ERTreeTriangleData@Gu@physx@@UEAAPEAXI@Z 0000000180012360 f i TriangleMeshBuilder.obj
 0001:00011360       ??_GRTreeTriangleData@Gu@physx@@UEAAPEAXI@Z 0000000180012360 f i TriangleMeshBuilder.obj
 0001:000113c0       ??_ERTreeTriangleMeshBuilder@physx@@UEAAPEAXI@Z 00000001800123c0 f i TriangleMeshBuilder.obj
 0001:000113c0       ??_GRTreeTriangleMeshBuilder@physx@@UEAAPEAXI@Z 00000001800123c0 f i TriangleMeshBuilder.obj
 0001:00011410       ??_GRemapCallback@RTreeCooker@physx@@UEAAPEAXI@Z 0000000180012410 f i TriangleMeshBuilder.obj
 0001:00011410       ??_ERemapCallback@RTreeCooker@physx@@UEAAPEAXI@Z 0000000180012410 f i TriangleMeshBuilder.obj
 0001:00011440       ??_GTriangleMeshBuilder@physx@@UEAAPEAXI@Z 0000000180012440 f i TriangleMeshBuilder.obj
 0001:00011440       ??_ETriangleMeshBuilder@physx@@UEAAPEAXI@Z 0000000180012440 f i TriangleMeshBuilder.obj
 0001:00011480       ??_ETriangleMeshData@Gu@physx@@UEAAPEAXI@Z 0000000180012480 f i TriangleMeshBuilder.obj
 0001:00011480       ??_GTriangleMeshData@Gu@physx@@UEAAPEAXI@Z 0000000180012480 f i TriangleMeshBuilder.obj
 0001:000114e0       ?allocate@?$ReflectionAllocator@USortedNeighbor@GrbTrimeshCookerHelper@physx@@@shdfnd@physx@@QEAAPEAX_KPEBDH@Z 00000001800124e0 f i TriangleMeshBuilder.obj
 0001:00011580       ?allocateTriangles@TriangleMeshData@Gu@physx@@QEAAPEAXI_NI@Z 0000000180012580 f i TriangleMeshBuilder.obj
 0001:00011660       ?allocateVertices@MeshDataBase@Gu@physx@@QEAAPEAVPxVec3@3@I@Z 0000000180012660 f i TriangleMeshBuilder.obj
 0001:00011d70       ?getMidphaseID@BV4TriangleMeshBuilder@physx@@UEBA?AW4Enum@PxMeshMidPhase@2@XZ 0000000180012d70 f i TriangleMeshBuilder.obj
 0001:00011d80       ?getMidphaseID@RTreeTriangleMeshBuilder@physx@@UEBA?AW4Enum@PxMeshMidPhase@2@XZ 0000000180012d80 f i TriangleMeshBuilder.obj
 0001:00011d90       ?growAndPushBack@?$Array@USortedNeighbor@GrbTrimeshCookerHelper@physx@@V?$ReflectionAllocator@USortedNeighbor@GrbTrimeshCookerHelper@physx@@@shdfnd@3@@shdfnd@physx@@IEAAAEAUSortedNeighbor@GrbTrimeshCookerHelper@3@AEBU453@@Z 0000000180012d90 f i TriangleMeshBuilder.obj
 0001:00011e90       ?onMeshIndexFormatChange@TriangleMeshBuilder@physx@@UEAAXXZ 0000000180012e90 f i TriangleMeshBuilder.obj
 0001:00011ea0       ?recreate@?$Array@USharpEdgeRange@GrbTrimeshCookerHelper@physx@@V?$ReflectionAllocator@USharpEdgeRange@GrbTrimeshCookerHelper@physx@@@shdfnd@3@@shdfnd@physx@@IEAAXI@Z 0000000180012ea0 f i TriangleMeshBuilder.obj
 0001:00011fb0       ?recreate@?$Array@USortedNeighbor@GrbTrimeshCookerHelper@physx@@V?$ReflectionAllocator@USortedNeighbor@GrbTrimeshCookerHelper@physx@@@shdfnd@3@@shdfnd@physx@@IEAAXI@Z 0000000180012fb0 f i TriangleMeshBuilder.obj
 0001:00012080       ?remap@RTreeCookerRemap@physx@@UEAAXPEAIII@Z 0000000180013080 f i TriangleMeshBuilder.obj
 0001:000120a0       ?resize@?$Array@USharpEdgeRange@GrbTrimeshCookerHelper@physx@@V?$ReflectionAllocator@USharpEdgeRange@GrbTrimeshCookerHelper@physx@@@shdfnd@3@@shdfnd@physx@@QEAAXIAEBUSharpEdgeRange@GrbTrimeshCookerHelper@3@@Z 00000001800130a0 f i TriangleMeshBuilder.obj
 0001:00012160       ?resizeUninitialized@?$Array@USortedNeighbor@GrbTrimeshCookerHelper@physx@@V?$ReflectionAllocator@USortedNeighbor@GrbTrimeshCookerHelper@physx@@@shdfnd@3@@shdfnd@physx@@QEAAXI@Z 0000000180013160 f i TriangleMeshBuilder.obj
 0001:000121a0       ??0BigConvexDataBuilder@physx@@QEAA@PEBUConvexHullData@Gu@1@PEAVBigConvexData@1@PEBVPxVec3@1@@Z 00000001800131a0 f   BigConvexDataBuilder.obj
 0001:000121c0       ??1BigConvexDataBuilder@physx@@QEAA@XZ 00000001800131c0 f   BigConvexDataBuilder.obj
 0001:000121d0       ?precompute@BigConvexDataBuilder@physx@@QEAA_NI@Z 00000001800131d0 f   BigConvexDataBuilder.obj
 0001:00012e20       ?initialize@BigConvexDataBuilder@physx@@QEAA_NXZ 0000000180013e20 f   BigConvexDataBuilder.obj
 0001:00012ed0       ?save@BigConvexDataBuilder@physx@@QEBA_NAEAVPxOutputStream@2@_N@Z 0000000180013ed0 f   BigConvexDataBuilder.obj
 0001:00013110       ?computeValencies@BigConvexDataBuilder@physx@@QEAA_NAEBVConvexHullBuilder@2@@Z 0000000180014110 f   BigConvexDataBuilder.obj
 0001:00013500       ?saveValencies@BigConvexDataBuilder@physx@@QEBA_NAEAVPxOutputStream@2@_N@Z 0000000180014500 f   BigConvexDataBuilder.obj
 0001:000136b0       ??0BigConvexData@physx@@QEAA@W4PxEMPTY@1@@Z 00000001800146b0 f i BigConvexDataBuilder.obj
 0001:000136c0       ??4BigConvexData@physx@@QEAAAEAV01@AEBV01@@Z 00000001800146c0 f i BigConvexDataBuilder.obj
 0001:000136e0       ?GetAdjacentVerts@BigConvexData@physx@@QEBAPEBEXZ 00000001800146e0 f i BigConvexDataBuilder.obj
 0001:000136f0       ?GetNbNeighbors@BigConvexData@physx@@QEBAGI@Z 00000001800146f0 f i BigConvexDataBuilder.obj
 0001:00013700       ?GetNbSamples@BigConvexData@physx@@QEBAIXZ 0000000180014700 f i BigConvexDataBuilder.obj
 0001:00013710       ?GetNbVerts@BigConvexData@physx@@QEBAIXZ 0000000180014710 f i BigConvexDataBuilder.obj
 0001:00013720       ?GetNeighbors@BigConvexData@physx@@QEBAPEBEI@Z 0000000180014720 f i BigConvexDataBuilder.obj
 0001:00013730       ?GetOffset@BigConvexData@physx@@QEBAGI@Z 0000000180014730 f i BigConvexDataBuilder.obj
 0001:00013740       ?GetSubdiv@BigConvexData@physx@@QEBAIXZ 0000000180014740 f i BigConvexDataBuilder.obj
 0001:00013750       ?GetValencies@BigConvexData@physx@@QEBAPEBUValency@Gu@2@XZ 0000000180014750 f i BigConvexDataBuilder.obj
 0001:00013760       ?GetValency@BigConvexData@physx@@QEBAGI@Z 0000000180014760 f i BigConvexDataBuilder.obj
 0001:00013770       ??0ConvexHullBuilder@physx@@QEAA@PEAUConvexHullData@Gu@1@_N@Z 0000000180014770 f   ConvexHullBuilder.obj
 0001:000137a0       ??1ConvexHullBuilder@physx@@QEAA@XZ 00000001800147a0 f   ConvexHullBuilder.obj
 0001:000138b0       ?init@ConvexHullBuilder@physx@@QEAA_NIPEBVPxVec3@2@PEBIIIPEBUPxHullPolygon@2@_NPEAVConvexHullLib@2@@Z 00000001800148b0 f   ConvexHullBuilder.obj
 0001:000141f0       ?save@ConvexHullBuilder@physx@@QEBA_NAEAVPxOutputStream@2@_N@Z 00000001800151f0 f   ConvexHullBuilder.obj
 0001:00014510       ?copy@ConvexHullBuilder@physx@@QEAA_NAEAUConvexHullData@Gu@2@AEAI@Z 0000000180015510 f   ConvexHullBuilder.obj
 0001:00014790       ?createEdgeList@ConvexHullBuilder@physx@@QEAA_N_NI@Z 0000000180015790 f   ConvexHullBuilder.obj
 0001:00015010       ?checkHullPolygons@ConvexHullBuilder@physx@@QEBA_NXZ 0000000180016010 f   ConvexHullBuilder.obj
 0001:00015600       ?calculateVertexMapTable@ConvexHullBuilder@physx@@QEAA_NI_N@Z 0000000180016600 f   ConvexHullBuilder.obj
 0001:00015810       ?computeGeomCenter@ConvexHullBuilder@physx@@IEBA_NAEAVPxVec3@2@IPEAUHullTriangleData@2@@Z 0000000180016810 f   ConvexHullBuilder.obj
 0001:00015ad0       ??$?_UE@@YAPEAX_KV?$ReflectionAllocator@E@shdfnd@physx@@PEBDH@Z 0000000180016ad0 f i ConvexHullBuilder.obj
 0001:00015b70       ??1ConvexHullLib@physx@@UEAA@XZ 0000000180016b70 f   ConvexHullLib.obj
 0001:00015bd0       ?cleanupVertices@ConvexHullLib@physx@@IEAA_NIPEBVPxVec3@2@IAEAIPEAV32@AEAV32@3@Z 0000000180016bd0 f   ConvexHullLib.obj
 0001:00016060       ?shiftAndcleanupVertices@ConvexHullLib@physx@@IEAA_NIPEBVPxVec3@2@IAEAIPEAV32@AEAV32@3@Z 0000000180017060 f   ConvexHullLib.obj
 0001:00016540       ?swapLargestFace@ConvexHullLib@physx@@IEAAXAEAVPxConvexMeshDesc@2@@Z 0000000180017540 f   ConvexHullLib.obj
 0001:00016730       ?shiftConvexMeshDesc@ConvexHullLib@physx@@IEAAXAEAVPxConvexMeshDesc@2@@Z 0000000180017730 f   ConvexHullLib.obj
 0001:000167f0       ??_GConvexHullLib@physx@@UEAAPEAXI@Z 00000001800177f0 f i ConvexHullLib.obj
 0001:000167f0       ??_EConvexHullLib@physx@@UEAAPEAXI@Z 00000001800177f0 f i ConvexHullLib.obj
 0001:00016d60       ??0ConvexHull@physx@@QEAA@AEBVPxVec3@1@0AEBV?$Array@VPxPlane@physx@@V?$ReflectionAllocator@VPxPlane@physx@@@shdfnd@2@@shdfnd@1@@Z 0000000180017d60 f   ConvexHullUtils.obj
 0001:00017720       ??0ConvexHull@physx@@QEAA@AEBVPxVec3@1@AEBVPxTransform@1@AEBV?$Array@VPxPlane@physx@@V?$ReflectionAllocator@VPxPlane@physx@@@shdfnd@2@@shdfnd@1@@Z 0000000180018720 f   ConvexHullUtils.obj
 0001:00018880       ?findCandidatePlane@ConvexHull@physx@@QEBAHMM@Z 0000000180019880 f   ConvexHullUtils.obj
 0001:00018ce0       ?assertIntact@ConvexHull@physx@@QEBA_NM@Z 0000000180019ce0 f   ConvexHullUtils.obj
 0001:00018ff0       ?maxNumVertsPerFace@ConvexHull@physx@@QEBAIXZ 0000000180019ff0 f   ConvexHullUtils.obj
 0001:00019070       ?convexHullCrop@physx@@YAPEAVConvexHull@1@AEBV21@AEBVPxPlane@1@M@Z 000000018001a070 f   ConvexHullUtils.obj
 0001:00019e10       ?computeOBBFromConvex@physx@@YA_NAEBVPxConvexMeshDesc@1@AEAVPxVec3@1@AEAVPxTransform@1@@Z 000000018001ae10 f   ConvexHullUtils.obj
 0001:0001a6b0       ?computeOBBSIMD@local@@YAXIPEBT__m128@@AEAT2@AEBT2@1@Z 000000018001b6b0 f   ConvexHullUtils.obj
 0001:0001a890       ??0Box@Gu@physx@@QEAA@AEBV012@@Z 000000018001b890 f i ConvexHullUtils.obj
 0001:0001a8f0       ??0Box@Gu@physx@@QEAA@AEBVPxVec3@2@0AEBVPxMat33@2@@Z 000000018001b8f0 f i ConvexHullUtils.obj
 0001:0001a960       ??0Box@Gu@physx@@QEAA@XZ   000000018001b960 f i ConvexHullUtils.obj
 0001:0001a970       ??0HalfEdge@ConvexHull@physx@@QEAA@XZ 000000018001b970 f i ConvexHullUtils.obj
 0001:0001a980       ??0PxPlane@physx@@QEAA@XZ  000000018001b980 f i ConvexHullUtils.obj
 0001:0001a990       ??0PxQuat@physx@@QEAA@AEBVPxMat33@1@@Z 000000018001b990 f i ConvexHullUtils.obj
 0001:0001ab70       ??1Box@Gu@physx@@QEAA@XZ   000000018001bb70 f i ConvexHullUtils.obj
 0001:0001ab80       ??4Box@Gu@physx@@QEAAAEBV012@AEBV012@@Z 000000018001bb80 f i ConvexHullUtils.obj
 0001:0001abe0       ?allocate@?$Array@VHalfEdge@ConvexHull@physx@@V?$ReflectionAllocator@VHalfEdge@ConvexHull@physx@@@shdfnd@3@@shdfnd@physx@@IEAAPEAVHalfEdge@ConvexHull@3@I@Z 000000018001bbe0 f i ConvexHullUtils.obj
 0001:0001ac80       ?allocate@?$Array@VPxPlane@physx@@V?$ReflectionAllocator@VPxPlane@physx@@@shdfnd@2@@shdfnd@physx@@IEAAPEAVPxPlane@3@I@Z 000000018001bc80 f i ConvexHullUtils.obj
 0001:0001ad20       ?computeAABBExtent@Box@Gu@physx@@QEBA?AVPxVec3@3@XZ 000000018001bd20 f i ConvexHullUtils.obj
 0001:0001ade0       ?computeBoxPoints@Box@Gu@physx@@QEBAXPEIAVPxVec3@3@@Z 000000018001bde0 f i ConvexHullUtils.obj
 0001:0001ae20       ?copy@?$Array@VPxPlane@physx@@V?$ReflectionAllocator@VPxPlane@physx@@@shdfnd@2@@shdfnd@physx@@KAXPEAVPxPlane@3@0PEBV43@@Z 000000018001be20 f i ConvexHullUtils.obj
 0001:0001af20       ?getInverse@PxMat33@physx@@QEBA?BV12@XZ 000000018001bf20 f i ConvexHullUtils.obj
 0001:0001b170       ?getTransform@Box@Gu@physx@@QEBA?AVPxTransform@3@XZ 000000018001c170 f i ConvexHullUtils.obj
 0001:0001b1d0       ?growAndPushBack@?$Array@VHalfEdge@ConvexHull@physx@@V?$ReflectionAllocator@VHalfEdge@ConvexHull@physx@@@shdfnd@3@@shdfnd@physx@@IEAAAEAVHalfEdge@ConvexHull@3@AEBV453@@Z 000000018001c1d0 f i ConvexHullUtils.obj
 0001:0001b290       ?growAndPushBack@?$Array@VPxPlane@physx@@V?$ReflectionAllocator@VPxPlane@physx@@@shdfnd@2@@shdfnd@physx@@IEAAAEAVPxPlane@3@AEBV43@@Z 000000018001c290 f i ConvexHullUtils.obj
 0001:0001b350       ?isValid@Box@Gu@physx@@QEBA_NXZ 000000018001c350 f i ConvexHullUtils.obj
 0001:0001b370       ?recreate@?$Array@VHalfEdge@ConvexHull@physx@@V?$ReflectionAllocator@VHalfEdge@ConvexHull@physx@@@shdfnd@3@@shdfnd@physx@@IEAAXI@Z 000000018001c370 f i ConvexHullUtils.obj
 0001:0001b410       ?recreate@?$Array@VPxPlane@physx@@V?$ReflectionAllocator@VPxPlane@physx@@@shdfnd@2@@shdfnd@physx@@IEAAXI@Z 000000018001c410 f i ConvexHullUtils.obj
 0001:0001b4a0       ?resize@?$Array@VHalfEdge@ConvexHull@physx@@V?$ReflectionAllocator@VHalfEdge@ConvexHull@physx@@@shdfnd@3@@shdfnd@physx@@QEAAXIAEBVHalfEdge@ConvexHull@3@@Z 000000018001c4a0 f i ConvexHullUtils.obj
 0001:0001b560       ?resize@?$Array@VPxPlane@physx@@V?$ReflectionAllocator@VPxPlane@physx@@@shdfnd@2@@shdfnd@physx@@QEAAXIAEBVPxPlane@3@@Z 000000018001c560 f i ConvexHullUtils.obj
 0001:0001b680       ?resize@?$Array@VPxVec3@physx@@V?$ReflectionAllocator@VPxVec3@physx@@@shdfnd@2@@shdfnd@physx@@QEAAXIAEBVPxVec3@3@@Z 000000018001c680 f i ConvexHullUtils.obj
 0001:0001b770       ?rotate@Box@Gu@physx@@QEBA?AVPxVec3@3@AEBV43@@Z 000000018001c770 f i ConvexHullUtils.obj
 0001:0001b800       ?rotateInv@Box@Gu@physx@@QEBA?AVPxVec3@3@AEBV43@@Z 000000018001c800 f i ConvexHullUtils.obj
 0001:0001b890       ?setAxes@Box@Gu@physx@@QEAAXAEBVPxVec3@3@00@Z 000000018001c890 f i ConvexHullUtils.obj
 0001:0001b8d0       ?setEmpty@Box@Gu@physx@@QEAAXXZ 000000018001c8d0 f i ConvexHullUtils.obj
 0001:0001b910       ?transform@Box@Gu@physx@@QEBA?AVPxVec3@3@AEBV43@@Z 000000018001c910 f i ConvexHullUtils.obj
 0001:0001b9b0       ??0ConvexMeshBuilder@physx@@QEAA@_N@Z 000000018001c9b0 f   ConvexMeshBuilder.obj
 0001:0001ba20       ??1ConvexMeshBuilder@physx@@QEAA@XZ 000000018001ca20 f   ConvexMeshBuilder.obj
 0001:0001ba80       ?build@ConvexMeshBuilder@physx@@QEAA_NAEBVPxConvexMeshDesc@2@I_NPEAVConvexHullLib@2@@Z 000000018001ca80 f   ConvexMeshBuilder.obj
 0001:0001bda0       ?save@ConvexMeshBuilder@physx@@QEBA_NAEAVPxOutputStream@2@_N@Z 000000018001cda0 f   ConvexMeshBuilder.obj
 0001:0001bfc0       ?copy@ConvexMeshBuilder@physx@@QEAA_NAEAUConvexHullInitData@Gu@2@@Z 000000018001cfc0 f   ConvexMeshBuilder.obj
 0001:0001c0f0       ?loadConvexHull@ConvexMeshBuilder@physx@@QEAA_NAEBVPxConvexMeshDesc@2@PEAVConvexHullLib@2@@Z 000000018001d0f0 f   ConvexMeshBuilder.obj
 0001:0001c380       ?computeHullPolygons@ConvexMeshBuilder@physx@@QEAA_NAEBIPEBVPxVec3@2@0PEBIAEAVPxAllocatorCallback@2@AEAIAEAPEAV32@4AEAPEAI4AEAPEAUPxHullPolygon@2@@Z 000000018001d380 f   ConvexMeshBuilder.obj
 0001:0001c5a0       ?computeGaussMaps@ConvexMeshBuilder@physx@@QEAA_NXZ 000000018001d5a0 f   ConvexMeshBuilder.obj
 0001:0001c690       ?computeMassInfo@ConvexMeshBuilder@physx@@QEAAX_N@Z 000000018001d690 f   ConvexMeshBuilder.obj
 0001:0001ca60       ?computeInternalObjects@ConvexMeshBuilder@physx@@QEAAXXZ 000000018001da60 f   ConvexMeshBuilder.obj
 0001:0001cee0       ?isFinite@PxVec3@physx@@QEBA_NXZ 000000018001dee0 f i ConvexMeshBuilder.obj
 0001:0001cf40       ??0ConvexPolygonsBuilder@physx@@QEAA@PEAUConvexHullData@Gu@1@_N@Z 000000018001df40 f   ConvexPolygonsBuilder.obj
 0001:0001cf70       ??1ConvexPolygonsBuilder@physx@@QEAA@XZ 000000018001df70 f   ConvexPolygonsBuilder.obj
 0001:0001cfc0       ?computeHullPolygons@ConvexPolygonsBuilder@physx@@QEAA_NAEBIPEBVPxVec3@2@0PEBI@Z 000000018001dfc0 f   ConvexPolygonsBuilder.obj
 0001:0001e070       ?createPolygonData@ConvexPolygonsBuilder@physx@@AEAA_NXZ 000000018001f070 f   ConvexPolygonsBuilder.obj
 0001:0001ec50       ?createTrianglesFromPolygons@ConvexPolygonsBuilder@physx@@AEAA_NXZ 000000018001fc50 f   ConvexPolygonsBuilder.obj
 0001:0001f570       ??$copy@V?$ReflectionAllocator@VPair@@@shdfnd@physx@@@?$Array@VPair@@V?$ReflectionAllocator@VPair@@@shdfnd@physx@@@shdfnd@physx@@IEAAXAEBV012@@Z 0000000180020570 f i ConvexPolygonsBuilder.obj
 0001:0001fe10       ?allocate@?$Array@IV?$ReflectionAllocator@I@shdfnd@physx@@@shdfnd@physx@@IEAAPEAII@Z 0000000180020e10 f i ConvexPolygonsBuilder.obj
 0001:0001feb0       ?allocate@?$Array@VPair@@V?$ReflectionAllocator@VPair@@@shdfnd@physx@@@shdfnd@physx@@IEAAPEAVPair@@I@Z 0000000180020eb0 f i ConvexPolygonsBuilder.obj
 0001:00021430       ?growAndPushBack@?$Array@VPair@@V?$ReflectionAllocator@VPair@@@shdfnd@physx@@@shdfnd@physx@@IEAAAEAVPair@@AEBV4@@Z 0000000180022430 f i ConvexPolygonsBuilder.obj
 0001:000214f0       ??0QuickHullConvexHullLib@physx@@QEAA@AEBVPxConvexMeshDesc@1@AEBUPxCookingParams@1@@Z 00000001800224f0 f   QuickHullConvexHullLib.obj
 0001:000215e0       ??1QuickHullConvexHullLib@physx@@UEAA@XZ 00000001800225e0 f   QuickHullConvexHullLib.obj
 0001:000216b0       ?createConvexHull@QuickHullConvexHullLib@physx@@UEAA?AW4Enum@PxConvexMeshCookingResult@2@XZ 00000001800226b0 f   QuickHullConvexHullLib.obj
 0001:00021ac0       ?fillConvexMeshDesc@QuickHullConvexHullLib@physx@@UEAAXAEAVPxConvexMeshDesc@2@@Z 0000000180022ac0 f   QuickHullConvexHullLib.obj
 0001:00021b10       ?createEdgeList@QuickHullConvexHullLib@physx@@UEAA_NIPEBEPEAPEAEPEAPEAG2@Z 0000000180022b10 f   QuickHullConvexHullLib.obj
 0001:00021d50       ?expandHullOBB@QuickHullConvexHullLib@physx@@IEAA?AW4Enum@PxConvexMeshCookingResult@2@XZ 0000000180022d50 f   QuickHullConvexHullLib.obj
 0001:00022170       ?expandHull@QuickHullConvexHullLib@physx@@IEAA?AW4Enum@PxConvexMeshCookingResult@2@XZ 0000000180023170 f   QuickHullConvexHullLib.obj
 0001:00022e40       ?cleanupForSimplex@QuickHullConvexHullLib@physx@@IEAA_NPEAVPxVec3@2@IPEAUQuickHullVertex@local@@1AEAM2@Z 0000000180023e40 f   QuickHullConvexHullLib.obj
 0001:00023a10       ?fillConvexMeshDescFromQuickHull@QuickHullConvexHullLib@physx@@IEAAXAEAVPxConvexMeshDesc@2@@Z 0000000180024a10 f   QuickHullConvexHullLib.obj
 0001:00023da0       ?fillConvexMeshDescFromCroppedHull@QuickHullConvexHullLib@physx@@IEAAXAEAVPxConvexMeshDesc@2@@Z 0000000180024da0 f   QuickHullConvexHullLib.obj
 0001:00023fa0       ?getOppositeFaceDistance@QuickHullHalfEdge@local@@QEBAMXZ 0000000180024fa0 f   QuickHullConvexHullLib.obj
 0001:00023fe0       ?mergeAdjacentFace@QuickHullFace@local@@QEAA_NPEAUQuickHullHalfEdge@2@AEAV?$Array@PEAUQuickHullFace@local@@V?$ReflectionAllocator@PEAUQuickHullFace@local@@@shdfnd@physx@@@shdfnd@physx@@@Z 0000000180024fe0 f   QuickHullConvexHullLib.obj
 0001:00024430       ?checkFaceConsistency@QuickHullFace@local@@QEAA_NXZ 0000000180025430 f   QuickHullConvexHullLib.obj
 0001:00024440       ?connectHalfEdges@QuickHullFace@local@@AEAAPEAU12@PEAUQuickHullHalfEdge@2@0@Z 0000000180025440 f   QuickHullConvexHullLib.obj
 0001:000247b0       ??0QuickHull@local@@QEAA@AEBUPxCookingParams@physx@@AEBVPxConvexMeshDesc@3@@Z 00000001800257b0 f   QuickHullConvexHullLib.obj
 0001:00024860       ??1QuickHull@local@@QEAA@XZ 0000000180025860 f   QuickHullConvexHullLib.obj
 0001:000249b0       ?preallocate@QuickHull@local@@QEAAXI@Z 00000001800259b0 f   QuickHullConvexHullLib.obj
 0001:00024b00       ?parseInputVertices@QuickHull@local@@QEAAXPEBVPxVec3@physx@@I@Z 0000000180025b00 f   QuickHullConvexHullLib.obj
 0001:00024c90       ?releaseHull@QuickHull@local@@QEAAXXZ 0000000180025c90 f   QuickHullConvexHullLib.obj
 0001:00024cf0       ?setPrecomputedMinMax@QuickHull@local@@QEAAXPEBUQuickHullVertex@2@0MM@Z 0000000180025cf0 f   QuickHullConvexHullLib.obj
 0001:00024e80       ?buildHull@QuickHull@local@@QEAA?AW4Enum@QuickHullResult@2@XZ 0000000180025e80 f   QuickHullConvexHullLib.obj
 0001:000250a0       ?maxNumVertsPerFace@QuickHull@local@@QEBAIXZ 00000001800260a0 f   QuickHullConvexHullLib.obj
 0001:000250e0       ?computeMinMaxVerts@QuickHull@local@@IEAAXXZ 00000001800260e0 f   QuickHullConvexHullLib.obj
 0001:000254c0       ?findSimplex@QuickHull@local@@IEAA_NXZ 00000001800264c0 f   QuickHullConvexHullLib.obj
 0001:00026170       ?addSimplex@QuickHull@local@@IEAAXPEAUQuickHullVertex@2@_N@Z 0000000180027170 f   QuickHullConvexHullLib.obj
 0001:00026640       ?nextPointToAdd@QuickHull@local@@IEAAPEAUQuickHullVertex@2@AEAPEAUQuickHullFace@2@@Z 0000000180027640 f   QuickHullConvexHullLib.obj
 0001:000267c0       ?addPointToHull@QuickHull@local@@IEAA_NPEBUQuickHullVertex@2@AEAUQuickHullFace@2@AEA_N@Z 00000001800277c0 f   QuickHullConvexHullLib.obj
 0001:00026a90       ?createTriangle@QuickHull@local@@IEAAPEAUQuickHullFace@2@AEBUQuickHullVertex@2@00@Z 0000000180027a90 f   QuickHullConvexHullLib.obj
 0001:00026e30       ?addPointToFace@QuickHull@local@@IEAAXAEAUQuickHullFace@2@PEAUQuickHullVertex@2@M@Z 0000000180027e30 f   QuickHullConvexHullLib.obj
 0001:00026e80       ?removeEyePointFromFace@QuickHull@local@@IEAAXAEAUQuickHullFace@2@PEBUQuickHullVertex@2@@Z 0000000180027e80 f   QuickHullConvexHullLib.obj
 0001:00026ea0       ?calculateHorizon@QuickHull@local@@IEAAXAEBVPxVec3@physx@@PEAUQuickHullHalfEdge@2@AEAUQuickHullFace@2@AEAV?$Array@PEAUQuickHullHalfEdge@local@@V?$ReflectionAllocator@PEAUQuickHullHalfEdge@local@@@shdfnd@physx@@@shdfnd@4@AEAV?$Array@PEAUQuickHullFace@local@@V?$ReflectionAllocator@PEAUQuickHullFace@local@@@shdfnd@physx@@@84@@Z 0000000180027ea0 f   QuickHullConvexHullLib.obj
 0001:00027050       ?addNewFacesFromHorizon@QuickHull@local@@IEAAXPEBUQuickHullVertex@2@AEBV?$Array@PEAUQuickHullHalfEdge@local@@V?$ReflectionAllocator@PEAUQuickHullHalfEdge@local@@@shdfnd@physx@@@shdfnd@physx@@AEAV?$Array@PEAUQuickHullFace@local@@V?$ReflectionAllocator@PEAUQuickHullFace@local@@@shdfnd@physx@@@56@@Z 0000000180028050 f   QuickHullConvexHullLib.obj
 0001:000271a0       ?doAdjacentMerge@QuickHull@local@@IEAA_NAEAUQuickHullFace@2@_NAEA_N@Z 00000001800281a0 f   QuickHullConvexHullLib.obj
 0001:000274f0       ?doPostAdjacentMerge@QuickHull@local@@IEAA_NAEAUQuickHullFace@2@M@Z 00000001800284f0 f   QuickHullConvexHullLib.obj
 0001:00027710       ?deleteFacePoints@QuickHull@local@@IEAAXAEAUQuickHullFace@2@PEAU32@@Z 0000000180028710 f   QuickHullConvexHullLib.obj
 0001:00027820       ?resolveUnclaimedPoints@QuickHull@local@@IEAAXAEBV?$Array@PEAUQuickHullFace@local@@V?$ReflectionAllocator@PEAUQuickHullFace@local@@@shdfnd@physx@@@shdfnd@physx@@@Z 0000000180028820 f   QuickHullConvexHullLib.obj
 0001:00027aa0       ?postMergeHull@QuickHull@local@@IEAAXXZ 0000000180028aa0 f   QuickHullConvexHullLib.obj
 0001:00027d00       ?canMergeFaces@QuickHull@local@@IEAA_NAEBUQuickHullHalfEdge@2@@Z 0000000180028d00 f   QuickHullConvexHullLib.obj
 0001:00028530       ?getExpandPoint@local@@YAXAEBUQuickHullHalfEdge@1@AEAUExpandPoint@1@PEBV?$Array@IV?$ReflectionAllocator@I@shdfnd@physx@@@shdfnd@physx@@@Z 0000000180029530 f   QuickHullConvexHullLib.obj
 0001:000285e0       ?addExpandPoint@local@@YAXAEBUExpandPoint@1@AEAV?$Array@UExpandPoint@local@@V?$ReflectionAllocator@UExpandPoint@local@@@shdfnd@physx@@@shdfnd@physx@@@Z 00000001800295e0 f   QuickHullConvexHullLib.obj
 0001:000286c0       ??0PxPlane@physx@@QEAA@AEBV01@@Z 00000001800296c0 f i QuickHullConvexHullLib.obj
 0001:000286e0       ??0QuickHullVertex@local@@QEAA@XZ 00000001800296e0 f i QuickHullConvexHullLib.obj
 0001:000286f0       ??1?$MemBlock@UQuickHullFace@local@@$00@local@@QEAA@XZ 00000001800296f0 f i QuickHullConvexHullLib.obj
 0001:00028780       ??1?$MemBlock@UQuickHullHalfEdge@local@@$0A@@local@@QEAA@XZ 0000000180029780 f i QuickHullConvexHullLib.obj
 0001:00028810       ??_GConvexHull@physx@@QEAAPEAXI@Z 0000000180029810 f i QuickHullConvexHullLib.obj
 0001:000288f0       ??_GQuickHullConvexHullLib@physx@@UEAAPEAXI@Z 00000001800298f0 f i QuickHullConvexHullLib.obj
 0001:000288f0       ??_EQuickHullConvexHullLib@physx@@UEAAPEAXI@Z 00000001800298f0 f i QuickHullConvexHullLib.obj
 0001:000289f0       ??__G@YAXPEAX0_K1P6APEAX00@Z@Z 00000001800299f0 f i QuickHullConvexHullLib.obj
 0001:00028a50       ?allocate@?$Array@PEAUQuickHullFace@local@@V?$ReflectionAllocator@PEAUQuickHullFace@local@@@shdfnd@physx@@@shdfnd@physx@@IEAAPEAPEAUQuickHullFace@local@@I@Z 0000000180029a50 f i QuickHullConvexHullLib.obj
 0001:00028af0       ?allocate@?$Array@PEAUQuickHullHalfEdge@local@@V?$ReflectionAllocator@PEAUQuickHullHalfEdge@local@@@shdfnd@physx@@@shdfnd@physx@@IEAAPEAPEAUQuickHullHalfEdge@local@@I@Z 0000000180029af0 f i QuickHullConvexHullLib.obj
 0001:00028b90       ?allocate@?$Array@PEAUQuickHullVertex@local@@V?$ReflectionAllocator@PEAUQuickHullVertex@local@@@shdfnd@physx@@@shdfnd@physx@@IEAAPEAPEAUQuickHullVertex@local@@I@Z 0000000180029b90 f i QuickHullConvexHullLib.obj
 0001:00028c30       ?allocate@?$Array@UExpandPoint@local@@V?$ReflectionAllocator@UExpandPoint@local@@@shdfnd@physx@@@shdfnd@physx@@IEAAPEAUExpandPoint@local@@I@Z 0000000180029c30 f i QuickHullConvexHullLib.obj
 0001:00028cd0       ?copy@?$Array@UExpandPoint@local@@V?$ReflectionAllocator@UExpandPoint@local@@@shdfnd@physx@@@shdfnd@physx@@KAXPEAUExpandPoint@local@@0PEBU45@@Z 0000000180029cd0 f i QuickHullConvexHullLib.obj
 0001:00028d80       ?getFreeItem@?$MemBlock@UQuickHullFace@local@@$00@local@@QEAAPEAUQuickHullFace@2@XZ 0000000180029d80 f i QuickHullConvexHullLib.obj
 0001:00028eb0       ?getFreeItem@?$MemBlock@UQuickHullHalfEdge@local@@$0A@@local@@QEAAPEAUQuickHullHalfEdge@2@XZ 0000000180029eb0 f i QuickHullConvexHullLib.obj
 0001:00028f80       ?growAndPushBack@?$Array@PEAUQuickHullFace@local@@V?$ReflectionAllocator@PEAUQuickHullFace@local@@@shdfnd@physx@@@shdfnd@physx@@IEAAAEAPEAUQuickHullFace@local@@AEBQEAU45@@Z 0000000180029f80 f i QuickHullConvexHullLib.obj
 0001:00029040       ?growAndPushBack@?$Array@PEAUQuickHullHalfEdge@local@@V?$ReflectionAllocator@PEAUQuickHullHalfEdge@local@@@shdfnd@physx@@@shdfnd@physx@@IEAAAEAPEAUQuickHullHalfEdge@local@@AEBQEAU45@@Z 000000018002a040 f i QuickHullConvexHullLib.obj
 0001:00029100       ?growAndPushBack@?$Array@PEAUQuickHullVertex@local@@V?$ReflectionAllocator@PEAUQuickHullVertex@local@@@shdfnd@physx@@@shdfnd@physx@@IEAAAEAPEAUQuickHullVertex@local@@AEBQEAU45@@Z 000000018002a100 f i QuickHullConvexHullLib.obj
 0001:000291c0       ?growAndPushBack@?$Array@UExpandPoint@local@@V?$ReflectionAllocator@UExpandPoint@local@@@shdfnd@physx@@@shdfnd@physx@@IEAAAEAUExpandPoint@local@@AEBU45@@Z 000000018002a1c0 f i QuickHullConvexHullLib.obj
 0001:000292c0       ?init@?$MemBlock@UQuickHullFace@local@@$00@local@@QEAAXI@Z 000000018002a2c0 f i QuickHullConvexHullLib.obj
 0001:000293c0       ?init@?$MemBlock@UQuickHullHalfEdge@local@@$0A@@local@@QEAAXI@Z 000000018002a3c0 f i QuickHullConvexHullLib.obj
 0001:00029460       ?recreate@?$Array@PEAUQuickHullFace@local@@V?$ReflectionAllocator@PEAUQuickHullFace@local@@@shdfnd@physx@@@shdfnd@physx@@IEAAXI@Z 000000018002a460 f i QuickHullConvexHullLib.obj
 0001:00029500       ?recreate@?$Array@PEAUQuickHullHalfEdge@local@@V?$ReflectionAllocator@PEAUQuickHullHalfEdge@local@@@shdfnd@physx@@@shdfnd@physx@@IEAAXI@Z 000000018002a500 f i QuickHullConvexHullLib.obj
 0001:000295a0       ?recreate@?$Array@PEAUQuickHullVertex@local@@V?$ReflectionAllocator@PEAUQuickHullVertex@local@@@shdfnd@physx@@@shdfnd@physx@@IEAAXI@Z 000000018002a5a0 f i QuickHullConvexHullLib.obj
 0001:00029640       ?recreate@?$Array@UExpandPoint@local@@V?$ReflectionAllocator@UExpandPoint@local@@@shdfnd@physx@@@shdfnd@physx@@IEAAXI@Z 000000018002a640 f i QuickHullConvexHullLib.obj
 0001:000296d0       ?computeVolumeIntegrals@physx@@YA_NAEBVPxSimpleTriangleMesh@1@MAEAUPxIntegrals@1@@Z 000000018002a6d0 f   VolumeIntegration.obj
 0001:00029740       ?computeVolumeIntegralsEberly@physx@@YA_NAEBVPxConvexMeshDesc@1@MAEAUPxIntegrals@1@AEBVPxVec3@1@@Z 000000018002a740 f   VolumeIntegration.obj
 0001:00029790       ?computeVolumeIntegralsEberlySIMD@physx@@YA_NAEBVPxConvexMeshDesc@1@MAEAUPxIntegrals@1@AEBVPxVec3@1@@Z 000000018002a790 f   VolumeIntegration.obj
 0001:0002ba90       PxSetPhysXCookingDelayLoadHook 000000018002ca90 f   WindowsCookingDelayLoadHook.obj
 0001:0002baa0       ?cookingDelayHook@@YAP6A_JXZIPEAUDelayLoadInfo@@@Z 000000018002caa0 f   WindowsCookingDelayLoadHook.obj
 0001:0002bb78       __imp_load_??0RadixSortBuffered@Cm@physx@@QEAA@XZ 000000018002cb78 f   PhysXCommon_64:PhysXCommon_64.dll
 0001:0002bb84       ??0RadixSortBuffered@Cm@physx@@QEAA@XZ 000000018002cb84 f   PhysXCommon_64:PhysXCommon_64.dll
 0001:0002bb8a       __tailMerge_physxcommon_64_dll 000000018002cb8a     PhysXCommon_64:PhysXCommon_64.dll
 0001:0002bc03       __imp_load_??1RadixSortBuffered@Cm@physx@@UEAA@XZ 000000018002cc03 f   PhysXCommon_64:PhysXCommon_64.dll
 0001:0002bc0f       ??1RadixSortBuffered@Cm@physx@@UEAA@XZ 000000018002cc0f f   PhysXCommon_64:PhysXCommon_64.dll
 0001:0002bc15       __imp_load_?Sort@RadixSortBuffered@Cm@physx@@QEAAAEAV123@PEBIIW4RadixHint@23@@Z 000000018002cc15 f   PhysXCommon_64:PhysXCommon_64.dll
 0001:0002bc21       ?Sort@RadixSortBuffered@Cm@physx@@QEAAAEAV123@PEBIIW4RadixHint@23@@Z 000000018002cc21 f   PhysXCommon_64:PhysXCommon_64.dll
 0001:0002bc27       __imp_load_?readDword@physx@@YAI_NAEAVPxInputStream@1@@Z 000000018002cc27 f   PhysXCommon_64:PhysXCommon_64.dll
 0001:0002bc33       ?readDword@physx@@YAI_NAEAVPxInputStream@1@@Z 000000018002cc33 f   PhysXCommon_64:PhysXCommon_64.dll
 0001:0002bc39       __imp_load_?ReadHeader@Gu@physx@@YA_NEEEEAEAIAEA_NAEAVPxInputStream@2@@Z 000000018002cc39 f   PhysXCommon_64:PhysXCommon_64.dll
 0001:0002bc45       ?ReadHeader@Gu@physx@@YA_NEEEEAEAIAEA_NAEAVPxInputStream@2@@Z 000000018002cc45 f   PhysXCommon_64:PhysXCommon_64.dll
 0001:0002bc4b       __imp_load_??0HeightField@Gu@physx@@QEAA@PEAVGuMeshFactory@2@@Z 000000018002cc4b f   PhysXCommon_64:PhysXCommon_64.dll
 0001:0002bc57       ??0HeightField@Gu@physx@@QEAA@PEAVGuMeshFactory@2@@Z 000000018002cc57 f   PhysXCommon_64:PhysXCommon_64.dll
 0001:0002bc5d       __imp_load_?loadFromDesc@HeightField@Gu@physx@@QEAA_NAEBVPxHeightFieldDesc@3@@Z 000000018002cc5d f   PhysXCommon_64:PhysXCommon_64.dll
 0001:0002bc69       ?loadFromDesc@HeightField@Gu@physx@@QEAA_NAEBVPxHeightFieldDesc@3@@Z 000000018002cc69 f   PhysXCommon_64:PhysXCommon_64.dll
 0001:0002bc6f       __imp_load_?computeCellCoordinates@HeightField@Gu@physx@@QEBAIMMAEAM0@Z 000000018002cc6f f   PhysXCommon_64:PhysXCommon_64.dll
 0001:0002bc7b       ?computeCellCoordinates@HeightField@Gu@physx@@QEBAIMMAEAM0@Z 000000018002cc7b f   PhysXCommon_64:PhysXCommon_64.dll
 0001:0002bc81       __imp_load_?releaseMemory@HeightField@Gu@physx@@QEAAXXZ 000000018002cc81 f   PhysXCommon_64:PhysXCommon_64.dll
 0001:0002bc8d       ?releaseMemory@HeightField@Gu@physx@@QEAAXXZ 000000018002cc8d f   PhysXCommon_64:PhysXCommon_64.dll
 0001:0002bc93       __imp_load_??1HeightField@Gu@physx@@UEAA@XZ 000000018002cc93 f   PhysXCommon_64:PhysXCommon_64.dll
 0001:0002bc9f       ??1HeightField@Gu@physx@@UEAA@XZ 000000018002cc9f f   PhysXCommon_64:PhysXCommon_64.dll
 0001:0002bca5       __imp_load_??0NodeAllocator@Gu@physx@@QEAA@XZ 000000018002cca5 f   PhysXCommon_64:PhysXCommon_64.dll
 0001:0002bcb1       ??0NodeAllocator@Gu@physx@@QEAA@XZ 000000018002ccb1 f   PhysXCommon_64:PhysXCommon_64.dll
 0001:0002bcb7       __imp_load_??1NodeAllocator@Gu@physx@@QEAA@XZ 000000018002ccb7 f   PhysXCommon_64:PhysXCommon_64.dll
 0001:0002bcc3       ??1NodeAllocator@Gu@physx@@QEAA@XZ 000000018002ccc3 f   PhysXCommon_64:PhysXCommon_64.dll
 0001:0002bcc9       __imp_load_?release@NodeAllocator@Gu@physx@@QEAAXXZ 000000018002ccc9 f   PhysXCommon_64:PhysXCommon_64.dll
 0001:0002bcd5       ?release@NodeAllocator@Gu@physx@@QEAAXXZ 000000018002ccd5 f   PhysXCommon_64:PhysXCommon_64.dll
 0001:0002bcdb       __imp_load_?buildAABBTree@Gu@physx@@YA_NAEAVAABBTreeBuildParams@12@AEAVNodeAllocator@12@AEAUBuildStats@12@AEAPEAI@Z 000000018002ccdb f   PhysXCommon_64:PhysXCommon_64.dll
 0001:0002bce7       ?buildAABBTree@Gu@physx@@YA_NAEAVAABBTreeBuildParams@12@AEAVNodeAllocator@12@AEAUBuildStats@12@AEAPEAI@Z 000000018002cce7 f   PhysXCommon_64:PhysXCommon_64.dll
 0001:0002bced       __imp_load_?writeDword@physx@@YAXI_NAEAVPxOutputStream@1@@Z 000000018002cced f   PhysXCommon_64:PhysXCommon_64.dll
 0001:0002bcf9       ?writeDword@physx@@YAXI_NAEAVPxOutputStream@1@@Z 000000018002ccf9 f   PhysXCommon_64:PhysXCommon_64.dll
 0001:0002bcff       __imp_load_?writeFloatBuffer@physx@@YAXPEBMI_NAEAVPxOutputStream@1@@Z 000000018002ccff f   PhysXCommon_64:PhysXCommon_64.dll
 0001:0002bd0b       ?writeFloatBuffer@physx@@YAXPEBMI_NAEAVPxOutputStream@1@@Z 000000018002cd0b f   PhysXCommon_64:PhysXCommon_64.dll
 0001:0002bd11       __imp_load_?writeHeader@physx@@YA_NCCCCI_NAEAVPxOutputStream@1@@Z 000000018002cd11 f   PhysXCommon_64:PhysXCommon_64.dll
 0001:0002bd1d       ?writeHeader@physx@@YA_NCCCCI_NAEAVPxOutputStream@1@@Z 000000018002cd1d f   PhysXCommon_64:PhysXCommon_64.dll
 0001:0002bd23       __imp_load_?writeWord@physx@@YAXG_NAEAVPxOutputStream@1@@Z 000000018002cd23 f   PhysXCommon_64:PhysXCommon_64.dll
 0001:0002bd2f       ?writeWord@physx@@YAXG_NAEAVPxOutputStream@1@@Z 000000018002cd2f f   PhysXCommon_64:PhysXCommon_64.dll
 0001:0002bd35       __imp_load_?writeFloat@physx@@YAXM_NAEAVPxOutputStream@1@@Z 000000018002cd35 f   PhysXCommon_64:PhysXCommon_64.dll
 0001:0002bd41       ?writeFloat@physx@@YAXM_NAEAVPxOutputStream@1@@Z 000000018002cd41 f   PhysXCommon_64:PhysXCommon_64.dll
 0001:0002bd47       __imp_load_?computeBoundsAroundVertices@Gu@physx@@YAXAEAVPxBounds3@2@IPEIBVPxVec3@2@@Z 000000018002cd47 f   PhysXCommon_64:PhysXCommon_64.dll
 0001:0002bd53       ?computeBoundsAroundVertices@Gu@physx@@YAXAEAVPxBounds3@2@IPEIBVPxVec3@2@@Z 000000018002cd53 f   PhysXCommon_64:PhysXCommon_64.dll
 0001:0002bd59       __imp_load_??0SourceMesh@Gu@physx@@QEAA@XZ 000000018002cd59 f   PhysXCommon_64:PhysXCommon_64.dll
 0001:0002bd65       ??0SourceMesh@Gu@physx@@QEAA@XZ 000000018002cd65 f   PhysXCommon_64:PhysXCommon_64.dll
 0001:0002bd6b       __imp_load_??1SourceMesh@Gu@physx@@QEAA@XZ 000000018002cd6b f   PhysXCommon_64:PhysXCommon_64.dll
 0001:0002bd77       ??1SourceMesh@Gu@physx@@QEAA@XZ 000000018002cd77 f   PhysXCommon_64:PhysXCommon_64.dll
 0001:0002bd7d       __imp_load_??0BV4Tree@Gu@physx@@QEAA@XZ 000000018002cd7d f   PhysXCommon_64:PhysXCommon_64.dll
 0001:0002bd89       ??0BV4Tree@Gu@physx@@QEAA@XZ 000000018002cd89 f   PhysXCommon_64:PhysXCommon_64.dll
 0001:0002bd8f       __imp_load_??1BV4Tree@Gu@physx@@QEAA@XZ 000000018002cd8f f   PhysXCommon_64:PhysXCommon_64.dll
 0001:0002bd9b       ??1BV4Tree@Gu@physx@@QEAA@XZ 000000018002cd9b f   PhysXCommon_64:PhysXCommon_64.dll
 0001:0002bda1       __imp_load_??0BV32Tree@Gu@physx@@QEAA@XZ 000000018002cda1 f   PhysXCommon_64:PhysXCommon_64.dll
 0001:0002bdad       ??0BV32Tree@Gu@physx@@QEAA@XZ 000000018002cdad f   PhysXCommon_64:PhysXCommon_64.dll
 0001:0002bdb3       __imp_load_??1BV32Tree@Gu@physx@@QEAA@XZ 000000018002cdb3 f   PhysXCommon_64:PhysXCommon_64.dll
 0001:0002bdbf       ??1BV32Tree@Gu@physx@@QEAA@XZ 000000018002cdbf f   PhysXCommon_64:PhysXCommon_64.dll
 0001:0002bdc5       __imp_load_?writeWordBuffer@physx@@YAXPEBGI_NAEAVPxOutputStream@1@@Z 000000018002cdc5 f   PhysXCommon_64:PhysXCommon_64.dll
 0001:0002bdd1       ?writeWordBuffer@physx@@YAXPEBGI_NAEAVPxOutputStream@1@@Z 000000018002cdd1 f   PhysXCommon_64:PhysXCommon_64.dll
 0001:0002bdd7       __imp_load_?computeMaxIndex@physx@@YAIPEBII@Z 000000018002cdd7 f   PhysXCommon_64:PhysXCommon_64.dll
 0001:0002bde3       ?computeMaxIndex@physx@@YAIPEBII@Z 000000018002cde3 f   PhysXCommon_64:PhysXCommon_64.dll
 0001:0002bde9       __imp_load_?storeIndices@physx@@YAXIIPEBIAEAVPxOutputStream@1@_N@Z 000000018002cde9 f   PhysXCommon_64:PhysXCommon_64.dll
 0001:0002bdf5       ?storeIndices@physx@@YAXIIPEBIAEAVPxOutputStream@1@_N@Z 000000018002cdf5 f   PhysXCommon_64:PhysXCommon_64.dll
 0001:0002bdfb       __imp_load_?BuildBV4Ex@Gu@physx@@YA_NAEAVBV4Tree@12@AEAVSourceMesh@12@MI@Z 000000018002cdfb f   PhysXCommon_64:PhysXCommon_64.dll
 0001:0002be07       ?BuildBV4Ex@Gu@physx@@YA_NAEAVBV4Tree@12@AEAVSourceMesh@12@MI@Z 000000018002ce07 f   PhysXCommon_64:PhysXCommon_64.dll
 0001:0002be0d       __imp_load_?BuildBV32Ex@Gu@physx@@YA_NAEAVBV32Tree@12@AEAVSourceMesh@12@MI@Z 000000018002ce0d f   PhysXCommon_64:PhysXCommon_64.dll
 0001:0002be19       ?BuildBV32Ex@Gu@physx@@YA_NAEAVBV32Tree@12@AEAVSourceMesh@12@MI@Z 000000018002ce19 f   PhysXCommon_64:PhysXCommon_64.dll
 0001:0002be1f       __imp_load_?computeMaxIndex@physx@@YAGPEBGI@Z 000000018002ce1f f   PhysXCommon_64:PhysXCommon_64.dll
 0001:0002be2b       ?computeMaxIndex@physx@@YAGPEBGI@Z 000000018002ce2b f   PhysXCommon_64:PhysXCommon_64.dll
 0001:0002be31       __imp_load_?WriteHeader@Gu@physx@@YA_NEEEEI_NAEAVPxOutputStream@2@@Z 000000018002ce31 f   PhysXCommon_64:PhysXCommon_64.dll
 0001:0002be3d       ?WriteHeader@Gu@physx@@YA_NEEEEI_NAEAVPxOutputStream@2@@Z 000000018002ce3d f   PhysXCommon_64:PhysXCommon_64.dll
 0001:0002be43       __imp_load_?StoreIndices@Gu@physx@@YAXGIPEBGAEAVPxOutputStream@2@_N@Z 000000018002ce43 f   PhysXCommon_64:PhysXCommon_64.dll
 0001:0002be4f       ?StoreIndices@Gu@physx@@YAXGIPEBGAEAVPxOutputStream@2@_N@Z 000000018002ce4f f   PhysXCommon_64:PhysXCommon_64.dll
 0001:0002be55       __imp_load_?CreateOffsets@BigConvexData@physx@@IEAAXXZ 000000018002ce55 f   PhysXCommon_64:PhysXCommon_64.dll
 0001:0002be61       ?CreateOffsets@BigConvexData@physx@@IEAAXXZ 000000018002ce61 f   PhysXCommon_64:PhysXCommon_64.dll
 0001:0002be67       __imp_load_?computeOBBPoints@Gu@physx@@YAXPEIAVPxVec3@2@AEBV32@1111@Z 000000018002ce67 f   PhysXCommon_64:PhysXCommon_64.dll
 0001:0002be73       ?computeOBBPoints@Gu@physx@@YAXPEIAVPxVec3@2@AEBV32@1111@Z 000000018002ce73 f   PhysXCommon_64:PhysXCommon_64.dll
 0001:0002be79       __imp_load_??0BigConvexData@physx@@QEAA@XZ 000000018002ce79 f   PhysXCommon_64:PhysXCommon_64.dll
 0001:0002be85       ??0BigConvexData@physx@@QEAA@XZ 000000018002ce85 f   PhysXCommon_64:PhysXCommon_64.dll
 0001:0002be8b       __imp_load_??1BigConvexData@physx@@QEAA@XZ 000000018002ce8b f   PhysXCommon_64:PhysXCommon_64.dll
 0001:0002be97       ??1BigConvexData@physx@@QEAA@XZ 000000018002ce97 f   PhysXCommon_64:PhysXCommon_64.dll
 0001:0002be9d       __imp_load_PxGetFoundation 000000018002ce9d f   PhysXFoundation_64:PhysXFoundation_64.dll
 0001:0002bea9       PxGetFoundation            000000018002cea9 f   PhysXFoundation_64:PhysXFoundation_64.dll
 0001:0002beaf       __tailMerge_physxfoundation_64_dll 000000018002ceaf     PhysXFoundation_64:PhysXFoundation_64.dll
 0001:0002bf28       __imp_load_?getAllocator@shdfnd@physx@@YAAEAVPxAllocatorCallback@2@XZ 000000018002cf28 f   PhysXFoundation_64:PhysXFoundation_64.dll
 0001:0002bf34       ?getAllocator@shdfnd@physx@@YAAEAVPxAllocatorCallback@2@XZ 000000018002cf34 f   PhysXFoundation_64:PhysXFoundation_64.dll
 0001:0002bf3a       __imp_load_?getInstance@Foundation@shdfnd@physx@@SAAEAV123@XZ 000000018002cf3a f   PhysXFoundation_64:PhysXFoundation_64.dll
 0001:0002bf46       ?getInstance@Foundation@shdfnd@physx@@SAAEAV123@XZ 000000018002cf46 f   PhysXFoundation_64:PhysXFoundation_64.dll
 0001:0002bf4c       __imp_load_?error@Foundation@shdfnd@physx@@QEAAXW4Enum@PxErrorCode@3@PEBDH1ZZ 000000018002cf4c f   PhysXFoundation_64:PhysXFoundation_64.dll
 0001:0002bf58       ?error@Foundation@shdfnd@physx@@QEAAXW4Enum@PxErrorCode@3@PEBDH1ZZ 000000018002cf58 f   PhysXFoundation_64:PhysXFoundation_64.dll
 0001:0002bf5e       __imp_load_?incRefCount@Foundation@shdfnd@physx@@SAXXZ 000000018002cf5e f   PhysXFoundation_64:PhysXFoundation_64.dll
 0001:0002bf6a       ?incRefCount@Foundation@shdfnd@physx@@SAXXZ 000000018002cf6a f   PhysXFoundation_64:PhysXFoundation_64.dll
 0001:0002bf70       __imp_load_?decRefCount@Foundation@shdfnd@physx@@SAXXZ 000000018002cf70 f   PhysXFoundation_64:PhysXFoundation_64.dll
 0001:0002bf7c       ?decRefCount@Foundation@shdfnd@physx@@SAXXZ 000000018002cf7c f   PhysXFoundation_64:PhysXFoundation_64.dll
 0001:0002bf82       __imp_load_??0FPUGuard@shdfnd@physx@@QEAA@XZ 000000018002cf82 f   PhysXFoundation_64:PhysXFoundation_64.dll
 0001:0002bf8e       ??0FPUGuard@shdfnd@physx@@QEAA@XZ 000000018002cf8e f   PhysXFoundation_64:PhysXFoundation_64.dll
 0001:0002bf94       __imp_load_??1FPUGuard@shdfnd@physx@@QEAA@XZ 000000018002cf94 f   PhysXFoundation_64:PhysXFoundation_64.dll
 0001:0002bfa0       ??1FPUGuard@shdfnd@physx@@QEAA@XZ 000000018002cfa0 f   PhysXFoundation_64:PhysXFoundation_64.dll
 0001:0002bfa6       __imp_load_?allocate@TempAllocator@shdfnd@physx@@QEAAPEAX_KPEBDH@Z 000000018002cfa6 f   PhysXFoundation_64:PhysXFoundation_64.dll
 0001:0002bfb2       ?allocate@TempAllocator@shdfnd@physx@@QEAAPEAX_KPEBDH@Z 000000018002cfb2 f   PhysXFoundation_64:PhysXFoundation_64.dll
 0001:0002bfb8       __imp_load_?deallocate@TempAllocator@shdfnd@physx@@QEAAXPEAX@Z 000000018002cfb8 f   PhysXFoundation_64:PhysXFoundation_64.dll
[...]
 0004:00001d4c       $pdata$0$?deleteFacePoints@QuickHull@local@@IEAAXAEAUQuickHullFace@2@PEAU32@@Z 000000018003cd4c     QuickHullConvexHullLib.obj
 0004:00001d58       $pdata$1$?deleteFacePoints@QuickHull@local@@IEAAXAEAUQuickHullFace@2@PEAU32@@Z 000000018003cd58     QuickHullConvexHullLib.obj
 0004:00001d64       $pdata$?resolveUnclaimedPoints@QuickHull@local@@IEAAXAEBV?$Array@PEAUQuickHullFace@local@@V?$ReflectionAllocator@PEAUQuickHullFace@local@@@shdfnd@physx@@@shdfnd@physx@@@Z 000000018003cd64     QuickHullConvexHullLib.obj
 0004:00001d70       $pdata$1$?resolveUnclaimedPoints@QuickHull@local@@IEAAXAEBV?$Array@PEAUQuickHullFace@local@@V?$ReflectionAllocator@PEAUQuickHullFace@local@@@shdfnd@physx@@@shdfnd@physx@@@Z 000000018003cd70     QuickHullConvexHullLib.obj
 0004:00001d7c       $pdata$2$?resolveUnclaimedPoints@QuickHull@local@@IEAAXAEBV?$Array@PEAUQuickHullFace@local@@V?$ReflectionAllocator@PEAUQuickHullFace@local@@@shdfnd@physx@@@shdfnd@physx@@@Z 000000018003cd7c     QuickHullConvexHullLib.obj
 0004:00001d88       $pdata$?postMergeHull@QuickHull@local@@IEAAXXZ 000000018003cd88     QuickHullConvexHullLib.obj
 0004:00001d94       $pdata$5$?postMergeHull@QuickHull@local@@IEAAXXZ 000000018003cd94     QuickHullConvexHullLib.obj
 0004:00001da0       $pdata$6$?postMergeHull@QuickHull@local@@IEAAXXZ 000000018003cda0     QuickHullConvexHullLib.obj
 0004:00001dac       $pdata$7$?postMergeHull@QuickHull@local@@IEAAXXZ 000000018003cdac     QuickHullConvexHullLib.obj
 0004:00001db8       $pdata$?canMergeFaces@QuickHull@local@@IEAA_NAEBUQuickHullHalfEdge@2@@Z 000000018003cdb8     QuickHullConvexHullLib.obj
 0004:00001dc4       $pdata$?getExpandPoint@local@@YAXAEBUQuickHullHalfEdge@1@AEAUExpandPoint@1@PEBV?$Array@IV?$ReflectionAllocator@I@shdfnd@physx@@@shdfnd@physx@@@Z 000000018003cdc4     QuickHullConvexHullLib.obj
 0004:00001dd0       $pdata$??1?$MemBlock@UQuickHullFace@local@@$00@local@@QEAA@XZ 000000018003cdd0     QuickHullConvexHullLib.obj
 0004:00001ddc       $pdata$0$??1?$MemBlock@UQuickHullFace@local@@$00@local@@QEAA@XZ 000000018003cddc     QuickHullConvexHullLib.obj
 0004:00001de8       $pdata$1$??1?$MemBlock@UQuickHullFace@local@@$00@local@@QEAA@XZ 000000018003cde8     QuickHullConvexHullLib.obj
 0004:00001df4       $pdata$??1?$MemBlock@UQuickHullHalfEdge@local@@$0A@@local@@QEAA@XZ 000000018003cdf4     QuickHullConvexHullLib.obj
 0004:00001e00       $pdata$0$??1?$MemBlock@UQuickHullHalfEdge@local@@$0A@@local@@QEAA@XZ 000000018003ce00     QuickHullConvexHullLib.obj
 0004:00001e0c       $pdata$1$??1?$MemBlock@UQuickHullHalfEdge@local@@$0A@@local@@QEAA@XZ 000000018003ce0c     QuickHullConvexHullLib.obj
 0004:00001e18       $pdata$??_GConvexHull@physx@@QEAAPEAXI@Z 000000018003ce18     QuickHullConvexHullLib.obj
 0004:00001e24       $pdata$0$??_GConvexHull@physx@@QEAAPEAXI@Z 000000018003ce24     QuickHullConvexHullLib.obj
 0004:00001e30       $pdata$1$??_GConvexHull@physx@@QEAAPEAXI@Z 000000018003ce30     QuickHullConvexHullLib.obj
 0004:00001e3c       $pdata$??_GQuickHullConvexHullLib@physx@@UEAAPEAXI@Z 000000018003ce3c     QuickHullConvexHullLib.obj
 0004:00001e48       $pdata$??__G@YAXPEAX0_K1P6APEAX00@Z@Z 000000018003ce48     QuickHullConvexHullLib.obj
 0004:00001e54       $pdata$0$??__G@YAXPEAX0_K1P6APEAX00@Z@Z 000000018003ce54     QuickHullConvexHullLib.obj
 0004:00001e60       $pdata$1$??__G@YAXPEAX0_K1P6APEAX00@Z@Z 000000018003ce60     QuickHullConvexHullLib.obj
 0004:00001e6c       $pdata$?allocate@?$Array@PEAUQuickHullFace@local@@V?$ReflectionAllocator@PEAUQuickHullFace@local@@@shdfnd@physx@@@shdfnd@physx@@IEAAPEAPEAUQuickHullFace@local@@I@Z 000000018003ce6c     QuickHullConvexHullLib.obj
 0004:00001e78       $pdata$1$?allocate@?$Array@PEAUQuickHullFace@local@@V?$ReflectionAllocator@PEAUQuickHullFace@local@@@shdfnd@physx@@@shdfnd@physx@@IEAAPEAPEAUQuickHullFace@local@@I@Z 000000018003ce78     QuickHullConvexHullLib.obj
 0004:00001e84       $pdata$3$?allocate@?$Array@PEAUQuickHullFace@local@@V?$ReflectionAllocator@PEAUQuickHullFace@local@@@shdfnd@physx@@@shdfnd@physx@@IEAAPEAPEAUQuickHullFace@local@@I@Z 000000018003ce84     QuickHullConvexHullLib.obj
 0004:00001e90       $pdata$4$?allocate@?$Array@PEAUQuickHullFace@local@@V?$ReflectionAllocator@PEAUQuickHullFace@local@@@shdfnd@physx@@@shdfnd@physx@@IEAAPEAPEAUQuickHullFace@local@@I@Z 000000018003ce90     QuickHullConvexHullLib.obj
 0004:00001e9c       $pdata$?allocate@?$Array@PEAUQuickHullHalfEdge@local@@V?$ReflectionAllocator@PEAUQuickHullHalfEdge@local@@@shdfnd@physx@@@shdfnd@physx@@IEAAPEAPEAUQuickHullHalfEdge@local@@I@Z 000000018003ce9c     QuickHullConvexHullLib.obj
 0004:00001ea8       $pdata$1$?allocate@?$Array@PEAUQuickHullHalfEdge@local@@V?$ReflectionAllocator@PEAUQuickHullHalfEdge@local@@@shdfnd@physx@@@shdfnd@physx@@IEAAPEAPEAUQuickHullHalfEdge@local@@I@Z 000000018003cea8     QuickHullConvexHullLib.obj
 0004:00001eb4       $pdata$3$?allocate@?$Array@PEAUQuickHullHalfEdge@local@@V?$ReflectionAllocator@PEAUQuickHullHalfEdge@local@@@shdfnd@physx@@@shdfnd@physx@@IEAAPEAPEAUQuickHullHalfEdge@local@@I@Z 000000018003ceb4     QuickHullConvexHullLib.obj
 0004:00001ec0       $pdata$4$?allocate@?$Array@PEAUQuickHullHalfEdge@local@@V?$ReflectionAllocator@PEAUQuickHullHalfEdge@local@@@shdfnd@physx@@@shdfnd@physx@@IEAAPEAPEAUQuickHullHalfEdge@local@@I@Z 000000018003cec0     QuickHullConvexHullLib.obj
 0004:00001ecc       $pdata$?allocate@?$Array@PEAUQuickHullVertex@local@@V?$ReflectionAllocator@PEAUQuickHullVertex@local@@@shdfnd@physx@@@shdfnd@physx@@IEAAPEAPEAUQuickHullVertex@local@@I@Z 000000018003cecc     QuickHullConvexHullLib.obj
 0004:00001ed8       $pdata$1$?allocate@?$Array@PEAUQuickHullVertex@local@@V?$ReflectionAllocator@PEAUQuickHullVertex@local@@@shdfnd@physx@@@shdfnd@physx@@IEAAPEAPEAUQuickHullVertex@local@@I@Z 000000018003ced8     QuickHullConvexHullLib.obj
 0004:00001ee4       $pdata$3$?allocate@?$Array@PEAUQuickHullVertex@local@@V?$ReflectionAllocator@PEAUQuickHullVertex@local@@@shdfnd@physx@@@shdfnd@physx@@IEAAPEAPEAUQuickHullVertex@local@@I@Z 000000018003cee4     QuickHullConvexHullLib.obj
 0004:00001ef0       $pdata$4$?allocate@?$Array@PEAUQuickHullVertex@local@@V?$ReflectionAllocator@PEAUQuickHullVertex@local@@@shdfnd@physx@@@shdfnd@physx@@IEAAPEAPEAUQuickHullVertex@local@@I@Z 000000018003cef0     QuickHullConvexHullLib.obj
 0004:00001efc       $pdata$?allocate@?$Array@UExpandPoint@local@@V?$ReflectionAllocator@UExpandPoint@local@@@shdfnd@physx@@@shdfnd@physx@@IEAAPEAUExpandPoint@local@@I@Z 000000018003cefc     QuickHullConvexHullLib.obj
 0004:00001f08       $pdata$1$?allocate@?$Array@UExpandPoint@local@@V?$ReflectionAllocator@UExpandPoint@local@@@shdfnd@physx@@@shdfnd@physx@@IEAAPEAUExpandPoint@local@@I@Z 000000018003cf08     QuickHullConvexHullLib.obj
 0004:00001f14       $pdata$3$?allocate@?$Array@UExpandPoint@local@@V?$ReflectionAllocator@UExpandPoint@local@@@shdfnd@physx@@@shdfnd@physx@@IEAAPEAUExpandPoint@local@@I@Z 000000018003cf14     QuickHullConvexHullLib.obj
 0004:00001f20       $pdata$4$?allocate@?$Array@UExpandPoint@local@@V?$ReflectionAllocator@UExpandPoint@local@@@shdfnd@physx@@@shdfnd@physx@@IEAAPEAUExpandPoint@local@@I@Z 000000018003cf20     QuickHullConvexHullLib.obj
 0004:00001f2c       $pdata$?getFreeItem@?$MemBlock@UQuickHullFace@local@@$00@local@@QEAAPEAUQuickHullFace@2@XZ 000000018003cf2c     QuickHullConvexHullLib.obj
 0004:00001f38       $pdata$?getFreeItem@?$MemBlock@UQuickHullHalfEdge@local@@$0A@@local@@QEAAPEAUQuickHullHalfEdge@2@XZ 000000018003cf38     QuickHullConvexHullLib.obj
 0004:00001f44       $pdata$?growAndPushBack@?$Array@PEAUQuickHullFace@local@@V?$ReflectionAllocator@PEAUQuickHullFace@local@@@shdfnd@physx@@@shdfnd@physx@@IEAAAEAPEAUQuickHullFace@local@@AEBQEAU45@@Z 000000018003cf44     QuickHullConvexHullLib.obj
 0004:00001f50       $pdata$?growAndPushBack@?$Array@PEAUQuickHullHalfEdge@local@@V?$ReflectionAllocator@PEAUQuickHullHalfEdge@local@@@shdfnd@physx@@@shdfnd@physx@@IEAAAEAPEAUQuickHullHalfEdge@local@@AEBQEAU45@@Z 000000018003cf50     QuickHullConvexHullLib.obj
 0004:00001f5c       $pdata$?growAndPushBack@?$Array@PEAUQuickHullVertex@local@@V?$ReflectionAllocator@PEAUQuickHullVertex@local@@@shdfnd@physx@@@shdfnd@physx@@IEAAAEAPEAUQuickHullVertex@local@@AEBQEAU45@@Z 000000018003cf5c     QuickHullConvexHullLib.obj
 0004:00001f68       $pdata$?growAndPushBack@?$Array@UExpandPoint@local@@V?$ReflectionAllocator@UExpandPoint@local@@@shdfnd@physx@@@shdfnd@physx@@IEAAAEAUExpandPoint@local@@AEBU45@@Z 000000018003cf68     QuickHullConvexHullLib.obj
 0004:00001f74       $pdata$?init@?$MemBlock@UQuickHullFace@local@@$00@local@@QEAAXI@Z 000000018003cf74     QuickHullConvexHullLib.obj
 0004:00001f80       $pdata$?init@?$MemBlock@UQuickHullHalfEdge@local@@$0A@@local@@QEAAXI@Z 000000018003cf80     QuickHullConvexHullLib.obj
 0004:00001f8c       $pdata$?recreate@?$Array@PEAUQuickHullFace@local@@V?$ReflectionAllocator@PEAUQuickHullFace@local@@@shdfnd@physx@@@shdfnd@physx@@IEAAXI@Z 000000018003cf8c     QuickHullConvexHullLib.obj
 0004:00001f98       $pdata$0$?recreate@?$Array@PEAUQuickHullFace@local@@V?$ReflectionAllocator@PEAUQuickHullFace@local@@@shdfnd@physx@@@shdfnd@physx@@IEAAXI@Z 000000018003cf98     QuickHullConvexHullLib.obj
 0004:00001fa4       $pdata$1$?recreate@?$Array@PEAUQuickHullFace@local@@V?$ReflectionAllocator@PEAUQuickHullFace@local@@@shdfnd@physx@@@shdfnd@physx@@IEAAXI@Z 000000018003cfa4     QuickHullConvexHullLib.obj
 0004:00001fb0       $pdata$?recreate@?$Array@PEAUQuickHullHalfEdge@local@@V?$ReflectionAllocator@PEAUQuickHullHalfEdge@local@@@shdfnd@physx@@@shdfnd@physx@@IEAAXI@Z 000000018003cfb0     QuickHullConvexHullLib.obj
 0004:00001fbc       $pdata$0$?recreate@?$Array@PEAUQuickHullHalfEdge@local@@V?$ReflectionAllocator@PEAUQuickHullHalfEdge@local@@@shdfnd@physx@@@shdfnd@physx@@IEAAXI@Z 000000018003cfbc     QuickHullConvexHullLib.obj
 0004:00001fc8       $pdata$1$?recreate@?$Array@PEAUQuickHullHalfEdge@local@@V?$ReflectionAllocator@PEAUQuickHullHalfEdge@local@@@shdfnd@physx@@@shdfnd@physx@@IEAAXI@Z 000000018003cfc8     QuickHullConvexHullLib.obj
 0004:00001fd4       $pdata$?recreate@?$Array@PEAUQuickHullVertex@local@@V?$ReflectionAllocator@PEAUQuickHullVertex@local@@@shdfnd@physx@@@shdfnd@physx@@IEAAXI@Z 000000018003cfd4     QuickHullConvexHullLib.obj
 0004:00001fe0       $pdata$0$?recreate@?$Array@PEAUQuickHullVertex@local@@V?$ReflectionAllocator@PEAUQuickHullVertex@local@@@shdfnd@physx@@@shdfnd@physx@@IEAAXI@Z 000000018003cfe0     QuickHullConvexHullLib.obj
 0004:00001fec       $pdata$1$?recreate@?$Array@PEAUQuickHullVertex@local@@V?$ReflectionAllocator@PEAUQuickHullVertex@local@@@shdfnd@physx@@@shdfnd@physx@@IEAAXI@Z 000000018003cfec     QuickHullConvexHullLib.obj
 0004:00001ff8       $pdata$?recreate@?$Array@UExpandPoint@local@@V?$ReflectionAllocator@UExpandPoint@local@@@shdfnd@physx@@@shdfnd@physx@@IEAAXI@Z 000000018003cff8     QuickHullConvexHullLib.obj
 0004:00002004       $pdata$0$?recreate@?$Array@UExpandPoint@local@@V?$ReflectionAllocator@UExpandPoint@local@@@shdfnd@physx@@@shdfnd@physx@@IEAAXI@Z 000000018003d004     QuickHullConvexHullLib.obj
 0004:00002010       $pdata$1$?recreate@?$Array@UExpandPoint@local@@V?$ReflectionAllocator@UExpandPoint@local@@@shdfnd@physx@@@shdfnd@physx@@IEAAXI@Z 000000018003d010     QuickHullConvexHullLib.obj
 0004:0000201c       $pdata$?computeVolumeIntegrals@physx@@YA_NAEBVPxSimpleTriangleMesh@1@MAEAUPxIntegrals@1@@Z 000000018003d01c     VolumeIntegration.obj
 0004:00002028       $pdata$?computeVolumeIntegralsEberly@physx@@YA_NAEBVPxConvexMeshDesc@1@MAEAUPxIntegrals@1@AEBVPxVec3@1@@Z 000000018003d028     VolumeIntegration.obj
 0004:00002034       $pdata$?computeVolumeIntegralsEberlySIMD@physx@@YA_NAEBVPxConvexMeshDesc@1@MAEAUPxIntegrals@1@AEBVPxVec3@1@@Z 000000018003d034     VolumeIntegration.obj
 0004:00002040       $pdata$?computeFaceIntegrals@VolumeIntegrator@?A0xef1e8b72@physx@@AEAAXAEBUFace@123@@Z 000000018003d040     VolumeIntegration.obj
 0004:0000204c       $pdata$?computeProjectionIntegrals@VolumeIntegrator@?A0xef1e8b72@physx@@AEAAXAEBUFace@123@@Z 000000018003d04c     VolumeIntegration.obj
 0004:00002058       $pdata$?computeVolumeIntegrals@VolumeIntegrator@?A0xef1e8b72@physx@@QEAA_NAEAUPxIntegrals@3@@Z 000000018003d058     VolumeIntegration.obj
 0004:00002064       $pdata$?computeVolumeIntegrals@VolumeIntegratorEberly@?A0xef1e8b72@physx@@QEAA_NAEAUPxIntegrals@3@AEBVPxVec3@3@@Z 000000018003d064     VolumeIntegration.obj
 0004:00002070       $pdata$0$?computeVolumeIntegrals@VolumeIntegratorEberly@?A0xef1e8b72@physx@@QEAA_NAEAUPxIntegrals@3@AEBVPxVec3@3@@Z 000000018003d070     VolumeIntegration.obj
 0004:0000207c       $pdata$3$?computeVolumeIntegrals@VolumeIntegratorEberly@?A0xef1e8b72@physx@@QEAA_NAEAUPxIntegrals@3@AEBVPxVec3@3@@Z 000000018003d07c     VolumeIntegration.obj
 0004:00002088       $pdata$4$?computeVolumeIntegrals@VolumeIntegratorEberly@?A0xef1e8b72@physx@@QEAA_NAEAUPxIntegrals@3@AEBVPxVec3@3@@Z 000000018003d088     VolumeIntegration.obj
 0004:00002094       $pdata$5$?computeVolumeIntegrals@VolumeIntegratorEberly@?A0xef1e8b72@physx@@QEAA_NAEAUPxIntegrals@3@AEBVPxVec3@3@@Z 000000018003d094     VolumeIntegration.obj
 0004:000020a0       $pdata$?computeVolumeIntegralsSIMD@VolumeIntegratorEberly@?A0xef1e8b72@physx@@QEAA_NAEAUPxIntegrals@3@AEBVPxVec3@3@@Z 000000018003d0a0     VolumeIntegration.obj
 0004:000020ac       $pdata$1$?computeVolumeIntegralsSIMD@VolumeIntegratorEberly@?A0xef1e8b72@physx@@QEAA_NAEAUPxIntegrals@3@AEBVPxVec3@3@@Z 000000018003d0ac     VolumeIntegration.obj
 0004:000020b8       $pdata$2$?computeVolumeIntegralsSIMD@VolumeIntegratorEberly@?A0xef1e8b72@physx@@QEAA_NAEAUPxIntegrals@3@AEBVPxVec3@3@@Z 000000018003d0b8     VolumeIntegration.obj
 0004:000020c4       $pdata$?cookingDelayHook@@YAP6A_JXZIPEAUDelayLoadInfo@@@Z 000000018003d0c4     WindowsCookingDelayLoadHook.obj
 0004:000020d0       $pdata$1$?cookingDelayHook@@YAP6A_JXZIPEAUDelayLoadInfo@@@Z 000000018003d0d0     WindowsCookingDelayLoadHook.obj
 0004:000020dc       $pdata$3$?cookingDelayHook@@YAP6A_JXZIPEAUDelayLoadInfo@@@Z 000000018003d0dc     WindowsCookingDelayLoadHook.obj
 0004:000020e8       $pdata$5$?cookingDelayHook@@YAP6A_JXZIPEAUDelayLoadInfo@@@Z 000000018003d0e8     WindowsCookingDelayLoadHook.obj
 0004:000020f4       $pdata$6$?cookingDelayHook@@YAP6A_JXZIPEAUDelayLoadInfo@@@Z 000000018003d0f4     WindowsCookingDelayLoadHook.obj
 0004:00002118       $pdata$?DloadAcquireSectionWriteAccess@@YAXXZ 000000018003d118     Delayimp:delayhlp.obj
 0004:00002124       $pdata$?DloadGetSRWLockFunctionPointers@@YAEXZ 000000018003d124     Delayimp:delayhlp.obj
 0004:00002130       $pdata$?DloadLock@@YAXXZ   000000018003d130     Delayimp:delayhlp.obj
 0004:0000213c       $pdata$?DloadMakePermanentImageCommit@@YAXPEAX_K@Z 000000018003d13c     Delayimp:delayhlp.obj
 0004:00002148       $pdata$?DloadObtainSection@@YAPEAXPEAK0@Z 000000018003d148     Delayimp:delayhlp.obj
 0004:00002154       $pdata$?DloadProtectSection@@YAXKPEAK@Z 000000018003d154     Delayimp:delayhlp.obj
 0004:00002160       $pdata$?DloadReleaseSectionWriteAccess@@YAXXZ 000000018003d160     Delayimp:delayhlp.obj
 0004:0000216c       $pdata$?DloadUnlock@@YAXXZ 000000018003d16c     Delayimp:delayhlp.obj
 0004:00002178       $pdata$?PiddFromDllName@@YAPEBUImgDelayDescr@@PEBD@Z 000000018003d178     Delayimp:delayhlp.obj
 0004:00002184       $pdata$__FUnloadDelayLoadedDLL2 000000018003d184     Delayimp:delayhlp.obj
 0004:00002190       $pdata$__HrLoadAllImportsForDll 000000018003d190     Delayimp:delayhlp.obj
 0004:0000219c       $pdata$__delayLoadHelper2  000000018003d19c     Delayimp:delayhlp.obj
 0004:000021a8       $pdata$??_Gtype_info@@UEAAPEAXI@Z 000000018003d1a8     MSVCRT:std_type_info_static.obj
 0004:000021c0       $pdata$?dllmain_crt_dispatch@@YAHQEAUHINSTANCE__@@KQEAX@Z 000000018003d1c0     MSVCRT:dll_dllmain.obj
 0004:000021cc       $pdata$?dllmain_crt_process_attach@@YAHQEAUHINSTANCE__@@QEAX@Z 000000018003d1cc     MSVCRT:dll_dllmain.obj
 0004:000021d8       $pdata$?dllmain_crt_process_detach@@YAH_N@Z 000000018003d1d8     MSVCRT:dll_dllmain.obj
 0004:000021e4       $pdata$?dllmain_dispatch@@YAHQEAUHINSTANCE__@@KQEAX@Z 000000018003d1e4     MSVCRT:dll_dllmain.obj
 0004:000021f0       $pdata$_DllMainCRTStartup  000000018003d1f0     MSVCRT:dll_dllmain.obj
 0004:000021fc       $pdata$__isa_available_init 000000018003d1fc     MSVCRT:cpu_disp.obj
 0004:00002220       $pdata$__get_entropy       000000018003d220     MSVCRT:gs_support.obj
 0004:0000222c       $pdata$__security_init_cookie 000000018003d22c     MSVCRT:gs_support.obj
 0004:00002238       $pdata$DllMain             000000018003d238     MSVCRT:dll_dllmain_stub.obj
 0004:00002244       $pdata$__scrt_initialize_default_local_stdio_options 000000018003d244     MSVCRT:default_local_stdio_options.obj
 0004:00002250       $pdata$?configure_argv@__scrt_narrow_argv_policy@@SAHXZ 000000018003d250     MSVCRT:utility.obj
 0004:0000225c       $pdata$__scrt_acquire_startup_lock 000000018003d25c     MSVCRT:utility.obj
 0004:00002268       $pdata$__scrt_dllmain_after_initialize_c 000000018003d268     MSVCRT:utility.obj
 0004:00002274       $pdata$__scrt_dllmain_before_initialize_c 000000018003d274     MSVCRT:utility.obj
 0004:00002280       $pdata$__scrt_dllmain_crt_thread_attach 000000018003d280     MSVCRT:utility.obj
 0004:0000228c       $pdata$__scrt_dllmain_crt_thread_detach 000000018003d28c     MSVCRT:utility.obj
 0004:00002298       $pdata$__scrt_dllmain_exception_filter 000000018003d298     MSVCRT:utility.obj
 0004:000022a4       $pdata$__scrt_dllmain_uninitialize_c 000000018003d2a4     MSVCRT:utility.obj
 0004:000022b0       $pdata$__scrt_dllmain_uninitialize_critical 000000018003d2b0     MSVCRT:utility.obj
 0004:000022bc       $pdata$__scrt_initialize_crt 000000018003d2bc     MSVCRT:utility.obj
 0004:000022c8       $pdata$__scrt_initialize_onexit_tables 000000018003d2c8     MSVCRT:utility.obj
 0004:000022d4       $pdata$__scrt_is_nonwritable_in_current_image 000000018003d2d4     MSVCRT:utility.obj
 0004:000022e0       $pdata$__scrt_release_startup_lock 000000018003d2e0     MSVCRT:utility.obj
 0004:000022ec       $pdata$__scrt_uninitialize_crt 000000018003d2ec     MSVCRT:utility.obj
 0004:000022f8       $pdata$_onexit             000000018003d2f8     MSVCRT:utility.obj
 0004:00002304       $pdata$atexit              000000018003d304     MSVCRT:utility.obj
 0004:00002310       $pdata$__scrt_fastfail     000000018003d310     MSVCRT:utility_desktop.obj
 0004:0000231c       $pdata$__scrt_get_show_window_mode 000000018003d31c     MSVCRT:utility_desktop.obj
 0004:00002328       $pdata$__scrt_is_managed_app 000000018003d328     MSVCRT:utility_desktop.obj
 0004:00002334       $pdata$__scrt_unhandled_exception_filter 000000018003d334     MSVCRT:utility_desktop.obj
 0004:00002340       $pdata$_RTC_Initialize     000000018003d340     MSVCRT:initsect.obj
 0004:0000234c       $pdata$_RTC_Terminate      000000018003d34c     MSVCRT:initsect.obj
 0004:00002370       $pdata$?fin$0@?0??dllmain_crt_process_attach@@YAHQEAUHINSTANCE__@@QEAX@Z@4HA 000000018003d370     MSVCRT:dll_dllmain.obj
 0004:0000237c       $pdata$?fin$0@?0??dllmain_crt_process_detach@@YAH_N@Z@4HA 000000018003d37c     MSVCRT:dll_dllmain.obj
 0004:00002388       $pdata$?fin$1@?0??dllmain_crt_process_detach@@YAH_N@Z@4HA 000000018003d388     MSVCRT:dll_dllmain.obj
 0004:00002394       $pdata$?filt$0@?0??dllmain_dispatch@@YAHQEAUHINSTANCE__@@KQEAX@Z@4HA 000000018003d394     MSVCRT:dll_dllmain.obj
 0004:000023a0       $pdata$__scrt_is_nonwritable_in_current_image$filt$0 000000018003d3a0     MSVCRT:utility.obj
 0005:00000000       _2il0floatpacket$19        000000018003e000     MSVCRT:svml_ssinf4_sse2.obj
 0005:00002200       _vmlsSinHATab              0000000180040200     MSVCRT:svml_s_sin_cout.obj
 0006:000000a0       $R000000                   00000001800410a0     PhysXCooking.res
 0006:000003d0       $R000330                   00000001800413d0     PhysXCooking.res
